Java HotSpot(TM) 64-Bit Server VM (25.77-b03) for windows-amd64 JRE (1.8.0_77-b03), built on Mar 20 2016 22:01:33 by "java_re" with MS VC++ 10.0 (VS2010)
Memory: 4k page, physical 16725344k(6520296k free), swap 25638240k(5356292k free)
CommandLine flags: -XX:InitialHeapSize=536870912 -XX:MaxHeapSize=536870912 -XX:MaxNewSize=178958336 -XX:MaxTenuringThreshold=6 -XX:NewSize=178958336 -XX:OldPLABSize=16 -XX:OldSize=357912576 -XX:+PrintGC -XX:+PrintGCDateStamps -XX:+PrintGCDetails -XX:+PrintGCTimeStamps -XX:+UseCompressedClassPointers -XX:+UseCompressedOops -XX:+UseConcMarkSweepGC -XX:-UseLargePagesIndividualAllocation -XX:+UseParNewGC 
2022-01-06T20:40:59.136+0800: 0.176: [GC (Allocation Failure) 2022-01-06T20:40:59.137+0800: 0.176: [ParNew: 139776K->17468K(157248K), 0.0103154 secs] 139776K->46029K(506816K), 0.0105333 secs] [Times: user=0.02 sys=0.14, real=0.01 secs] 
2022-01-06T20:40:59.177+0800: 0.218: [GC (Allocation Failure) 2022-01-06T20:40:59.177+0800: 0.218: [ParNew: 157244K->17472K(157248K), 0.0125137 secs] 185805K->85057K(506816K), 0.0125888 secs] [Times: user=0.05 sys=0.11, real=0.01 secs] 
2022-01-06T20:40:59.212+0800: 0.253: [GC (Allocation Failure) 2022-01-06T20:40:59.212+0800: 0.253: [ParNew: 157248K->17472K(157248K), 0.0268543 secs] 224833K->130775K(506816K), 0.0269246 secs] [Times: user=0.30 sys=0.01, real=0.03 secs] 
2022-01-06T20:40:59.261+0800: 0.302: [GC (Allocation Failure) 2022-01-06T20:40:59.261+0800: 0.302: [ParNew: 157248K->17470K(157248K), 0.0265831 secs] 270551K->175733K(506816K), 0.0266542 secs] [Times: user=0.28 sys=0.03, real=0.03 secs] 
2022-01-06T20:40:59.313+0800: 0.352: [GC (Allocation Failure) 2022-01-06T20:40:59.313+0800: 0.352: [ParNew: 157246K->17471K(157248K), 0.0268780 secs] 315509K->221722K(506816K), 0.0269427 secs] [Times: user=0.14 sys=0.02, real=0.03 secs] 
2022-01-06T20:40:59.340+0800: 0.379: [GC (CMS Initial Mark) [1 CMS-initial-mark: 204251K(349568K)] 222056K(506816K), 0.0002282 secs] [Times: user=0.00 sys=0.00, real=0.00 secs] 
2022-01-06T20:40:59.340+0800: 0.380: [CMS-concurrent-mark-start]
2022-01-06T20:40:59.342+0800: 0.381: [CMS-concurrent-mark: 0.002/0.002 secs] [Times: user=0.00 sys=0.00, real=0.00 secs] 
2022-01-06T20:40:59.342+0800: 0.381: [CMS-concurrent-preclean-start]
2022-01-06T20:40:59.342+0800: 0.382: [CMS-concurrent-preclean: 0.000/0.000 secs] [Times: user=0.00 sys=0.00, real=0.00 secs] 
2022-01-06T20:40:59.342+0800: 0.382: [CMS-concurrent-abortable-preclean-start]
2022-01-06T20:40:59.361+0800: 0.402: [GC (Allocation Failure) 2022-01-06T20:40:59.361+0800: 0.402: [ParNew: 157247K->17471K(157248K), 0.0273829 secs] 361498K->268104K(506816K), 0.0274483 secs] [Times: user=0.14 sys=0.02, real=0.03 secs] 
2022-01-06T20:40:59.412+0800: 0.452: [GC (Allocation Failure) 2022-01-06T20:40:59.412+0800: 0.452: [ParNew: 157247K->17471K(157248K), 0.0281327 secs] 407880K->316665K(506816K), 0.0281922 secs] [Times: user=0.28 sys=0.02, real=0.03 secs] 
2022-01-06T20:40:59.462+0800: 0.501: [GC (Allocation Failure) 2022-01-06T20:40:59.462+0800: 0.502: [ParNew: 157247K->157247K(157248K), 0.0000232 secs]2022-01-06T20:40:59.462+0800: 0.502: [CMS2022-01-06T20:40:59.462+0800: 0.502: [CMS-concurrent-abortable-preclean: 0.002/0.120 secs] [Times: user=0.52 sys=0.03, real=0.12 secs] 
 (concurrent mode failure): 299193K->247109K(349568K), 0.0391191 secs] 456441K->247109K(506816K), [Metaspace: 2706K->2706K(1056768K)], 0.0392415 secs] [Times: user=0.05 sys=0.00, real=0.04 secs] 
2022-01-06T20:40:59.525+0800: 0.565: [GC (Allocation Failure) 2022-01-06T20:40:59.525+0800: 0.565: [ParNew: 139776K->17471K(157248K), 0.0078722 secs] 386885K->293892K(506816K), 0.0079495 secs] [Times: user=0.16 sys=0.00, real=0.01 secs] 
2022-01-06T20:40:59.533+0800: 0.573: [GC (CMS Initial Mark) [1 CMS-initial-mark: 276420K(349568K)] 294337K(506816K), 0.0001657 secs] [Times: user=0.00 sys=0.00, real=0.00 secs] 
2022-01-06T20:40:59.534+0800: 0.573: [CMS-concurrent-mark-start]
2022-01-06T20:40:59.535+0800: 0.574: [CMS-concurrent-mark: 0.001/0.001 secs] [Times: user=0.00 sys=0.00, real=0.00 secs] 
2022-01-06T20:40:59.535+0800: 0.574: [CMS-concurrent-preclean-start]
2022-01-06T20:40:59.535+0800: 0.574: [CMS-concurrent-preclean: 0.000/0.000 secs] [Times: user=0.00 sys=0.00, real=0.00 secs] 
2022-01-06T20:40:59.535+0800: 0.574: [CMS-concurrent-abortable-preclean-start]
2022-01-06T20:40:59.556+0800: 0.596: [GC (Allocation Failure) 2022-01-06T20:40:59.556+0800: 0.596: [ParNew: 157247K->17470K(157248K), 0.0153498 secs] 433668K->332825K(506816K), 0.0154339 secs] [Times: user=0.16 sys=0.00, real=0.02 secs] 
2022-01-06T20:40:59.596+0800: 0.636: [GC (Allocation Failure) 2022-01-06T20:40:59.596+0800: 0.636: [ParNew: 157246K->157246K(157248K), 0.0000195 secs]2022-01-06T20:40:59.596+0800: 0.636: [CMS2022-01-06T20:40:59.596+0800: 0.636: [CMS-concurrent-abortable-preclean: 0.001/0.062 secs] [Times: user=0.20 sys=0.00, real=0.06 secs] 
 (concurrent mode failure): 315354K->286300K(349568K), 0.0458300 secs] 472601K->286300K(506816K), [Metaspace: 2706K->2706K(1056768K)], 0.0459425 secs] [Times: user=0.05 sys=0.00, real=0.05 secs] 
2022-01-06T20:40:59.663+0800: 0.703: [GC (Allocation Failure) 2022-01-06T20:40:59.664+0800: 0.703: [ParNew: 139776K->17470K(157248K), 0.0095376 secs] 426076K->333836K(506816K), 0.0096097 secs] [Times: user=0.16 sys=0.00, real=0.01 secs] 
2022-01-06T20:40:59.674+0800: 0.713: [GC (CMS Initial Mark) [1 CMS-initial-mark: 316365K(349568K)] 334043K(506816K), 0.0001394 secs] [Times: user=0.00 sys=0.00, real=0.00 secs] 
2022-01-06T20:40:59.674+0800: 0.713: [CMS-concurrent-mark-start]
2022-01-06T20:40:59.674+0800: 0.714: [CMS-concurrent-mark: 0.001/0.001 secs] [Times: user=0.00 sys=0.00, real=0.00 secs] 
2022-01-06T20:40:59.674+0800: 0.714: [CMS-concurrent-preclean-start]
2022-01-06T20:40:59.675+0800: 0.714: [CMS-concurrent-preclean: 0.000/0.000 secs] [Times: user=0.00 sys=0.00, real=0.00 secs] 
2022-01-06T20:40:59.675+0800: 0.715: [CMS-concurrent-abortable-preclean-start]
2022-01-06T20:40:59.697+0800: 0.736: [GC (Allocation Failure) 2022-01-06T20:40:59.697+0800: 0.736: [ParNew: 157246K->157246K(157248K), 0.0000189 secs]2022-01-06T20:40:59.697+0800: 0.736: [CMS2022-01-06T20:40:59.697+0800: 0.736: [CMS-concurrent-abortable-preclean: 0.000/0.022 secs] [Times: user=0.02 sys=0.00, real=0.02 secs] 
 (concurrent mode failure): 316365K->306783K(349568K), 0.0451874 secs] 473612K->306783K(506816K), [Metaspace: 2706K->2706K(1056768K)], 0.0452890 secs] [Times: user=0.05 sys=0.00, real=0.05 secs] 
2022-01-06T20:40:59.764+0800: 0.804: [GC (Allocation Failure) 2022-01-06T20:40:59.764+0800: 0.804: [ParNew: 139776K->17471K(157248K), 0.0138303 secs] 446559K->349567K(506816K), 0.0139036 secs] [Times: user=0.16 sys=0.00, real=0.02 secs] 
2022-01-06T20:40:59.779+0800: 0.818: [GC (CMS Initial Mark) [1 CMS-initial-mark: 332095K(349568K)] 349757K(506816K), 0.0001213 secs] [Times: user=0.00 sys=0.00, real=0.00 secs] 
2022-01-06T20:40:59.779+0800: 0.818: [CMS-concurrent-mark-start]
2022-01-06T20:40:59.780+0800: 0.819: [CMS-concurrent-mark: 0.001/0.001 secs] [Times: user=0.00 sys=0.00, real=0.00 secs] 
2022-01-06T20:40:59.780+0800: 0.819: [CMS-concurrent-preclean-start]
2022-01-06T20:40:59.780+0800: 0.820: [CMS-concurrent-preclean: 0.000/0.000 secs] [Times: user=0.00 sys=0.00, real=0.00 secs] 
2022-01-06T20:40:59.780+0800: 0.820: [CMS-concurrent-abortable-preclean-start]
2022-01-06T20:40:59.780+0800: 0.820: [CMS-concurrent-abortable-preclean: 0.000/0.000 secs] [Times: user=0.00 sys=0.00, real=0.00 secs] 
2022-01-06T20:40:59.780+0800: 0.820: [GC (CMS Final Remark) [YG occupancy: 26973 K (157248 K)]2022-01-06T20:40:59.780+0800: 0.820: [Rescan (parallel) , 0.0002030 secs]2022-01-06T20:40:59.781+0800: 0.820: [weak refs processing, 0.0000112 secs]2022-01-06T20:40:59.781+0800: 0.820: [class unloading, 0.0001997 secs]2022-01-06T20:40:59.781+0800: 0.820: [scrub symbol table, 0.0003838 secs]2022-01-06T20:40:59.781+0800: 0.821: [scrub string table, 0.0000979 secs][1 CMS-remark: 332095K(349568K)] 359069K(506816K), 0.0009637 secs] [Times: user=0.16 sys=0.00, real=0.00 secs] 
2022-01-06T20:40:59.781+0800: 0.821: [CMS-concurrent-sweep-start]
2022-01-06T20:40:59.782+0800: 0.822: [CMS-concurrent-sweep: 0.001/0.001 secs] [Times: user=0.00 sys=0.00, real=0.00 secs] 
2022-01-06T20:40:59.782+0800: 0.822: [CMS-concurrent-reset-start]
2022-01-06T20:40:59.783+0800: 0.822: [CMS-concurrent-reset: 0.000/0.000 secs] [Times: user=0.00 sys=0.00, real=0.00 secs] 
2022-01-06T20:40:59.804+0800: 0.843: [GC (Allocation Failure) 2022-01-06T20:40:59.804+0800: 0.843: [ParNew: 157247K->17469K(157248K), 0.0196669 secs] 456014K->365167K(506816K), 0.0197419 secs] [Times: user=0.16 sys=0.00, real=0.02 secs] 
2022-01-06T20:40:59.824+0800: 0.863: [GC (CMS Initial Mark) [1 CMS-initial-mark: 347697K(349568K)] 365455K(506816K), 0.0001390 secs] [Times: user=0.00 sys=0.00, real=0.00 secs] 
2022-01-06T20:40:59.824+0800: 0.864: [CMS-concurrent-mark-start]
2022-01-06T20:40:59.825+0800: 0.864: [CMS-concurrent-mark: 0.001/0.001 secs] [Times: user=0.00 sys=0.00, real=0.00 secs] 
2022-01-06T20:40:59.825+0800: 0.865: [CMS-concurrent-preclean-start]
2022-01-06T20:40:59.825+0800: 0.865: [CMS-concurrent-preclean: 0.000/0.000 secs] [Times: user=0.00 sys=0.00, real=0.00 secs] 
2022-01-06T20:40:59.825+0800: 0.865: [CMS-concurrent-abortable-preclean-start]
2022-01-06T20:40:59.825+0800: 0.865: [CMS-concurrent-abortable-preclean: 0.000/0.000 secs] [Times: user=0.00 sys=0.00, real=0.00 secs] 
2022-01-06T20:40:59.825+0800: 0.865: [GC (CMS Final Remark) [YG occupancy: 27374 K (157248 K)]2022-01-06T20:40:59.825+0800: 0.865: [Rescan (parallel) , 0.0002453 secs]2022-01-06T20:40:59.826+0800: 0.865: [weak refs processing, 0.0000115 secs]2022-01-06T20:40:59.826+0800: 0.865: [class unloading, 0.0002050 secs]2022-01-06T20:40:59.826+0800: 0.866: [scrub symbol table, 0.0003998 secs]2022-01-06T20:40:59.826+0800: 0.866: [scrub string table, 0.0000971 secs][1 CMS-remark: 347697K(349568K)] 375071K(506816K), 0.0010252 secs] [Times: user=0.00 sys=0.00, real=0.00 secs] 
2022-01-06T20:40:59.826+0800: 0.866: [CMS-concurrent-sweep-start]
2022-01-06T20:40:59.827+0800: 0.867: [CMS-concurrent-sweep: 0.001/0.001 secs] [Times: user=0.00 sys=0.00, real=0.00 secs] 
2022-01-06T20:40:59.827+0800: 0.867: [CMS-concurrent-reset-start]
2022-01-06T20:40:59.828+0800: 0.867: [CMS-concurrent-reset: 0.000/0.000 secs] [Times: user=0.03 sys=0.00, real=0.00 secs] 
2022-01-06T20:40:59.848+0800: 0.888: [GC (Allocation Failure) 2022-01-06T20:40:59.848+0800: 0.888: [ParNew: 156956K->156956K(157248K), 0.0000184 secs]2022-01-06T20:40:59.848+0800: 0.888: [CMS: 307061K->332369K(349568K), 0.0502602 secs] 464018K->332369K(506816K), [Metaspace: 2706K->2706K(1056768K)], 0.0503658 secs] [Times: user=0.05 sys=0.00, real=0.05 secs] 
2022-01-06T20:40:59.899+0800: 0.938: [GC (CMS Initial Mark) [1 CMS-initial-mark: 332369K(349568K)] 332827K(506816K), 0.0001365 secs] [Times: user=0.00 sys=0.00, real=0.00 secs] 
2022-01-06T20:40:59.899+0800: 0.938: [CMS-concurrent-mark-start]
2022-01-06T20:40:59.900+0800: 0.939: [CMS-concurrent-mark: 0.001/0.001 secs] [Times: user=0.00 sys=0.00, real=0.00 secs] 
2022-01-06T20:40:59.900+0800: 0.939: [CMS-concurrent-preclean-start]
2022-01-06T20:40:59.900+0800: 0.940: [CMS-concurrent-preclean: 0.000/0.000 secs] [Times: user=0.00 sys=0.00, real=0.00 secs] 
2022-01-06T20:40:59.900+0800: 0.940: [CMS-concurrent-abortable-preclean-start]
2022-01-06T20:40:59.921+0800: 0.961: [GC (Allocation Failure) 2022-01-06T20:40:59.921+0800: 0.961: [ParNew: 139776K->139776K(157248K), 0.0000177 secs]2022-01-06T20:40:59.921+0800: 0.961: [CMS2022-01-06T20:40:59.921+0800: 0.961: [CMS-concurrent-abortable-preclean: 0.000/0.021 secs] [Times: user=0.02 sys=0.00, real=0.02 secs] 
 (concurrent mode failure): 332369K->343689K(349568K), 0.0515213 secs] 472145K->343689K(506816K), [Metaspace: 2706K->2706K(1056768K)], 0.0516245 secs] [Times: user=0.06 sys=0.00, real=0.05 secs] 
2022-01-06T20:40:59.995+0800: 1.035: [GC (Allocation Failure) 2022-01-06T20:40:59.995+0800: 1.035: [ParNew: 139776K->139776K(157248K), 0.0000192 secs]2022-01-06T20:40:59.995+0800: 1.035: [CMS: 343689K->349489K(349568K), 0.0524984 secs] 483465K->350655K(506816K), [Metaspace: 2706K->2706K(1056768K)], 0.0526153 secs] [Times: user=0.06 sys=0.00, real=0.05 secs] 
2022-01-06T20:41:00.047+0800: 1.088: [GC (CMS Initial Mark) [1 CMS-initial-mark: 349489K(349568K)] 351219K(506816K), 0.0001369 secs] [Times: user=0.00 sys=0.00, real=0.00 secs] 
2022-01-06T20:41:00.047+0800: 1.088: [CMS-concurrent-mark-start]
2022-01-06T20:41:00.048+0800: 1.089: [CMS-concurrent-mark: 0.001/0.001 secs] [Times: user=0.00 sys=0.00, real=0.00 secs] 
2022-01-06T20:41:00.048+0800: 1.089: [CMS-concurrent-preclean-start]
Heap
 par new generation   total 157248K, used 7307K [0x00000000e0000000, 0x00000000eaaa0000, 0x00000000eaaa0000)
  eden space 139776K,   5% used [0x00000000e0000000, 0x00000000e0722d80, 0x00000000e8880000)
  from space 17472K,   0% used [0x00000000e8880000, 0x00000000e8880000, 0x00000000e9990000)
  to   space 17472K,   0% used [0x00000000e9990000, 0x00000000e9990000, 0x00000000eaaa0000)
 concurrent mark-sweep generation total 349568K, used 349489K [0x00000000eaaa0000, 0x0000000100000000, 0x0000000100000000)
 Metaspace       used 2712K, capacity 4486K, committed 4864K, reserved 1056768K
  class space    used 295K, capacity 386K, committed 512K, reserved 1048576K
