Java HotSpot(TM) 64-Bit Server VM (25.77-b03) for windows-amd64 JRE (1.8.0_77-b03), built on Mar 20 2016 22:01:33 by "java_re" with MS VC++ 10.0 (VS2010)
Memory: 4k page, physical 16725344k(6489224k free), swap 25638240k(5363832k free)
CommandLine flags: -XX:InitialHeapSize=536870912 -XX:MaxHeapSize=536870912 -XX:MaxNewSize=178958336 -XX:MaxTenuringThreshold=6 -XX:NewSize=178958336 -XX:OldPLABSize=16 -XX:OldSize=357912576 -XX:+PrintGC -XX:+PrintGCDateStamps -XX:+PrintGCDetails -XX:+PrintGCTimeStamps -XX:+UseCompressedClassPointers -XX:+UseCompressedOops -XX:+UseConcMarkSweepGC -XX:-UseLargePagesIndividualAllocation -XX:+UseParNewGC 
2022-01-06T20:41:09.129+0800: 0.173: [GC (Allocation Failure) 2022-01-06T20:41:09.129+0800: 0.173: [ParNew: 139776K->17469K(157248K), 0.0106800 secs] 139776K->48297K(506816K), 0.0108971 secs] [Times: user=0.00 sys=0.00, real=0.01 secs] 
2022-01-06T20:41:09.171+0800: 0.215: [GC (Allocation Failure) 2022-01-06T20:41:09.171+0800: 0.215: [ParNew: 157245K->17472K(157248K), 0.0128923 secs] 188073K->92186K(506816K), 0.0129546 secs] [Times: user=0.06 sys=0.01, real=0.01 secs] 
2022-01-06T20:41:09.205+0800: 0.249: [GC (Allocation Failure) 2022-01-06T20:41:09.205+0800: 0.250: [ParNew: 157154K->17472K(157248K), 0.0244203 secs] 231869K->134633K(506816K), 0.0244719 secs] [Times: user=0.14 sys=0.02, real=0.03 secs] 
2022-01-06T20:41:09.253+0800: 0.297: [GC (Allocation Failure) 2022-01-06T20:41:09.253+0800: 0.297: [ParNew: 157248K->17470K(157248K), 0.0250730 secs] 274409K->177194K(506816K), 0.0251426 secs] [Times: user=0.16 sys=0.00, real=0.03 secs] 
2022-01-06T20:41:09.303+0800: 0.347: [GC (Allocation Failure) 2022-01-06T20:41:09.303+0800: 0.347: [ParNew: 157246K->17472K(157248K), 0.0235138 secs] 316970K->217910K(506816K), 0.0236013 secs] [Times: user=0.14 sys=0.02, real=0.02 secs] 
2022-01-06T20:41:09.326+0800: 0.371: [GC (CMS Initial Mark) [1 CMS-initial-mark: 200438K(349568K)] 218189K(506816K), 0.0001624 secs] [Times: user=0.00 sys=0.00, real=0.00 secs] 
2022-01-06T20:41:09.326+0800: 0.371: [CMS-concurrent-mark-start]
2022-01-06T20:41:09.328+0800: 0.373: [CMS-concurrent-mark: 0.002/0.002 secs] [Times: user=0.02 sys=0.05, real=0.00 secs] 
2022-01-06T20:41:09.328+0800: 0.373: [CMS-concurrent-preclean-start]
2022-01-06T20:41:09.329+0800: 0.373: [CMS-concurrent-preclean: 0.000/0.000 secs] [Times: user=0.00 sys=0.00, real=0.00 secs] 
2022-01-06T20:41:09.329+0800: 0.373: [CMS-concurrent-abortable-preclean-start]
2022-01-06T20:41:09.350+0800: 0.394: [GC (Allocation Failure) 2022-01-06T20:41:09.350+0800: 0.395: [ParNew: 157248K->17471K(157248K), 0.0263434 secs] 357686K->262162K(506816K), 0.0264156 secs] [Times: user=0.28 sys=0.03, real=0.03 secs] 
2022-01-06T20:41:09.402+0800: 0.447: [GC (Allocation Failure) 2022-01-06T20:41:09.402+0800: 0.447: [ParNew: 157247K->17471K(157248K), 0.0269557 secs] 401938K->309316K(506816K), 0.0270362 secs] [Times: user=0.31 sys=0.00, real=0.03 secs] 
2022-01-06T20:41:09.455+0800: 0.500: [GC (Allocation Failure) 2022-01-06T20:41:09.455+0800: 0.500: [ParNew: 157247K->17471K(157248K), 0.0247960 secs] 449092K->351764K(506816K), 0.0248534 secs] [Times: user=0.16 sys=0.00, real=0.03 secs] 
2022-01-06T20:41:09.481+0800: 0.525: [CMS-concurrent-abortable-preclean: 0.002/0.151 secs] [Times: user=0.81 sys=0.03, real=0.15 secs] 
2022-01-06T20:41:09.481+0800: 0.525: [GC (CMS Final Remark) [YG occupancy: 18211 K (157248 K)]2022-01-06T20:41:09.481+0800: 0.525: [Rescan (parallel) , 0.0002267 secs]2022-01-06T20:41:09.481+0800: 0.525: [weak refs processing, 0.0000102 secs]2022-01-06T20:41:09.481+0800: 0.525: [class unloading, 0.0002130 secs]2022-01-06T20:41:09.481+0800: 0.525: [scrub symbol table, 0.0003930 secs]2022-01-06T20:41:09.482+0800: 0.526: [scrub string table, 0.0001005 secs][1 CMS-remark: 334292K(349568K)] 352504K(506816K), 0.0010080 secs] [Times: user=0.00 sys=0.00, real=0.00 secs] 
2022-01-06T20:41:09.482+0800: 0.526: [CMS-concurrent-sweep-start]
2022-01-06T20:41:09.483+0800: 0.526: [CMS-concurrent-sweep: 0.001/0.001 secs] [Times: user=0.00 sys=0.00, real=0.00 secs] 
2022-01-06T20:41:09.483+0800: 0.527: [CMS-concurrent-reset-start]
2022-01-06T20:41:09.484+0800: 0.527: [CMS-concurrent-reset: 0.001/0.001 secs] [Times: user=0.00 sys=0.00, real=0.00 secs] 
2022-01-06T20:41:09.506+0800: 0.551: [GC (Allocation Failure) 2022-01-06T20:41:09.506+0800: 0.551: [ParNew: 157247K->17470K(157248K), 0.0133953 secs] 450093K->356612K(506816K), 0.0134692 secs] [Times: user=0.16 sys=0.00, real=0.01 secs] 
2022-01-06T20:41:09.520+0800: 0.564: [GC (CMS Initial Mark) [1 CMS-initial-mark: 339142K(349568K)] 356803K(506816K), 0.0001171 secs] [Times: user=0.00 sys=0.00, real=0.00 secs] 
2022-01-06T20:41:09.520+0800: 0.564: [CMS-concurrent-mark-start]
2022-01-06T20:41:09.521+0800: 0.565: [CMS-concurrent-mark: 0.001/0.001 secs] [Times: user=0.00 sys=0.00, real=0.00 secs] 
2022-01-06T20:41:09.521+0800: 0.565: [CMS-concurrent-preclean-start]
2022-01-06T20:41:09.521+0800: 0.566: [CMS-concurrent-preclean: 0.000/0.000 secs] [Times: user=0.00 sys=0.00, real=0.00 secs] 
2022-01-06T20:41:09.521+0800: 0.566: [CMS-concurrent-abortable-preclean-start]
2022-01-06T20:41:09.521+0800: 0.566: [CMS-concurrent-abortable-preclean: 0.000/0.000 secs] [Times: user=0.00 sys=0.00, real=0.00 secs] 
2022-01-06T20:41:09.521+0800: 0.566: [GC (CMS Final Remark) [YG occupancy: 24718 K (157248 K)]2022-01-06T20:41:09.521+0800: 0.566: [Rescan (parallel) , 0.0001689 secs]2022-01-06T20:41:09.521+0800: 0.566: [weak refs processing, 0.0000114 secs]2022-01-06T20:41:09.521+0800: 0.566: [class unloading, 0.0001846 secs]2022-01-06T20:41:09.521+0800: 0.566: [scrub symbol table, 0.0004013 secs]2022-01-06T20:41:09.523+0800: 0.566: [scrub string table, 0.0000969 secs][1 CMS-remark: 339142K(349568K)] 363861K(506816K), 0.0009236 secs] [Times: user=0.00 sys=0.00, real=0.00 secs] 
2022-01-06T20:41:09.523+0800: 0.567: [CMS-concurrent-sweep-start]
2022-01-06T20:41:09.524+0800: 0.568: [CMS-concurrent-sweep: 0.001/0.001 secs] [Times: user=0.00 sys=0.00, real=0.00 secs] 
2022-01-06T20:41:09.524+0800: 0.568: [CMS-concurrent-reset-start]
2022-01-06T20:41:09.524+0800: 0.568: [CMS-concurrent-reset: 0.000/0.000 secs] [Times: user=0.00 sys=0.00, real=0.00 secs] 
2022-01-06T20:41:09.549+0800: 0.593: [GC (Allocation Failure) 2022-01-06T20:41:09.549+0800: 0.593: [ParNew: 157000K->17470K(157248K), 0.0099233 secs] 397898K->293887K(506816K), 0.0099933 secs] [Times: user=0.00 sys=0.00, real=0.01 secs] 
2022-01-06T20:41:09.559+0800: 0.603: [GC (CMS Initial Mark) [1 CMS-initial-mark: 276417K(349568K)] 294175K(506816K), 0.0001599 secs] [Times: user=0.00 sys=0.00, real=0.00 secs] 
2022-01-06T20:41:09.560+0800: 0.603: [CMS-concurrent-mark-start]
2022-01-06T20:41:09.560+0800: 0.604: [CMS-concurrent-mark: 0.001/0.001 secs] [Times: user=0.00 sys=0.00, real=0.00 secs] 
2022-01-06T20:41:09.560+0800: 0.604: [CMS-concurrent-preclean-start]
2022-01-06T20:41:09.561+0800: 0.604: [CMS-concurrent-preclean: 0.000/0.000 secs] [Times: user=0.00 sys=0.00, real=0.00 secs] 
2022-01-06T20:41:09.561+0800: 0.604: [CMS-concurrent-abortable-preclean-start]
2022-01-06T20:41:09.584+0800: 0.628: [GC (Allocation Failure) 2022-01-06T20:41:09.584+0800: 0.628: [ParNew: 157246K->17471K(157248K), 0.0107282 secs] 433663K->336497K(506816K), 0.0108027 secs] [Times: user=0.16 sys=0.00, real=0.01 secs] 
2022-01-06T20:41:09.617+0800: 0.661: [GC (Allocation Failure) 2022-01-06T20:41:09.617+0800: 0.662: [ParNew: 157247K->157247K(157248K), 0.0000196 secs]2022-01-06T20:41:09.617+0800: 0.662: [CMS2022-01-06T20:41:09.617+0800: 0.662: [CMS-concurrent-abortable-preclean: 0.001/0.057 secs] [Times: user=0.22 sys=0.00, real=0.06 secs] 
 (concurrent mode failure): 319026K->291196K(349568K), 0.0440094 secs] 476273K->291196K(506816K), [Metaspace: 2706K->2706K(1056768K)], 0.0440950 secs] [Times: user=0.05 sys=0.00, real=0.04 secs] 
2022-01-06T20:41:09.685+0800: 0.728: [GC (Allocation Failure) 2022-01-06T20:41:09.685+0800: 0.728: [ParNew: 139776K->17470K(157248K), 0.0086647 secs] 430972K->341668K(506816K), 0.0087318 secs] [Times: user=0.16 sys=0.00, real=0.01 secs] 
2022-01-06T20:41:09.693+0800: 0.737: [GC (CMS Initial Mark) [1 CMS-initial-mark: 324197K(349568K)] 342219K(506816K), 0.0001934 secs] [Times: user=0.00 sys=0.00, real=0.00 secs] 
2022-01-06T20:41:09.694+0800: 0.737: [CMS-concurrent-mark-start]
2022-01-06T20:41:09.695+0800: 0.738: [CMS-concurrent-mark: 0.001/0.001 secs] [Times: user=0.00 sys=0.00, real=0.00 secs] 
2022-01-06T20:41:09.695+0800: 0.738: [CMS-concurrent-preclean-start]
2022-01-06T20:41:09.695+0800: 0.739: [CMS-concurrent-preclean: 0.000/0.000 secs] [Times: user=0.00 sys=0.00, real=0.00 secs] 
2022-01-06T20:41:09.695+0800: 0.739: [CMS-concurrent-abortable-preclean-start]
2022-01-06T20:41:09.695+0800: 0.739: [CMS-concurrent-abortable-preclean: 0.000/0.000 secs] [Times: user=0.00 sys=0.00, real=0.00 secs] 
2022-01-06T20:41:09.695+0800: 0.739: [GC (CMS Final Remark) [YG occupancy: 29949 K (157248 K)]2022-01-06T20:41:09.695+0800: 0.739: [Rescan (parallel) , 0.0001975 secs]2022-01-06T20:41:09.695+0800: 0.739: [weak refs processing, 0.0000115 secs]2022-01-06T20:41:09.695+0800: 0.739: [class unloading, 0.0002025 secs]2022-01-06T20:41:09.696+0800: 0.739: [scrub symbol table, 0.0003909 secs]2022-01-06T20:41:09.696+0800: 0.740: [scrub string table, 0.0000995 secs][1 CMS-remark: 324197K(349568K)] 354147K(506816K), 0.0009626 secs] [Times: user=0.00 sys=0.00, real=0.00 secs] 
2022-01-06T20:41:09.696+0800: 0.740: [CMS-concurrent-sweep-start]
2022-01-06T20:41:09.697+0800: 0.740: [CMS-concurrent-sweep: 0.001/0.001 secs] [Times: user=0.00 sys=0.00, real=0.00 secs] 
2022-01-06T20:41:09.697+0800: 0.740: [CMS-concurrent-reset-start]
2022-01-06T20:41:09.697+0800: 0.741: [CMS-concurrent-reset: 0.000/0.000 secs] [Times: user=0.00 sys=0.00, real=0.00 secs] 
2022-01-06T20:41:09.717+0800: 0.761: [GC (Allocation Failure) 2022-01-06T20:41:09.717+0800: 0.761: [ParNew: 157198K->17468K(157248K), 0.0121725 secs] 443810K->354880K(506816K), 0.0122509 secs] [Times: user=0.16 sys=0.00, real=0.01 secs] 
2022-01-06T20:41:09.729+0800: 0.773: [GC (CMS Initial Mark) [1 CMS-initial-mark: 337411K(349568K)] 355231K(506816K), 0.0001309 secs] [Times: user=0.00 sys=0.00, real=0.00 secs] 
2022-01-06T20:41:09.729+0800: 0.773: [CMS-concurrent-mark-start]
2022-01-06T20:41:09.730+0800: 0.774: [CMS-concurrent-mark: 0.001/0.001 secs] [Times: user=0.00 sys=0.00, real=0.00 secs] 
2022-01-06T20:41:09.730+0800: 0.774: [CMS-concurrent-preclean-start]
2022-01-06T20:41:09.730+0800: 0.774: [CMS-concurrent-preclean: 0.000/0.000 secs] [Times: user=0.00 sys=0.00, real=0.00 secs] 
2022-01-06T20:41:09.730+0800: 0.774: [CMS-concurrent-abortable-preclean-start]
2022-01-06T20:41:09.730+0800: 0.774: [CMS-concurrent-abortable-preclean: 0.000/0.000 secs] [Times: user=0.00 sys=0.00, real=0.00 secs] 
2022-01-06T20:41:09.730+0800: 0.775: [GC (CMS Final Remark) [YG occupancy: 26225 K (157248 K)]2022-01-06T20:41:09.730+0800: 0.775: [Rescan (parallel) , 0.0002469 secs]2022-01-06T20:41:09.731+0800: 0.775: [weak refs processing, 0.0000110 secs]2022-01-06T20:41:09.731+0800: 0.775: [class unloading, 0.0002169 secs]2022-01-06T20:41:09.731+0800: 0.775: [scrub symbol table, 0.0003940 secs]2022-01-06T20:41:09.731+0800: 0.775: [scrub string table, 0.0000997 secs][1 CMS-remark: 337411K(349568K)] 363636K(506816K), 0.0010270 secs] [Times: user=0.00 sys=0.00, real=0.00 secs] 
2022-01-06T20:41:09.731+0800: 0.776: [CMS-concurrent-sweep-start]
2022-01-06T20:41:09.732+0800: 0.776: [CMS-concurrent-sweep: 0.001/0.001 secs] [Times: user=0.00 sys=0.00, real=0.00 secs] 
2022-01-06T20:41:09.732+0800: 0.776: [CMS-concurrent-reset-start]
2022-01-06T20:41:09.733+0800: 0.777: [CMS-concurrent-reset: 0.000/0.000 secs] [Times: user=0.00 sys=0.00, real=0.00 secs] 
2022-01-06T20:41:09.754+0800: 0.798: [GC (Allocation Failure) 2022-01-06T20:41:09.754+0800: 0.798: [ParNew: 157207K->157207K(157248K), 0.0000181 secs]2022-01-06T20:41:09.754+0800: 0.798: [CMS: 302198K->323708K(349568K), 0.0521184 secs] 459406K->323708K(506816K), [Metaspace: 2706K->2706K(1056768K)], 0.0522144 secs] [Times: user=0.05 sys=0.00, real=0.05 secs] 
2022-01-06T20:41:09.806+0800: 0.850: [GC (CMS Initial Mark) [1 CMS-initial-mark: 323708K(349568K)] 323885K(506816K), 0.0001557 secs] [Times: user=0.00 sys=0.00, real=0.00 secs] 
2022-01-06T20:41:09.806+0800: 0.851: [CMS-concurrent-mark-start]
2022-01-06T20:41:09.807+0800: 0.852: [CMS-concurrent-mark: 0.001/0.001 secs] [Times: user=0.00 sys=0.00, real=0.00 secs] 
2022-01-06T20:41:09.807+0800: 0.852: [CMS-concurrent-preclean-start]
2022-01-06T20:41:09.807+0800: 0.852: [CMS-concurrent-preclean: 0.000/0.000 secs] [Times: user=0.00 sys=0.00, real=0.00 secs] 
2022-01-06T20:41:09.807+0800: 0.852: [CMS-concurrent-abortable-preclean-start]
2022-01-06T20:41:09.831+0800: 0.875: [GC (Allocation Failure) 2022-01-06T20:41:09.831+0800: 0.875: [ParNew: 139625K->139625K(157248K), 0.0000202 secs]2022-01-06T20:41:09.831+0800: 0.875: [CMS2022-01-06T20:41:09.831+0800: 0.875: [CMS-concurrent-abortable-preclean: 0.000/0.023 secs] [Times: user=0.03 sys=0.00, real=0.02 secs] 
 (concurrent mode failure): 323708K->322644K(349568K), 0.0488707 secs] 463334K->322644K(506816K), [Metaspace: 2706K->2706K(1056768K)], 0.0489850 secs] [Times: user=0.05 sys=0.00, real=0.05 secs] 
2022-01-06T20:41:09.902+0800: 0.946: [GC (Allocation Failure) 2022-01-06T20:41:09.902+0800: 0.946: [ParNew: 139776K->139776K(157248K), 0.0000194 secs]2022-01-06T20:41:09.902+0800: 0.946: [CMS: 322644K->326082K(349568K), 0.0476069 secs] 462420K->326082K(506816K), [Metaspace: 2706K->2706K(1056768K)], 0.0477096 secs] [Times: user=0.05 sys=0.00, real=0.05 secs] 
2022-01-06T20:41:09.949+0800: 0.994: [GC (CMS Initial Mark) [1 CMS-initial-mark: 326082K(349568K)] 326853K(506816K), 0.0001361 secs] [Times: user=0.00 sys=0.00, real=0.00 secs] 
2022-01-06T20:41:09.949+0800: 0.994: [CMS-concurrent-mark-start]
2022-01-06T20:41:09.950+0800: 0.995: [CMS-concurrent-mark: 0.001/0.001 secs] [Times: user=0.00 sys=0.00, real=0.00 secs] 
2022-01-06T20:41:09.950+0800: 0.995: [CMS-concurrent-preclean-start]
2022-01-06T20:41:09.951+0800: 0.995: [CMS-concurrent-preclean: 0.000/0.000 secs] [Times: user=0.00 sys=0.00, real=0.00 secs] 
2022-01-06T20:41:09.951+0800: 0.995: [CMS-concurrent-abortable-preclean-start]
2022-01-06T20:41:09.973+0800: 1.017: [GC (Allocation Failure) 2022-01-06T20:41:09.973+0800: 1.017: [ParNew: 139776K->139776K(157248K), 0.0000192 secs]2022-01-06T20:41:09.973+0800: 1.017: [CMS2022-01-06T20:41:09.973+0800: 1.017: [CMS-concurrent-abortable-preclean: 0.000/0.022 secs] [Times: user=0.03 sys=0.00, real=0.02 secs] 
 (concurrent mode failure): 326082K->330977K(349568K), 0.0479519 secs] 465858K->330977K(506816K), [Metaspace: 2706K->2706K(1056768K)], 0.0480507 secs] [Times: user=0.05 sys=0.00, real=0.05 secs] 
2022-01-06T20:41:10.044+0800: 1.088: [GC (Allocation Failure) 2022-01-06T20:41:10.044+0800: 1.088: [ParNew: 139776K->139776K(157248K), 0.0000191 secs]2022-01-06T20:41:10.044+0800: 1.088: [CMS: 330977K->655K(349568K), 0.0025317 secs] 470753K->655K(506816K), [Metaspace: 2706K->2706K(1056768K)], 0.0026185 secs] [Times: user=0.01 sys=0.00, real=0.00 secs] 
Heap
 par new generation   total 157248K, used 2795K [0x00000000e0000000, 0x00000000eaaa0000, 0x00000000eaaa0000)
  eden space 139776K,   2% used [0x00000000e0000000, 0x00000000e02bafa0, 0x00000000e8880000)
  from space 17472K,   0% used [0x00000000e9990000, 0x00000000e9990000, 0x00000000eaaa0000)
  to   space 17472K,   0% used [0x00000000e8880000, 0x00000000e8880000, 0x00000000e9990000)
 concurrent mark-sweep generation total 349568K, used 655K [0x00000000eaaa0000, 0x0000000100000000, 0x0000000100000000)
 Metaspace       used 2712K, capacity 4486K, committed 4864K, reserved 1056768K
  class space    used 295K, capacity 386K, committed 512K, reserved 1048576K
