Java HotSpot(TM) 64-Bit Server VM (25.77-b03) for windows-amd64 JRE (1.8.0_77-b03), built on Mar 20 2016 22:01:33 by "java_re" with MS VC++ 10.0 (VS2010)
Memory: 4k page, physical 16725344k(6150868k free), swap 26697332k(5429664k free)
CommandLine flags: -XX:InitialHeapSize=2147483648 -XX:MaxHeapSize=2147483648 -XX:MaxNewSize=715829248 -XX:MaxTenuringThreshold=6 -XX:NewSize=715829248 -XX:OldPLABSize=16 -XX:OldSize=1431654400 -XX:+PrintGC -XX:+PrintGCDateStamps -XX:+PrintGCDetails -XX:+PrintGCTimeStamps -XX:+UseCompressedClassPointers -XX:+UseCompressedOops -XX:+UseConcMarkSweepGC -XX:-UseLargePagesIndividualAllocation -XX:+UseParNewGC 
2022-01-06T21:32:36.391+0800: 0.419: [GC (Allocation Failure) 2022-01-06T21:32:36.391+0800: 0.419: [ParNew: 559232K->69887K(629120K), 0.0355271 secs] 559232K->154090K(2027264K), 0.0357934 secs] [Times: user=0.06 sys=0.19, real=0.04 secs] 
2022-01-06T21:32:36.544+0800: 0.572: [GC (Allocation Failure) 2022-01-06T21:32:36.544+0800: 0.572: [ParNew: 629119K->69888K(629120K), 0.0418493 secs] 713322K->279809K(2027264K), 0.0419180 secs] [Times: user=0.16 sys=0.27, real=0.04 secs] 
2022-01-06T21:32:36.692+0800: 0.720: [GC (Allocation Failure) 2022-01-06T21:32:36.692+0800: 0.720: [ParNew: 629120K->69888K(629120K), 0.0888296 secs] 839041K->413074K(2027264K), 0.0889081 secs] [Times: user=0.63 sys=0.06, real=0.09 secs] 
2022-01-06T21:32:36.888+0800: 0.916: [GC (Allocation Failure) 2022-01-06T21:32:36.888+0800: 0.916: [ParNew: 629120K->69888K(629120K), 0.0830673 secs] 972306K->539632K(2027264K), 0.0831449 secs] [Times: user=0.81 sys=0.06, real=0.08 secs] 
Heap
 par new generation   total 629120K, used 601683K [0x0000000080000000, 0x00000000aaaa0000, 0x00000000aaaa0000)
  eden space 559232K,  95% used [0x0000000080000000, 0x00000000a0754d60, 0x00000000a2220000)
  from space 69888K, 100% used [0x00000000a2220000, 0x00000000a6660000, 0x00000000a6660000)
  to   space 69888K,   0% used [0x00000000a6660000, 0x00000000a6660000, 0x00000000aaaa0000)
 concurrent mark-sweep generation total 1398144K, used 469744K [0x00000000aaaa0000, 0x0000000100000000, 0x0000000100000000)
 Metaspace       used 2712K, capacity 4486K, committed 4864K, reserved 1056768K
  class space    used 295K, capacity 386K, committed 512K, reserved 1048576K
