Java HotSpot(TM) 64-Bit Server VM (25.77-b03) for windows-amd64 JRE (1.8.0_77-b03), built on Mar 20 2016 22:01:33 by "java_re" with MS VC++ 10.0 (VS2010)
Memory: 4k page, physical 16725344k(6455748k free), swap 25802924k(5246728k free)
CommandLine flags: -XX:InitialHeapSize=1073741824 -XX:MaxHeapSize=1073741824 -XX:+PrintGC -XX:+PrintGCDateStamps -XX:+PrintGCDetails -XX:+PrintGCTimeStamps -XX:+UseCompressedClassPointers -XX:+UseCompressedOops -XX:+UseG1GC -XX:-UseLargePagesIndividualAllocation 
2022-01-06T21:50:31.537+0800: 0.163: [GC pause (G1 Evacuation Pause) (young), 0.0048581 secs]
   [Parallel Time: 4.2 ms, GC Workers: 10]
      [GC Worker Start (ms): Min: 162.7, Avg: 162.7, Max: 162.8, Diff: 0.1]
      [Ext Root Scanning (ms): Min: 0.0, Avg: 0.2, Max: 0.3, Diff: 0.3, Sum: 2.3]
      [Update RS (ms): Min: 0.0, Avg: 0.0, Max: 0.0, Diff: 0.0, Sum: 0.0]
         [Processed Buffers: Min: 0, Avg: 0.0, Max: 0, Diff: 0, Sum: 0]
      [Scan RS (ms): Min: 0.0, Avg: 0.0, Max: 0.0, Diff: 0.0, Sum: 0.1]
      [Code Root Scanning (ms): Min: 0.0, Avg: 0.0, Max: 0.0, Diff: 0.0, Sum: 0.0]
      [Object Copy (ms): Min: 3.0, Avg: 3.4, Max: 3.7, Diff: 0.8, Sum: 33.9]
      [Termination (ms): Min: 0.0, Avg: 0.3, Max: 0.5, Diff: 0.5, Sum: 2.6]
         [Termination Attempts: Min: 1, Avg: 1.0, Max: 1, Diff: 0, Sum: 10]
      [GC Worker Other (ms): Min: 0.1, Avg: 0.2, Max: 0.6, Diff: 0.5, Sum: 2.0]
      [GC Worker Total (ms): Min: 4.0, Avg: 4.1, Max: 4.1, Diff: 0.1, Sum: 40.9]
      [GC Worker End (ms): Min: 166.8, Avg: 166.8, Max: 166.8, Diff: 0.0]
   [Code Root Fixup: 0.0 ms]
   [Code Root Purge: 0.0 ms]
   [Clear CT: 0.1 ms]
   [Other: 0.5 ms]
      [Choose CSet: 0.0 ms]
      [Ref Proc: 0.1 ms]
      [Ref Enq: 0.0 ms]
      [Redirty Cards: 0.1 ms]
      [Humongous Register: 0.0 ms]
      [Humongous Reclaim: 0.0 ms]
      [Free CSet: 0.0 ms]
   [Eden: 51.0M(51.0M)->0.0B(44.0M) Survivors: 0.0B->7168.0K Heap: 68.8M(1024.0M)->29.3M(1024.0M)]
 [Times: user=0.00 sys=0.00, real=0.01 secs] 
2022-01-06T21:50:31.554+0800: 0.179: [GC pause (G1 Evacuation Pause) (young), 0.0043543 secs]
   [Parallel Time: 3.6 ms, GC Workers: 10]
      [GC Worker Start (ms): Min: 179.3, Avg: 179.3, Max: 179.4, Diff: 0.1]
      [Ext Root Scanning (ms): Min: 0.1, Avg: 0.2, Max: 0.3, Diff: 0.2, Sum: 1.9]
      [Update RS (ms): Min: 0.0, Avg: 0.0, Max: 0.1, Diff: 0.1, Sum: 0.2]
         [Processed Buffers: Min: 0, Avg: 0.6, Max: 2, Diff: 2, Sum: 6]
      [Scan RS (ms): Min: 0.0, Avg: 0.0, Max: 0.0, Diff: 0.0, Sum: 0.1]
      [Code Root Scanning (ms): Min: 0.0, Avg: 0.0, Max: 0.0, Diff: 0.0, Sum: 0.0]
      [Object Copy (ms): Min: 2.9, Avg: 3.0, Max: 3.1, Diff: 0.2, Sum: 30.5]
      [Termination (ms): Min: 0.0, Avg: 0.2, Max: 0.3, Diff: 0.3, Sum: 1.9]
         [Termination Attempts: Min: 1, Avg: 1.0, Max: 1, Diff: 0, Sum: 10]
      [GC Worker Other (ms): Min: 0.0, Avg: 0.0, Max: 0.0, Diff: 0.0, Sum: 0.3]
      [GC Worker Total (ms): Min: 3.4, Avg: 3.5, Max: 3.5, Diff: 0.1, Sum: 34.8]
      [GC Worker End (ms): Min: 182.8, Avg: 182.8, Max: 182.8, Diff: 0.0]
   [Code Root Fixup: 0.0 ms]
   [Code Root Purge: 0.0 ms]
   [Clear CT: 0.2 ms]
   [Other: 0.5 ms]
      [Choose CSet: 0.0 ms]
      [Ref Proc: 0.1 ms]
      [Ref Enq: 0.0 ms]
      [Redirty Cards: 0.1 ms]
      [Humongous Register: 0.0 ms]
      [Humongous Reclaim: 0.0 ms]
      [Free CSet: 0.0 ms]
   [Eden: 44.0M(44.0M)->0.0B(44.0M) Survivors: 7168.0K->7168.0K Heap: 80.3M(1024.0M)->46.9M(1024.0M)]
 [Times: user=0.00 sys=0.00, real=0.00 secs] 
2022-01-06T21:50:31.572+0800: 0.198: [GC pause (G1 Evacuation Pause) (young), 0.0043432 secs]
   [Parallel Time: 3.6 ms, GC Workers: 10]
      [GC Worker Start (ms): Min: 198.2, Avg: 198.4, Max: 199.0, Diff: 0.7]
      [Ext Root Scanning (ms): Min: 0.0, Avg: 0.2, Max: 0.3, Diff: 0.3, Sum: 1.7]
      [Update RS (ms): Min: 0.0, Avg: 0.2, Max: 0.5, Diff: 0.5, Sum: 2.0]
         [Processed Buffers: Min: 0, Avg: 1.2, Max: 2, Diff: 2, Sum: 12]
      [Scan RS (ms): Min: 0.0, Avg: 0.0, Max: 0.0, Diff: 0.0, Sum: 0.1]
      [Code Root Scanning (ms): Min: 0.0, Avg: 0.0, Max: 0.0, Diff: 0.0, Sum: 0.0]
      [Object Copy (ms): Min: 2.5, Avg: 2.8, Max: 3.2, Diff: 0.6, Sum: 27.6]
      [Termination (ms): Min: 0.0, Avg: 0.2, Max: 0.3, Diff: 0.3, Sum: 1.6]
         [Termination Attempts: Min: 1, Avg: 1.0, Max: 1, Diff: 0, Sum: 10]
      [GC Worker Other (ms): Min: 0.0, Avg: 0.0, Max: 0.0, Diff: 0.0, Sum: 0.3]
      [GC Worker Total (ms): Min: 2.8, Avg: 3.3, Max: 3.5, Diff: 0.8, Sum: 33.3]
      [GC Worker End (ms): Min: 201.8, Avg: 201.8, Max: 201.8, Diff: 0.0]
   [Code Root Fixup: 0.0 ms]
   [Code Root Purge: 0.0 ms]
   [Clear CT: 0.1 ms]
   [Other: 0.6 ms]
      [Choose CSet: 0.0 ms]
      [Ref Proc: 0.1 ms]
      [Ref Enq: 0.0 ms]
      [Redirty Cards: 0.1 ms]
      [Humongous Register: 0.1 ms]
      [Humongous Reclaim: 0.1 ms]
      [Free CSet: 0.1 ms]
   [Eden: 44.0M(44.0M)->0.0B(67.0M) Survivors: 7168.0K->7168.0K Heap: 102.4M(1024.0M)->64.3M(1024.0M)]
 [Times: user=0.03 sys=0.00, real=0.00 secs] 
2022-01-06T21:50:31.611+0800: 0.236: [GC pause (G1 Evacuation Pause) (young), 0.0057371 secs]
   [Parallel Time: 4.6 ms, GC Workers: 10]
      [GC Worker Start (ms): Min: 236.1, Avg: 236.1, Max: 236.1, Diff: 0.1]
      [Ext Root Scanning (ms): Min: 0.1, Avg: 0.2, Max: 0.3, Diff: 0.2, Sum: 1.8]
      [Update RS (ms): Min: 0.0, Avg: 0.0, Max: 0.1, Diff: 0.1, Sum: 0.5]
         [Processed Buffers: Min: 0, Avg: 1.1, Max: 3, Diff: 3, Sum: 11]
      [Scan RS (ms): Min: 0.0, Avg: 0.0, Max: 0.0, Diff: 0.0, Sum: 0.1]
      [Code Root Scanning (ms): Min: 0.0, Avg: 0.0, Max: 0.0, Diff: 0.0, Sum: 0.0]
      [Object Copy (ms): Min: 3.9, Avg: 4.0, Max: 4.2, Diff: 0.4, Sum: 40.3]
      [Termination (ms): Min: 0.0, Avg: 0.2, Max: 0.3, Diff: 0.3, Sum: 2.1]
         [Termination Attempts: Min: 1, Avg: 1.0, Max: 1, Diff: 0, Sum: 10]
      [GC Worker Other (ms): Min: 0.0, Avg: 0.0, Max: 0.0, Diff: 0.0, Sum: 0.2]
      [GC Worker Total (ms): Min: 4.5, Avg: 4.5, Max: 4.5, Diff: 0.1, Sum: 45.1]
      [GC Worker End (ms): Min: 240.6, Avg: 240.6, Max: 240.6, Diff: 0.0]
   [Code Root Fixup: 0.0 ms]
   [Code Root Purge: 0.0 ms]
   [Clear CT: 0.1 ms]
   [Other: 1.0 ms]
      [Choose CSet: 0.0 ms]
      [Ref Proc: 0.2 ms]
      [Ref Enq: 0.0 ms]
      [Redirty Cards: 0.3 ms]
      [Humongous Register: 0.1 ms]
      [Humongous Reclaim: 0.1 ms]
      [Free CSet: 0.1 ms]
   [Eden: 67.0M(67.0M)->0.0B(87.0M) Survivors: 7168.0K->10.0M Heap: 153.7M(1024.0M)->86.9M(1024.0M)]
 [Times: user=0.00 sys=0.00, real=0.01 secs] 
2022-01-06T21:50:31.645+0800: 0.270: [GC pause (G1 Evacuation Pause) (young), 0.0077050 secs]
   [Parallel Time: 7.1 ms, GC Workers: 10]
      [GC Worker Start (ms): Min: 270.4, Avg: 270.5, Max: 270.5, Diff: 0.1]
      [Ext Root Scanning (ms): Min: 0.1, Avg: 0.2, Max: 0.2, Diff: 0.1, Sum: 1.7]
      [Update RS (ms): Min: 0.0, Avg: 0.1, Max: 0.2, Diff: 0.2, Sum: 1.0]
         [Processed Buffers: Min: 0, Avg: 1.4, Max: 2, Diff: 2, Sum: 14]
      [Scan RS (ms): Min: 0.0, Avg: 0.0, Max: 0.0, Diff: 0.0, Sum: 0.2]
      [Code Root Scanning (ms): Min: 0.0, Avg: 0.0, Max: 0.0, Diff: 0.0, Sum: 0.0]
      [Object Copy (ms): Min: 6.2, Avg: 6.4, Max: 6.6, Diff: 0.4, Sum: 64.0]
      [Termination (ms): Min: 0.0, Avg: 0.2, Max: 0.4, Diff: 0.4, Sum: 2.2]
         [Termination Attempts: Min: 1, Avg: 1.1, Max: 2, Diff: 1, Sum: 11]
      [GC Worker Other (ms): Min: 0.0, Avg: 0.0, Max: 0.1, Diff: 0.0, Sum: 0.3]
      [GC Worker Total (ms): Min: 6.9, Avg: 6.9, Max: 7.0, Diff: 0.1, Sum: 69.5]
      [GC Worker End (ms): Min: 277.4, Avg: 277.4, Max: 277.4, Diff: 0.0]
   [Code Root Fixup: 0.0 ms]
   [Code Root Purge: 0.0 ms]
   [Clear CT: 0.1 ms]
   [Other: 0.5 ms]
      [Choose CSet: 0.0 ms]
      [Ref Proc: 0.1 ms]
      [Ref Enq: 0.0 ms]
      [Redirty Cards: 0.1 ms]
      [Humongous Register: 0.1 ms]
      [Humongous Reclaim: 0.1 ms]
      [Free CSet: 0.1 ms]
   [Eden: 87.0M(87.0M)->0.0B(110.0M) Survivors: 10.0M->13.0M Heap: 201.0M(1024.0M)->119.6M(1024.0M)]
 [Times: user=0.00 sys=0.00, real=0.01 secs] 
2022-01-06T21:50:31.685+0800: 0.310: [GC pause (G1 Evacuation Pause) (young), 0.0101067 secs]
   [Parallel Time: 9.4 ms, GC Workers: 10]
      [GC Worker Start (ms): Min: 310.5, Avg: 310.5, Max: 310.6, Diff: 0.1]
      [Ext Root Scanning (ms): Min: 0.1, Avg: 0.2, Max: 0.2, Diff: 0.1, Sum: 1.8]
      [Update RS (ms): Min: 0.1, Avg: 0.1, Max: 0.2, Diff: 0.1, Sum: 1.4]
         [Processed Buffers: Min: 0, Avg: 1.4, Max: 2, Diff: 2, Sum: 14]
      [Scan RS (ms): Min: 0.0, Avg: 0.0, Max: 0.0, Diff: 0.0, Sum: 0.2]
      [Code Root Scanning (ms): Min: 0.0, Avg: 0.0, Max: 0.0, Diff: 0.0, Sum: 0.0]
      [Object Copy (ms): Min: 8.5, Avg: 8.7, Max: 8.9, Diff: 0.4, Sum: 86.9]
      [Termination (ms): Min: 0.0, Avg: 0.2, Max: 0.4, Diff: 0.4, Sum: 2.3]
         [Termination Attempts: Min: 1, Avg: 1.1, Max: 2, Diff: 1, Sum: 11]
      [GC Worker Other (ms): Min: 0.0, Avg: 0.0, Max: 0.0, Diff: 0.0, Sum: 0.3]
      [GC Worker Total (ms): Min: 9.2, Avg: 9.3, Max: 9.3, Diff: 0.1, Sum: 92.9]
      [GC Worker End (ms): Min: 319.8, Avg: 319.8, Max: 319.8, Diff: 0.0]
   [Code Root Fixup: 0.0 ms]
   [Code Root Purge: 0.0 ms]
   [Clear CT: 0.1 ms]
   [Other: 0.6 ms]
      [Choose CSet: 0.0 ms]
      [Ref Proc: 0.1 ms]
      [Ref Enq: 0.0 ms]
      [Redirty Cards: 0.1 ms]
      [Humongous Register: 0.1 ms]
      [Humongous Reclaim: 0.0 ms]
      [Free CSet: 0.1 ms]
   [Eden: 110.0M(110.0M)->0.0B(164.0M) Survivors: 13.0M->16.0M Heap: 252.0M(1024.0M)->162.6M(1024.0M)]
 [Times: user=0.05 sys=0.11, real=0.01 secs] 
2022-01-06T21:50:31.755+0800: 0.380: [GC pause (G1 Evacuation Pause) (young), 0.0131184 secs]
   [Parallel Time: 12.1 ms, GC Workers: 10]
      [GC Worker Start (ms): Min: 380.3, Avg: 380.3, Max: 380.4, Diff: 0.1]
      [Ext Root Scanning (ms): Min: 0.1, Avg: 0.2, Max: 0.2, Diff: 0.1, Sum: 1.7]
      [Update RS (ms): Min: 0.1, Avg: 0.1, Max: 0.2, Diff: 0.1, Sum: 1.4]
         [Processed Buffers: Min: 0, Avg: 1.5, Max: 2, Diff: 2, Sum: 15]
      [Scan RS (ms): Min: 0.0, Avg: 0.0, Max: 0.1, Diff: 0.1, Sum: 0.2]
      [Code Root Scanning (ms): Min: 0.0, Avg: 0.0, Max: 0.0, Diff: 0.0, Sum: 0.0]
      [Object Copy (ms): Min: 11.4, Avg: 11.5, Max: 11.6, Diff: 0.2, Sum: 114.8]
      [Termination (ms): Min: 0.0, Avg: 0.1, Max: 0.2, Diff: 0.2, Sum: 1.0]
         [Termination Attempts: Min: 1, Avg: 1.3, Max: 2, Diff: 1, Sum: 13]
      [GC Worker Other (ms): Min: 0.0, Avg: 0.0, Max: 0.1, Diff: 0.1, Sum: 0.4]
      [GC Worker Total (ms): Min: 11.9, Avg: 12.0, Max: 12.0, Diff: 0.1, Sum: 119.7]
      [GC Worker End (ms): Min: 392.3, Avg: 392.3, Max: 392.3, Diff: 0.0]
   [Code Root Fixup: 0.0 ms]
   [Code Root Purge: 0.0 ms]
   [Clear CT: 0.1 ms]
   [Other: 0.9 ms]
      [Choose CSet: 0.0 ms]
      [Ref Proc: 0.2 ms]
      [Ref Enq: 0.0 ms]
      [Redirty Cards: 0.1 ms]
      [Humongous Register: 0.1 ms]
      [Humongous Reclaim: 0.1 ms]
      [Free CSet: 0.1 ms]
   [Eden: 164.0M(164.0M)->0.0B(180.0M) Survivors: 16.0M->23.0M Heap: 367.8M(1024.0M)->210.9M(1024.0M)]
 [Times: user=0.02 sys=0.13, real=0.01 secs] 
2022-01-06T21:50:31.814+0800: 0.439: [GC pause (G1 Evacuation Pause) (young), 0.0154059 secs]
   [Parallel Time: 14.4 ms, GC Workers: 10]
      [GC Worker Start (ms): Min: 439.4, Avg: 439.4, Max: 439.4, Diff: 0.1]
      [Ext Root Scanning (ms): Min: 0.1, Avg: 0.2, Max: 0.2, Diff: 0.1, Sum: 1.7]
      [Update RS (ms): Min: 0.1, Avg: 0.2, Max: 0.3, Diff: 0.1, Sum: 1.9]
         [Processed Buffers: Min: 0, Avg: 2.2, Max: 3, Diff: 3, Sum: 22]
      [Scan RS (ms): Min: 0.0, Avg: 0.0, Max: 0.1, Diff: 0.0, Sum: 0.3]
      [Code Root Scanning (ms): Min: 0.0, Avg: 0.0, Max: 0.0, Diff: 0.0, Sum: 0.0]
      [Object Copy (ms): Min: 13.6, Avg: 13.7, Max: 13.8, Diff: 0.2, Sum: 137.4]
      [Termination (ms): Min: 0.0, Avg: 0.1, Max: 0.3, Diff: 0.3, Sum: 1.2]
         [Termination Attempts: Min: 1, Avg: 1.5, Max: 2, Diff: 1, Sum: 15]
      [GC Worker Other (ms): Min: 0.0, Avg: 0.0, Max: 0.1, Diff: 0.1, Sum: 0.4]
      [GC Worker Total (ms): Min: 14.3, Avg: 14.3, Max: 14.4, Diff: 0.1, Sum: 143.0]
      [GC Worker End (ms): Min: 453.7, Avg: 453.7, Max: 453.7, Diff: 0.0]
   [Code Root Fixup: 0.0 ms]
   [Code Root Purge: 0.0 ms]
   [Clear CT: 0.2 ms]
   [Other: 0.7 ms]
      [Choose CSet: 0.0 ms]
      [Ref Proc: 0.1 ms]
      [Ref Enq: 0.0 ms]
      [Redirty Cards: 0.1 ms]
      [Humongous Register: 0.1 ms]
      [Humongous Reclaim: 0.1 ms]
      [Free CSet: 0.1 ms]
   [Eden: 180.0M(180.0M)->0.0B(194.0M) Survivors: 23.0M->26.0M Heap: 440.3M(1024.0M)->276.9M(1024.0M)]
 [Times: user=0.01 sys=0.14, real=0.02 secs] 
2022-01-06T21:50:31.880+0800: 0.506: [GC pause (G1 Evacuation Pause) (young), 0.0154010 secs]
   [Parallel Time: 14.4 ms, GC Workers: 10]
      [GC Worker Start (ms): Min: 506.0, Avg: 506.0, Max: 506.1, Diff: 0.1]
      [Ext Root Scanning (ms): Min: 0.1, Avg: 0.2, Max: 0.2, Diff: 0.1, Sum: 1.9]
      [Update RS (ms): Min: 0.1, Avg: 0.2, Max: 0.5, Diff: 0.4, Sum: 2.2]
         [Processed Buffers: Min: 0, Avg: 2.3, Max: 3, Diff: 3, Sum: 23]
      [Scan RS (ms): Min: 0.0, Avg: 0.0, Max: 0.1, Diff: 0.0, Sum: 0.2]
      [Code Root Scanning (ms): Min: 0.0, Avg: 0.0, Max: 0.0, Diff: 0.0, Sum: 0.0]
      [Object Copy (ms): Min: 13.2, Avg: 13.6, Max: 13.8, Diff: 0.7, Sum: 135.7]
      [Termination (ms): Min: 0.0, Avg: 0.2, Max: 0.4, Diff: 0.4, Sum: 2.3]
         [Termination Attempts: Min: 1, Avg: 1.3, Max: 2, Diff: 1, Sum: 13]
      [GC Worker Other (ms): Min: 0.0, Avg: 0.0, Max: 0.1, Diff: 0.0, Sum: 0.4]
      [GC Worker Total (ms): Min: 14.2, Avg: 14.3, Max: 14.3, Diff: 0.1, Sum: 142.7]
      [GC Worker End (ms): Min: 520.3, Avg: 520.3, Max: 520.4, Diff: 0.1]
   [Code Root Fixup: 0.0 ms]
   [Code Root Purge: 0.0 ms]
   [Clear CT: 0.1 ms]
   [Other: 0.8 ms]
      [Choose CSet: 0.0 ms]
      [Ref Proc: 0.2 ms]
      [Ref Enq: 0.0 ms]
      [Redirty Cards: 0.1 ms]
      [Humongous Register: 0.1 ms]
      [Humongous Reclaim: 0.1 ms]
      [Free CSet: 0.1 ms]
   [Eden: 194.0M(194.0M)->0.0B(263.0M) Survivors: 26.0M->28.0M Heap: 522.4M(1024.0M)->337.1M(1024.0M)]
 [Times: user=0.03 sys=0.13, real=0.02 secs] 
2022-01-06T21:50:31.971+0800: 0.596: [GC pause (G1 Humongous Allocation) (young) (initial-mark), 0.0186785 secs]
   [Parallel Time: 17.5 ms, GC Workers: 10]
      [GC Worker Start (ms): Min: 596.1, Avg: 596.1, Max: 596.1, Diff: 0.1]
      [Ext Root Scanning (ms): Min: 0.1, Avg: 0.2, Max: 0.2, Diff: 0.1, Sum: 1.8]
      [Update RS (ms): Min: 0.1, Avg: 0.2, Max: 0.3, Diff: 0.2, Sum: 1.6]
         [Processed Buffers: Min: 0, Avg: 1.8, Max: 2, Diff: 2, Sum: 18]
      [Scan RS (ms): Min: 0.0, Avg: 0.0, Max: 0.1, Diff: 0.1, Sum: 0.4]
      [Code Root Scanning (ms): Min: 0.0, Avg: 0.0, Max: 0.0, Diff: 0.0, Sum: 0.0]
      [Object Copy (ms): Min: 16.6, Avg: 16.8, Max: 16.9, Diff: 0.3, Sum: 167.8]
      [Termination (ms): Min: 0.0, Avg: 0.2, Max: 0.4, Diff: 0.4, Sum: 1.9]
         [Termination Attempts: Min: 1, Avg: 1.3, Max: 2, Diff: 1, Sum: 13]
      [GC Worker Other (ms): Min: 0.0, Avg: 0.0, Max: 0.1, Diff: 0.1, Sum: 0.4]
      [GC Worker Total (ms): Min: 17.3, Avg: 17.4, Max: 17.4, Diff: 0.1, Sum: 173.9]
      [GC Worker End (ms): Min: 613.5, Avg: 613.5, Max: 613.5, Diff: 0.1]
   [Code Root Fixup: 0.0 ms]
   [Code Root Purge: 0.0 ms]
   [Clear CT: 0.2 ms]
   [Other: 1.0 ms]
      [Choose CSet: 0.0 ms]
      [Ref Proc: 0.1 ms]
      [Ref Enq: 0.0 ms]
      [Redirty Cards: 0.1 ms]
      [Humongous Register: 0.1 ms]
      [Humongous Reclaim: 0.2 ms]
      [Free CSet: 0.3 ms]
   [Eden: 250.0M(263.0M)->0.0B(349.0M) Survivors: 28.0M->37.0M Heap: 654.2M(1024.0M)->414.6M(1024.0M)]
 [Times: user=0.00 sys=0.14, real=0.02 secs] 
2022-01-06T21:50:31.990+0800: 0.615: [GC concurrent-root-region-scan-start]
2022-01-06T21:50:31.990+0800: 0.615: [GC concurrent-root-region-scan-end, 0.0001650 secs]
2022-01-06T21:50:31.990+0800: 0.615: [GC concurrent-mark-start]
2022-01-06T21:50:31.992+0800: 0.616: [GC concurrent-mark-end, 0.0014628 secs]
2022-01-06T21:50:31.992+0800: 0.616: [GC remark 2022-01-06T21:50:31.992+0800: 0.616: [Finalize Marking, 0.0001508 secs] 2022-01-06T21:50:31.992+0800: 0.617: [GC ref-proc, 0.0002526 secs] 2022-01-06T21:50:31.992+0800: 0.617: [Unloading, 0.0005233 secs], 0.0014191 secs]
 [Times: user=0.00 sys=0.00, real=0.00 secs] 
2022-01-06T21:50:31.993+0800: 0.618: [GC cleanup 425M->421M(1024M), 0.0006714 secs]
 [Times: user=0.00 sys=0.00, real=0.00 secs] 
2022-01-06T21:50:31.994+0800: 0.619: [GC concurrent-cleanup-start]
2022-01-06T21:50:31.994+0800: 0.619: [GC concurrent-cleanup-end, 0.0000101 secs]
2022-01-06T21:50:32.103+0800: 0.728: [GC pause (G1 Evacuation Pause) (young) (to-space exhausted), 0.0160591 secs]
   [Parallel Time: 14.7 ms, GC Workers: 10]
      [GC Worker Start (ms): Min: 728.7, Avg: 728.7, Max: 728.8, Diff: 0.1]
      [Ext Root Scanning (ms): Min: 0.1, Avg: 0.2, Max: 0.2, Diff: 0.1, Sum: 1.8]
      [Update RS (ms): Min: 0.2, Avg: 0.2, Max: 0.4, Diff: 0.2, Sum: 2.2]
         [Processed Buffers: Min: 0, Avg: 2.4, Max: 3, Diff: 3, Sum: 24]
      [Scan RS (ms): Min: 0.0, Avg: 0.0, Max: 0.1, Diff: 0.1, Sum: 0.5]
      [Code Root Scanning (ms): Min: 0.0, Avg: 0.0, Max: 0.0, Diff: 0.0, Sum: 0.0]
      [Object Copy (ms): Min: 13.9, Avg: 14.1, Max: 14.1, Diff: 0.2, Sum: 140.6]
      [Termination (ms): Min: 0.0, Avg: 0.1, Max: 0.1, Diff: 0.1, Sum: 0.5]
         [Termination Attempts: Min: 1, Avg: 1.0, Max: 1, Diff: 0, Sum: 10]
      [GC Worker Other (ms): Min: 0.0, Avg: 0.0, Max: 0.0, Diff: 0.0, Sum: 0.3]
      [GC Worker Total (ms): Min: 14.6, Avg: 14.6, Max: 14.6, Diff: 0.1, Sum: 146.0]
      [GC Worker End (ms): Min: 743.3, Avg: 743.3, Max: 743.3, Diff: 0.0]
   [Code Root Fixup: 0.0 ms]
   [Code Root Purge: 0.0 ms]
   [Clear CT: 0.2 ms]
   [Other: 1.1 ms]
      [Evacuation Failure: 0.3 ms]
      [Choose CSet: 0.0 ms]
      [Ref Proc: 0.1 ms]
      [Ref Enq: 0.0 ms]
      [Redirty Cards: 0.1 ms]
      [Humongous Register: 0.1 ms]
      [Humongous Reclaim: 0.2 ms]
      [Free CSet: 0.2 ms]
   [Eden: 349.0M(349.0M)->0.0B(4096.0K) Survivors: 37.0M->49.0M Heap: 840.8M(1024.0M)->609.8M(1024.0M)]
 [Times: user=0.00 sys=0.14, real=0.02 secs] 
2022-01-06T21:50:32.120+0800: 0.745: [GC pause (G1 Evacuation Pause) (mixed), 0.0087798 secs]
   [Parallel Time: 7.7 ms, GC Workers: 10]
      [GC Worker Start (ms): Min: 745.6, Avg: 745.8, Max: 746.2, Diff: 0.6]
      [Ext Root Scanning (ms): Min: 0.0, Avg: 0.1, Max: 0.3, Diff: 0.3, Sum: 1.0]
      [Update RS (ms): Min: 0.0, Avg: 0.1, Max: 0.2, Diff: 0.2, Sum: 1.5]
         [Processed Buffers: Min: 0, Avg: 1.8, Max: 4, Diff: 4, Sum: 18]
      [Scan RS (ms): Min: 0.0, Avg: 0.0, Max: 0.1, Diff: 0.1, Sum: 0.5]
      [Code Root Scanning (ms): Min: 0.0, Avg: 0.0, Max: 0.0, Diff: 0.0, Sum: 0.0]
      [Object Copy (ms): Min: 6.8, Avg: 6.9, Max: 7.0, Diff: 0.2, Sum: 69.4]
      [Termination (ms): Min: 0.0, Avg: 0.1, Max: 0.2, Diff: 0.2, Sum: 1.1]
         [Termination Attempts: Min: 1, Avg: 1.0, Max: 1, Diff: 0, Sum: 10]
      [GC Worker Other (ms): Min: 0.0, Avg: 0.0, Max: 0.1, Diff: 0.1, Sum: 0.4]
      [GC Worker Total (ms): Min: 7.1, Avg: 7.4, Max: 7.7, Diff: 0.6, Sum: 73.8]
      [GC Worker End (ms): Min: 753.2, Avg: 753.2, Max: 753.2, Diff: 0.1]
   [Code Root Fixup: 0.0 ms]
   [Code Root Purge: 0.0 ms]
   [Clear CT: 0.2 ms]
   [Other: 0.9 ms]
      [Choose CSet: 0.0 ms]
      [Ref Proc: 0.2 ms]
      [Ref Enq: 0.0 ms]
      [Redirty Cards: 0.2 ms]
      [Humongous Register: 0.1 ms]
      [Humongous Reclaim: 0.1 ms]
      [Free CSet: 0.2 ms]
   [Eden: 4096.0K(4096.0K)->0.0B(254.0M) Survivors: 49.0M->2048.0K Heap: 614.5M(1024.0M)->531.5M(1024.0M)]
 [Times: user=0.08 sys=0.05, real=0.01 secs] 
2022-01-06T21:50:32.131+0800: 0.755: [GC pause (G1 Humongous Allocation) (young) (initial-mark), 0.0015000 secs]
   [Parallel Time: 0.9 ms, GC Workers: 10]
      [GC Worker Start (ms): Min: 755.6, Avg: 755.7, Max: 755.7, Diff: 0.1]
      [Ext Root Scanning (ms): Min: 0.2, Avg: 0.2, Max: 0.2, Diff: 0.1, Sum: 1.9]
      [Update RS (ms): Min: 0.1, Avg: 0.2, Max: 0.5, Diff: 0.4, Sum: 1.8]
         [Processed Buffers: Min: 0, Avg: 1.1, Max: 2, Diff: 2, Sum: 11]
      [Scan RS (ms): Min: 0.0, Avg: 0.0, Max: 0.0, Diff: 0.0, Sum: 0.0]
      [Code Root Scanning (ms): Min: 0.0, Avg: 0.0, Max: 0.0, Diff: 0.0, Sum: 0.0]
      [Object Copy (ms): Min: 0.0, Avg: 0.1, Max: 0.2, Diff: 0.2, Sum: 1.1]
      [Termination (ms): Min: 0.0, Avg: 0.2, Max: 0.3, Diff: 0.3, Sum: 2.2]
         [Termination Attempts: Min: 1, Avg: 1.4, Max: 3, Diff: 2, Sum: 14]
      [GC Worker Other (ms): Min: 0.0, Avg: 0.0, Max: 0.1, Diff: 0.0, Sum: 0.1]
      [GC Worker Total (ms): Min: 0.7, Avg: 0.7, Max: 0.8, Diff: 0.1, Sum: 7.1]
      [GC Worker End (ms): Min: 756.4, Avg: 756.4, Max: 756.4, Diff: 0.0]
   [Code Root Fixup: 0.0 ms]
   [Code Root Purge: 0.0 ms]
   [Clear CT: 0.1 ms]
   [Other: 0.5 ms]
      [Choose CSet: 0.0 ms]
      [Ref Proc: 0.1 ms]
      [Ref Enq: 0.0 ms]
      [Redirty Cards: 0.1 ms]
      [Humongous Register: 0.1 ms]
      [Humongous Reclaim: 0.0 ms]
      [Free CSet: 0.0 ms]
   [Eden: 5120.0K(254.0M)->0.0B(243.0M) Survivors: 2048.0K->3072.0K Heap: 535.7M(1024.0M)->532.2M(1024.0M)]
 [Times: user=0.00 sys=0.00, real=0.00 secs] 
2022-01-06T21:50:32.132+0800: 0.757: [GC concurrent-root-region-scan-start]
2022-01-06T21:50:32.132+0800: 0.757: [GC concurrent-root-region-scan-end, 0.0001178 secs]
2022-01-06T21:50:32.132+0800: 0.757: [GC concurrent-mark-start]
2022-01-06T21:50:32.134+0800: 0.759: [GC concurrent-mark-end, 0.0017871 secs]
2022-01-06T21:50:32.134+0800: 0.759: [GC remark 2022-01-06T21:50:32.134+0800: 0.759: [Finalize Marking, 0.0001955 secs] 2022-01-06T21:50:32.135+0800: 0.759: [GC ref-proc, 0.0001749 secs] 2022-01-06T21:50:32.135+0800: 0.759: [Unloading, 0.0006276 secs], 0.0016274 secs]
 [Times: user=0.00 sys=0.00, real=0.00 secs] 
2022-01-06T21:50:32.136+0800: 0.761: [GC cleanup 544M->535M(1024M), 0.0009103 secs]
 [Times: user=0.00 sys=0.00, real=0.00 secs] 
2022-01-06T21:50:32.137+0800: 0.762: [GC concurrent-cleanup-start]
2022-01-06T21:50:32.137+0800: 0.762: [GC concurrent-cleanup-end, 0.0000203 secs]
2022-01-06T21:50:32.191+0800: 0.816: [GC pause (G1 Evacuation Pause) (young), 0.0095621 secs]
   [Parallel Time: 8.0 ms, GC Workers: 10]
      [GC Worker Start (ms): Min: 816.4, Avg: 816.5, Max: 816.6, Diff: 0.3]
      [Ext Root Scanning (ms): Min: 0.0, Avg: 0.2, Max: 0.3, Diff: 0.3, Sum: 1.8]
      [Update RS (ms): Min: 0.2, Avg: 0.3, Max: 1.0, Diff: 0.8, Sum: 3.1]
         [Processed Buffers: Min: 0, Avg: 2.0, Max: 3, Diff: 3, Sum: 20]
      [Scan RS (ms): Min: 0.0, Avg: 0.1, Max: 0.1, Diff: 0.1, Sum: 0.5]
      [Code Root Scanning (ms): Min: 0.0, Avg: 0.0, Max: 0.0, Diff: 0.0, Sum: 0.0]
      [Object Copy (ms): Min: 6.6, Avg: 6.9, Max: 7.1, Diff: 0.5, Sum: 69.1]
      [Termination (ms): Min: 0.0, Avg: 0.3, Max: 0.4, Diff: 0.4, Sum: 3.1]
         [Termination Attempts: Min: 1, Avg: 1.0, Max: 1, Diff: 0, Sum: 10]
      [GC Worker Other (ms): Min: 0.0, Avg: 0.0, Max: 0.1, Diff: 0.1, Sum: 0.4]
      [GC Worker Total (ms): Min: 7.6, Avg: 7.8, Max: 7.9, Diff: 0.3, Sum: 77.9]
      [GC Worker End (ms): Min: 824.2, Avg: 824.2, Max: 824.3, Diff: 0.0]
   [Code Root Fixup: 0.0 ms]
   [Code Root Purge: 0.0 ms]
   [Clear CT: 0.1 ms]
   [Other: 1.4 ms]
      [Choose CSet: 0.0 ms]
      [Ref Proc: 0.2 ms]
      [Ref Enq: 0.0 ms]
      [Redirty Cards: 0.1 ms]
      [Humongous Register: 0.3 ms]
      [Humongous Reclaim: 0.4 ms]
      [Free CSet: 0.2 ms]
   [Eden: 243.0M(243.0M)->0.0B(20.0M) Survivors: 3072.0K->31.0M Heap: 832.7M(1024.0M)->608.0M(1024.0M)]
 [Times: user=0.00 sys=0.00, real=0.01 secs] 
2022-01-06T21:50:32.204+0800: 0.829: [GC pause (G1 Evacuation Pause) (mixed), 0.0059133 secs]
   [Parallel Time: 5.0 ms, GC Workers: 10]
      [GC Worker Start (ms): Min: 829.8, Avg: 829.9, Max: 830.1, Diff: 0.3]
      [Ext Root Scanning (ms): Min: 0.0, Avg: 0.2, Max: 0.3, Diff: 0.3, Sum: 1.8]
      [Update RS (ms): Min: 0.2, Avg: 0.3, Max: 0.6, Diff: 0.3, Sum: 2.9]
         [Processed Buffers: Min: 0, Avg: 2.7, Max: 4, Diff: 4, Sum: 27]
      [Scan RS (ms): Min: 0.0, Avg: 0.0, Max: 0.1, Diff: 0.1, Sum: 0.3]
      [Code Root Scanning (ms): Min: 0.0, Avg: 0.0, Max: 0.0, Diff: 0.0, Sum: 0.0]
      [Object Copy (ms): Min: 3.9, Avg: 4.2, Max: 4.3, Diff: 0.4, Sum: 42.0]
      [Termination (ms): Min: 0.0, Avg: 0.1, Max: 0.1, Diff: 0.1, Sum: 0.7]
         [Termination Attempts: Min: 1, Avg: 1.0, Max: 1, Diff: 0, Sum: 10]
      [GC Worker Other (ms): Min: 0.0, Avg: 0.0, Max: 0.0, Diff: 0.0, Sum: 0.3]
      [GC Worker Total (ms): Min: 4.6, Avg: 4.8, Max: 4.9, Diff: 0.3, Sum: 48.0]
      [GC Worker End (ms): Min: 834.6, Avg: 834.7, Max: 834.7, Diff: 0.0]
   [Code Root Fixup: 0.0 ms]
   [Code Root Purge: 0.0 ms]
   [Clear CT: 0.1 ms]
   [Other: 0.8 ms]
      [Choose CSet: 0.1 ms]
      [Ref Proc: 0.1 ms]
      [Ref Enq: 0.0 ms]
      [Redirty Cards: 0.1 ms]
      [Humongous Register: 0.2 ms]
      [Humongous Reclaim: 0.0 ms]
      [Free CSet: 0.2 ms]
   [Eden: 20.0M(20.0M)->0.0B(44.0M) Survivors: 31.0M->7168.0K Heap: 631.4M(1024.0M)->518.6M(1024.0M)]
 [Times: user=0.00 sys=0.00, real=0.01 secs] 
2022-01-06T21:50:32.220+0800: 0.845: [GC pause (G1 Evacuation Pause) (mixed), 0.0058906 secs]
   [Parallel Time: 4.8 ms, GC Workers: 10]
      [GC Worker Start (ms): Min: 845.6, Avg: 845.6, Max: 845.7, Diff: 0.1]
      [Ext Root Scanning (ms): Min: 0.1, Avg: 0.2, Max: 0.2, Diff: 0.1, Sum: 1.9]
      [Update RS (ms): Min: 0.1, Avg: 0.2, Max: 0.6, Diff: 0.4, Sum: 2.2]
         [Processed Buffers: Min: 0, Avg: 2.2, Max: 3, Diff: 3, Sum: 22]
      [Scan RS (ms): Min: 0.0, Avg: 0.1, Max: 0.1, Diff: 0.1, Sum: 0.5]
      [Code Root Scanning (ms): Min: 0.0, Avg: 0.0, Max: 0.0, Diff: 0.0, Sum: 0.0]
      [Object Copy (ms): Min: 3.8, Avg: 4.1, Max: 4.2, Diff: 0.4, Sum: 40.5]
      [Termination (ms): Min: 0.0, Avg: 0.1, Max: 0.2, Diff: 0.2, Sum: 1.3]
         [Termination Attempts: Min: 1, Avg: 1.0, Max: 1, Diff: 0, Sum: 10]
      [GC Worker Other (ms): Min: 0.0, Avg: 0.0, Max: 0.0, Diff: 0.0, Sum: 0.3]
      [GC Worker Total (ms): Min: 4.6, Avg: 4.7, Max: 4.7, Diff: 0.1, Sum: 46.7]
      [GC Worker End (ms): Min: 850.3, Avg: 850.3, Max: 850.3, Diff: 0.0]
   [Code Root Fixup: 0.0 ms]
   [Code Root Purge: 0.0 ms]
   [Clear CT: 0.2 ms]
   [Other: 0.9 ms]
      [Choose CSet: 0.1 ms]
      [Ref Proc: 0.2 ms]
      [Ref Enq: 0.0 ms]
      [Redirty Cards: 0.1 ms]
      [Humongous Register: 0.2 ms]
      [Humongous Reclaim: 0.1 ms]
      [Free CSet: 0.2 ms]
   [Eden: 44.0M(44.0M)->0.0B(44.0M) Survivors: 7168.0K->7168.0K Heap: 576.8M(1024.0M)->459.8M(1024.0M)]
 [Times: user=0.00 sys=0.00, real=0.01 secs] 
2022-01-06T21:50:32.235+0800: 0.860: [GC pause (G1 Evacuation Pause) (mixed), 0.0037435 secs]
   [Parallel Time: 2.9 ms, GC Workers: 10]
      [GC Worker Start (ms): Min: 860.7, Avg: 860.8, Max: 860.9, Diff: 0.2]
      [Ext Root Scanning (ms): Min: 0.0, Avg: 0.2, Max: 0.2, Diff: 0.2, Sum: 1.7]
      [Update RS (ms): Min: 0.3, Avg: 0.3, Max: 0.7, Diff: 0.4, Sum: 3.5]
         [Processed Buffers: Min: 0, Avg: 3.4, Max: 5, Diff: 5, Sum: 34]
      [Scan RS (ms): Min: 0.0, Avg: 0.0, Max: 0.0, Diff: 0.0, Sum: 0.1]
      [Code Root Scanning (ms): Min: 0.0, Avg: 0.0, Max: 0.0, Diff: 0.0, Sum: 0.0]
      [Object Copy (ms): Min: 1.8, Avg: 2.1, Max: 2.2, Diff: 0.4, Sum: 20.9]
      [Termination (ms): Min: 0.0, Avg: 0.0, Max: 0.1, Diff: 0.1, Sum: 0.5]
         [Termination Attempts: Min: 1, Avg: 1.0, Max: 1, Diff: 0, Sum: 10]
      [GC Worker Other (ms): Min: 0.0, Avg: 0.0, Max: 0.1, Diff: 0.0, Sum: 0.3]
      [GC Worker Total (ms): Min: 2.5, Avg: 2.7, Max: 2.8, Diff: 0.3, Sum: 27.0]
      [GC Worker End (ms): Min: 863.4, Avg: 863.5, Max: 863.5, Diff: 0.0]
   [Code Root Fixup: 0.0 ms]
   [Code Root Purge: 0.0 ms]
   [Clear CT: 0.1 ms]
   [Other: 0.8 ms]
      [Choose CSet: 0.0 ms]
      [Ref Proc: 0.2 ms]
      [Ref Enq: 0.0 ms]
      [Redirty Cards: 0.1 ms]
      [Humongous Register: 0.2 ms]
      [Humongous Reclaim: 0.1 ms]
      [Free CSet: 0.1 ms]
   [Eden: 44.0M(44.0M)->0.0B(286.0M) Survivors: 7168.0K->7168.0K Heap: 517.2M(1024.0M)->473.6M(1024.0M)]
 [Times: user=0.00 sys=0.00, real=0.01 secs] 
2022-01-06T21:50:32.240+0800: 0.865: [GC pause (G1 Humongous Allocation) (young) (initial-mark), 0.0017944 secs]
   [Parallel Time: 1.1 ms, GC Workers: 10]
      [GC Worker Start (ms): Min: 864.9, Avg: 864.9, Max: 865.1, Diff: 0.3]
      [Ext Root Scanning (ms): Min: 0.0, Avg: 0.3, Max: 0.8, Diff: 0.8, Sum: 3.3]
      [Update RS (ms): Min: 0.0, Avg: 0.1, Max: 0.2, Diff: 0.2, Sum: 0.7]
         [Processed Buffers: Min: 0, Avg: 1.1, Max: 2, Diff: 2, Sum: 11]
      [Scan RS (ms): Min: 0.0, Avg: 0.0, Max: 0.0, Diff: 0.0, Sum: 0.0]
      [Code Root Scanning (ms): Min: 0.0, Avg: 0.0, Max: 0.0, Diff: 0.0, Sum: 0.0]
      [Object Copy (ms): Min: 0.1, Avg: 0.5, Max: 0.7, Diff: 0.6, Sum: 4.8]
      [Termination (ms): Min: 0.0, Avg: 0.1, Max: 0.1, Diff: 0.1, Sum: 0.6]
         [Termination Attempts: Min: 1, Avg: 1.0, Max: 1, Diff: 0, Sum: 10]
      [GC Worker Other (ms): Min: 0.0, Avg: 0.0, Max: 0.0, Diff: 0.0, Sum: 0.1]
      [GC Worker Total (ms): Min: 0.8, Avg: 1.0, Max: 1.0, Diff: 0.3, Sum: 9.5]
      [GC Worker End (ms): Min: 865.9, Avg: 865.9, Max: 865.9, Diff: 0.0]
   [Code Root Fixup: 0.0 ms]
   [Code Root Purge: 0.0 ms]
   [Clear CT: 0.1 ms]
   [Other: 0.6 ms]
      [Choose CSet: 0.0 ms]
      [Ref Proc: 0.1 ms]
      [Ref Enq: 0.0 ms]
      [Redirty Cards: 0.1 ms]
      [Humongous Register: 0.1 ms]
      [Humongous Reclaim: 0.0 ms]
      [Free CSet: 0.0 ms]
   [Eden: 1024.0K(286.0M)->0.0B(276.0M) Survivors: 7168.0K->8192.0K Heap: 474.5M(1024.0M)->473.5M(1024.0M)]
 [Times: user=0.00 sys=0.00, real=0.00 secs] 
2022-01-06T21:50:32.242+0800: 0.867: [GC concurrent-root-region-scan-start]
2022-01-06T21:50:32.242+0800: 0.867: [GC concurrent-root-region-scan-end, 0.0001763 secs]
2022-01-06T21:50:32.242+0800: 0.867: [GC concurrent-mark-start]
2022-01-06T21:50:32.244+0800: 0.869: [GC concurrent-mark-end, 0.0020261 secs]
2022-01-06T21:50:32.244+0800: 0.869: [GC remark 2022-01-06T21:50:32.244+0800: 0.869: [Finalize Marking, 0.0001604 secs] 2022-01-06T21:50:32.244+0800: 0.869: [GC ref-proc, 0.0001928 secs] 2022-01-06T21:50:32.245+0800: 0.869: [Unloading, 0.0005725 secs], 0.0014857 secs]
 [Times: user=0.00 sys=0.00, real=0.00 secs] 
2022-01-06T21:50:32.246+0800: 0.871: [GC cleanup 485M->479M(1024M), 0.0010942 secs]
 [Times: user=0.00 sys=0.00, real=0.00 secs] 
2022-01-06T21:50:32.246+0800: 0.872: [GC concurrent-cleanup-start]
2022-01-06T21:50:32.246+0800: 0.872: [GC concurrent-cleanup-end, 0.0000278 secs]
2022-01-06T21:50:32.308+0800: 0.933: [GC pause (G1 Evacuation Pause) (young), 0.0104104 secs]
   [Parallel Time: 9.0 ms, GC Workers: 10]
      [GC Worker Start (ms): Min: 933.8, Avg: 934.2, Max: 935.7, Diff: 1.8]
      [Ext Root Scanning (ms): Min: 0.0, Avg: 0.2, Max: 0.3, Diff: 0.3, Sum: 1.6]
      [Update RS (ms): Min: 0.0, Avg: 0.4, Max: 0.6, Diff: 0.6, Sum: 4.4]
         [Processed Buffers: Min: 0, Avg: 4.1, Max: 8, Diff: 8, Sum: 41]
      [Scan RS (ms): Min: 0.0, Avg: 0.1, Max: 0.2, Diff: 0.2, Sum: 0.5]
      [Code Root Scanning (ms): Min: 0.0, Avg: 0.0, Max: 0.0, Diff: 0.0, Sum: 0.0]
      [Object Copy (ms): Min: 6.6, Avg: 7.7, Max: 8.0, Diff: 1.3, Sum: 77.2]
      [Termination (ms): Min: 0.0, Avg: 0.1, Max: 0.2, Diff: 0.2, Sum: 1.1]
         [Termination Attempts: Min: 1, Avg: 1.5, Max: 2, Diff: 1, Sum: 15]
      [GC Worker Other (ms): Min: 0.0, Avg: 0.0, Max: 0.1, Diff: 0.0, Sum: 0.3]
      [GC Worker Total (ms): Min: 7.1, Avg: 8.5, Max: 8.9, Diff: 1.8, Sum: 85.2]
      [GC Worker End (ms): Min: 942.7, Avg: 942.8, Max: 942.8, Diff: 0.0]
   [Code Root Fixup: 0.0 ms]
   [Code Root Purge: 0.0 ms]
   [Clear CT: 0.2 ms]
   [Other: 1.2 ms]
      [Choose CSet: 0.0 ms]
      [Ref Proc: 0.1 ms]
      [Ref Enq: 0.0 ms]
      [Redirty Cards: 0.1 ms]
      [Humongous Register: 0.3 ms]
      [Humongous Reclaim: 0.3 ms]
      [Free CSet: 0.2 ms]
   [Eden: 276.0M(276.0M)->0.0B(15.0M) Survivors: 8192.0K->36.0M Heap: 823.6M(1024.0M)->548.2M(1024.0M)]
 [Times: user=0.09 sys=0.02, real=0.01 secs] 
2022-01-06T21:50:32.322+0800: 0.947: [GC pause (G1 Evacuation Pause) (mixed), 0.0082849 secs]
   [Parallel Time: 7.3 ms, GC Workers: 10]
      [GC Worker Start (ms): Min: 947.8, Avg: 947.9, Max: 948.1, Diff: 0.3]
      [Ext Root Scanning (ms): Min: 0.0, Avg: 0.2, Max: 0.3, Diff: 0.3, Sum: 1.7]
      [Update RS (ms): Min: 0.2, Avg: 0.4, Max: 0.7, Diff: 0.4, Sum: 3.9]
         [Processed Buffers: Min: 0, Avg: 2.8, Max: 5, Diff: 5, Sum: 28]
      [Scan RS (ms): Min: 0.0, Avg: 0.0, Max: 0.1, Diff: 0.1, Sum: 0.5]
      [Code Root Scanning (ms): Min: 0.0, Avg: 0.0, Max: 0.0, Diff: 0.0, Sum: 0.0]
      [Object Copy (ms): Min: 6.1, Avg: 6.4, Max: 6.5, Diff: 0.4, Sum: 63.6]
      [Termination (ms): Min: 0.0, Avg: 0.1, Max: 0.2, Diff: 0.2, Sum: 1.1]
         [Termination Attempts: Min: 1, Avg: 1.1, Max: 2, Diff: 1, Sum: 11]
      [GC Worker Other (ms): Min: 0.0, Avg: 0.0, Max: 0.0, Diff: 0.0, Sum: 0.2]
      [GC Worker Total (ms): Min: 6.9, Avg: 7.1, Max: 7.2, Diff: 0.3, Sum: 71.0]
      [GC Worker End (ms): Min: 955.0, Avg: 955.0, Max: 955.0, Diff: 0.0]
   [Code Root Fixup: 0.0 ms]
   [Code Root Purge: 0.0 ms]
   [Clear CT: 0.1 ms]
   [Other: 0.9 ms]
      [Choose CSet: 0.1 ms]
      [Ref Proc: 0.1 ms]
      [Ref Enq: 0.0 ms]
      [Redirty Cards: 0.1 ms]
      [Humongous Register: 0.2 ms]
      [Humongous Reclaim: 0.1 ms]
      [Free CSet: 0.2 ms]
   [Eden: 15.0M(15.0M)->0.0B(46.0M) Survivors: 36.0M->5120.0K Heap: 569.2M(1024.0M)->475.3M(1024.0M)]
 [Times: user=0.13 sys=0.01, real=0.01 secs] 
2022-01-06T21:50:32.341+0800: 0.966: [GC pause (G1 Evacuation Pause) (mixed), 0.0044056 secs]
   [Parallel Time: 3.4 ms, GC Workers: 10]
      [GC Worker Start (ms): Min: 966.4, Avg: 966.4, Max: 966.6, Diff: 0.2]
      [Ext Root Scanning (ms): Min: 0.0, Avg: 0.2, Max: 0.2, Diff: 0.2, Sum: 1.7]
      [Update RS (ms): Min: 0.3, Avg: 0.3, Max: 0.4, Diff: 0.1, Sum: 3.1]
         [Processed Buffers: Min: 0, Avg: 3.3, Max: 5, Diff: 5, Sum: 33]
      [Scan RS (ms): Min: 0.0, Avg: 0.0, Max: 0.0, Diff: 0.0, Sum: 0.2]
      [Code Root Scanning (ms): Min: 0.0, Avg: 0.0, Max: 0.0, Diff: 0.0, Sum: 0.0]
      [Object Copy (ms): Min: 2.2, Avg: 2.3, Max: 2.5, Diff: 0.3, Sum: 23.2]
      [Termination (ms): Min: 0.0, Avg: 0.2, Max: 0.3, Diff: 0.3, Sum: 1.6]
         [Termination Attempts: Min: 1, Avg: 1.1, Max: 2, Diff: 1, Sum: 11]
      [GC Worker Other (ms): Min: 0.0, Avg: 0.0, Max: 0.0, Diff: 0.0, Sum: 0.2]
      [GC Worker Total (ms): Min: 2.8, Avg: 3.0, Max: 3.0, Diff: 0.2, Sum: 29.9]
      [GC Worker End (ms): Min: 969.4, Avg: 969.4, Max: 969.4, Diff: 0.0]
   [Code Root Fixup: 0.0 ms]
   [Code Root Purge: 0.0 ms]
   [Clear CT: 0.1 ms]
   [Other: 0.9 ms]
      [Choose CSet: 0.0 ms]
      [Ref Proc: 0.2 ms]
      [Ref Enq: 0.0 ms]
      [Redirty Cards: 0.1 ms]
      [Humongous Register: 0.2 ms]
      [Humongous Reclaim: 0.1 ms]
      [Free CSet: 0.1 ms]
   [Eden: 46.0M(46.0M)->0.0B(273.0M) Survivors: 5120.0K->7168.0K Heap: 531.9M(1024.0M)->483.6M(1024.0M)]
 [Times: user=0.09 sys=0.03, real=0.00 secs] 
2022-01-06T21:50:32.346+0800: 0.971: [GC pause (G1 Humongous Allocation) (young) (initial-mark), 0.0020861 secs]
   [Parallel Time: 1.2 ms, GC Workers: 10]
      [GC Worker Start (ms): Min: 971.1, Avg: 971.2, Max: 971.4, Diff: 0.3]
      [Ext Root Scanning (ms): Min: 0.0, Avg: 0.5, Max: 0.8, Diff: 0.8, Sum: 4.7]
      [Update RS (ms): Min: 0.0, Avg: 0.1, Max: 0.3, Diff: 0.3, Sum: 0.9]
         [Processed Buffers: Min: 0, Avg: 1.1, Max: 2, Diff: 2, Sum: 11]
      [Scan RS (ms): Min: 0.0, Avg: 0.0, Max: 0.0, Diff: 0.0, Sum: 0.0]
      [Code Root Scanning (ms): Min: 0.0, Avg: 0.0, Max: 0.0, Diff: 0.0, Sum: 0.0]
      [Object Copy (ms): Min: 0.0, Avg: 0.4, Max: 0.6, Diff: 0.6, Sum: 3.6]
      [Termination (ms): Min: 0.0, Avg: 0.1, Max: 0.1, Diff: 0.1, Sum: 0.8]
         [Termination Attempts: Min: 1, Avg: 1.1, Max: 2, Diff: 1, Sum: 11]
      [GC Worker Other (ms): Min: 0.0, Avg: 0.0, Max: 0.0, Diff: 0.0, Sum: 0.1]
      [GC Worker Total (ms): Min: 0.8, Avg: 1.0, Max: 1.2, Diff: 0.4, Sum: 10.1]
      [GC Worker End (ms): Min: 972.2, Avg: 972.2, Max: 972.3, Diff: 0.1]
   [Code Root Fixup: 0.0 ms]
   [Code Root Purge: 0.0 ms]
   [Clear CT: 0.1 ms]
   [Other: 0.7 ms]
      [Choose CSet: 0.0 ms]
      [Ref Proc: 0.1 ms]
      [Ref Enq: 0.0 ms]
      [Redirty Cards: 0.1 ms]
      [Humongous Register: 0.2 ms]
      [Humongous Reclaim: 0.1 ms]
      [Free CSet: 0.1 ms]
   [Eden: 1024.0K(273.0M)->0.0B(291.0M) Survivors: 7168.0K->7168.0K Heap: 483.7M(1024.0M)->483.5M(1024.0M)]
 [Times: user=0.00 sys=0.00, real=0.00 secs] 
2022-01-06T21:50:32.348+0800: 0.973: [GC concurrent-root-region-scan-start]
2022-01-06T21:50:32.348+0800: 0.973: [GC concurrent-root-region-scan-end, 0.0001351 secs]
2022-01-06T21:50:32.348+0800: 0.973: [GC concurrent-mark-start]
2022-01-06T21:50:32.351+0800: 0.976: [GC concurrent-mark-end, 0.0025430 secs]
2022-01-06T21:50:32.351+0800: 0.976: [GC remark 2022-01-06T21:50:32.351+0800: 0.976: [Finalize Marking, 0.0002423 secs] 2022-01-06T21:50:32.351+0800: 0.976: [GC ref-proc, 0.0001942 secs] 2022-01-06T21:50:32.352+0800: 0.976: [Unloading, 0.0006819 secs], 0.0017820 secs]
 [Times: user=0.00 sys=0.00, real=0.00 secs] 
2022-01-06T21:50:32.353+0800: 0.978: [GC cleanup 493M->490M(1024M), 0.0007650 secs]
 [Times: user=0.00 sys=0.00, real=0.00 secs] 
2022-01-06T21:50:32.354+0800: 0.979: [GC concurrent-cleanup-start]
2022-01-06T21:50:32.354+0800: 0.979: [GC concurrent-cleanup-end, 0.0000136 secs]
2022-01-06T21:50:32.419+0800: 1.045: [GC pause (G1 Evacuation Pause) (young) (to-space exhausted), 0.0095829 secs]
   [Parallel Time: 7.7 ms, GC Workers: 10]
      [GC Worker Start (ms): Min: 1045.1, Avg: 1045.3, Max: 1045.9, Diff: 0.8]
      [Ext Root Scanning (ms): Min: 0.0, Avg: 0.2, Max: 0.3, Diff: 0.3, Sum: 1.7]
      [Update RS (ms): Min: 0.0, Avg: 0.4, Max: 0.7, Diff: 0.7, Sum: 3.8]
         [Processed Buffers: Min: 0, Avg: 3.7, Max: 5, Diff: 5, Sum: 37]
      [Scan RS (ms): Min: 0.0, Avg: 0.0, Max: 0.1, Diff: 0.1, Sum: 0.4]
      [Code Root Scanning (ms): Min: 0.0, Avg: 0.0, Max: 0.0, Diff: 0.0, Sum: 0.0]
      [Object Copy (ms): Min: 6.5, Avg: 6.7, Max: 6.8, Diff: 0.3, Sum: 67.3]
      [Termination (ms): Min: 0.0, Avg: 0.0, Max: 0.1, Diff: 0.1, Sum: 0.3]
         [Termination Attempts: Min: 1, Avg: 1.1, Max: 2, Diff: 1, Sum: 11]
      [GC Worker Other (ms): Min: 0.0, Avg: 0.0, Max: 0.1, Diff: 0.0, Sum: 0.4]
      [GC Worker Total (ms): Min: 6.8, Avg: 7.4, Max: 7.6, Diff: 0.7, Sum: 74.0]
      [GC Worker End (ms): Min: 1052.7, Avg: 1052.7, Max: 1052.7, Diff: 0.0]
   [Code Root Fixup: 0.0 ms]
   [Code Root Purge: 0.0 ms]
   [Clear CT: 0.2 ms]
   [Other: 1.8 ms]
      [Evacuation Failure: 0.2 ms]
      [Choose CSet: 0.0 ms]
      [Ref Proc: 0.4 ms]
      [Ref Enq: 0.0 ms]
      [Redirty Cards: 0.1 ms]
      [Humongous Register: 0.3 ms]
      [Humongous Reclaim: 0.3 ms]
      [Free CSet: 0.2 ms]
   [Eden: 291.0M(291.0M)->0.0B(13.0M) Survivors: 7168.0K->38.0M Heap: 847.1M(1024.0M)->606.6M(1024.0M)]
 [Times: user=0.13 sys=0.00, real=0.01 secs] 
2022-01-06T21:50:32.431+0800: 1.057: [GC pause (G1 Evacuation Pause) (mixed), 0.0097582 secs]
   [Parallel Time: 8.2 ms, GC Workers: 10]
      [GC Worker Start (ms): Min: 1057.6, Avg: 1057.7, Max: 1057.7, Diff: 0.1]
      [Ext Root Scanning (ms): Min: 0.1, Avg: 0.2, Max: 0.2, Diff: 0.1, Sum: 1.9]
      [Update RS (ms): Min: 0.4, Avg: 0.5, Max: 1.1, Diff: 0.7, Sum: 5.2]
         [Processed Buffers: Min: 1, Avg: 4.5, Max: 6, Diff: 5, Sum: 45]
      [Scan RS (ms): Min: 0.0, Avg: 0.1, Max: 0.1, Diff: 0.1, Sum: 0.6]
      [Code Root Scanning (ms): Min: 0.0, Avg: 0.0, Max: 0.0, Diff: 0.0, Sum: 0.0]
      [Object Copy (ms): Min: 6.5, Avg: 7.1, Max: 7.2, Diff: 0.7, Sum: 70.7]
      [Termination (ms): Min: 0.0, Avg: 0.2, Max: 0.2, Diff: 0.2, Sum: 1.8]
         [Termination Attempts: Min: 1, Avg: 1.1, Max: 2, Diff: 1, Sum: 11]
      [GC Worker Other (ms): Min: 0.0, Avg: 0.0, Max: 0.1, Diff: 0.1, Sum: 0.2]
      [GC Worker Total (ms): Min: 8.0, Avg: 8.0, Max: 8.1, Diff: 0.1, Sum: 80.5]
      [GC Worker End (ms): Min: 1065.7, Avg: 1065.7, Max: 1065.7, Diff: 0.0]
   [Code Root Fixup: 0.0 ms]
   [Code Root Purge: 0.0 ms]
   [Clear CT: 0.2 ms]
   [Other: 1.4 ms]
      [Choose CSet: 0.2 ms]
      [Ref Proc: 0.2 ms]
      [Ref Enq: 0.0 ms]
      [Redirty Cards: 0.1 ms]
      [Humongous Register: 0.3 ms]
      [Humongous Reclaim: 0.1 ms]
      [Free CSet: 0.3 ms]
   [Eden: 13.0M(13.0M)->0.0B(45.0M) Survivors: 38.0M->6144.0K Heap: 623.6M(1024.0M)->536.3M(1024.0M)]
 [Times: user=0.05 sys=0.03, real=0.01 secs] 
2022-01-06T21:50:32.453+0800: 1.078: [GC pause (G1 Evacuation Pause) (mixed), 0.0040983 secs]
   [Parallel Time: 3.2 ms, GC Workers: 10]
      [GC Worker Start (ms): Min: 1078.0, Avg: 1078.1, Max: 1078.1, Diff: 0.1]
      [Ext Root Scanning (ms): Min: 0.1, Avg: 0.2, Max: 0.2, Diff: 0.1, Sum: 1.8]
      [Update RS (ms): Min: 0.4, Avg: 0.4, Max: 0.5, Diff: 0.1, Sum: 4.3]
         [Processed Buffers: Min: 0, Avg: 5.2, Max: 6, Diff: 6, Sum: 52]
      [Scan RS (ms): Min: 0.0, Avg: 0.0, Max: 0.1, Diff: 0.1, Sum: 0.2]
      [Code Root Scanning (ms): Min: 0.0, Avg: 0.0, Max: 0.0, Diff: 0.0, Sum: 0.0]
      [Object Copy (ms): Min: 2.2, Avg: 2.3, Max: 2.4, Diff: 0.2, Sum: 23.0]
      [Termination (ms): Min: 0.0, Avg: 0.1, Max: 0.2, Diff: 0.2, Sum: 0.9]
         [Termination Attempts: Min: 1, Avg: 1.0, Max: 1, Diff: 0, Sum: 10]
      [GC Worker Other (ms): Min: 0.0, Avg: 0.0, Max: 0.0, Diff: 0.0, Sum: 0.2]
      [GC Worker Total (ms): Min: 3.0, Avg: 3.0, Max: 3.1, Diff: 0.1, Sum: 30.3]
      [GC Worker End (ms): Min: 1081.1, Avg: 1081.1, Max: 1081.1, Diff: 0.0]
   [Code Root Fixup: 0.0 ms]
   [Code Root Purge: 0.0 ms]
   [Clear CT: 0.1 ms]
   [Other: 0.8 ms]
      [Choose CSet: 0.0 ms]
      [Ref Proc: 0.1 ms]
      [Ref Enq: 0.0 ms]
      [Redirty Cards: 0.1 ms]
      [Humongous Register: 0.2 ms]
      [Humongous Reclaim: 0.1 ms]
      [Free CSet: 0.1 ms]
   [Eden: 45.0M(45.0M)->0.0B(244.0M) Survivors: 6144.0K->7168.0K Heap: 591.5M(1024.0M)->543.4M(1024.0M)]
 [Times: user=0.00 sys=0.00, real=0.00 secs] 
2022-01-06T21:50:32.457+0800: 1.082: [GC pause (G1 Humongous Allocation) (young) (initial-mark), 0.0017940 secs]
   [Parallel Time: 1.1 ms, GC Workers: 10]
      [GC Worker Start (ms): Min: 1082.5, Avg: 1082.6, Max: 1082.8, Diff: 0.3]
      [Ext Root Scanning (ms): Min: 0.0, Avg: 0.2, Max: 0.3, Diff: 0.3, Sum: 2.1]
      [Update RS (ms): Min: 0.0, Avg: 0.1, Max: 0.3, Diff: 0.3, Sum: 1.2]
         [Processed Buffers: Min: 0, Avg: 1.1, Max: 2, Diff: 2, Sum: 11]
      [Scan RS (ms): Min: 0.0, Avg: 0.0, Max: 0.0, Diff: 0.0, Sum: 0.0]
      [Code Root Scanning (ms): Min: 0.0, Avg: 0.0, Max: 0.0, Diff: 0.0, Sum: 0.0]
      [Object Copy (ms): Min: 0.3, Avg: 0.5, Max: 0.6, Diff: 0.3, Sum: 5.0]
      [Termination (ms): Min: 0.0, Avg: 0.1, Max: 0.1, Diff: 0.1, Sum: 0.6]
         [Termination Attempts: Min: 1, Avg: 1.0, Max: 1, Diff: 0, Sum: 10]
      [GC Worker Other (ms): Min: 0.0, Avg: 0.0, Max: 0.0, Diff: 0.0, Sum: 0.1]
      [GC Worker Total (ms): Min: 0.7, Avg: 0.9, Max: 1.0, Diff: 0.2, Sum: 9.0]
      [GC Worker End (ms): Min: 1083.5, Avg: 1083.5, Max: 1083.5, Diff: 0.0]
   [Code Root Fixup: 0.0 ms]
   [Code Root Purge: 0.0 ms]
   [Clear CT: 0.1 ms]
   [Other: 0.7 ms]
      [Choose CSet: 0.0 ms]
      [Ref Proc: 0.2 ms]
      [Ref Enq: 0.0 ms]
      [Redirty Cards: 0.1 ms]
      [Humongous Register: 0.2 ms]
      [Humongous Reclaim: 0.0 ms]
      [Free CSet: 0.0 ms]
   [Eden: 1024.0K(244.0M)->0.0B(249.0M) Survivors: 7168.0K->8192.0K Heap: 544.3M(1024.0M)->543.8M(1024.0M)]
 [Times: user=0.00 sys=0.00, real=0.00 secs] 
2022-01-06T21:50:32.459+0800: 1.084: [GC concurrent-root-region-scan-start]
2022-01-06T21:50:32.459+0800: 1.084: [GC concurrent-root-region-scan-end, 0.0001092 secs]
2022-01-06T21:50:32.459+0800: 1.084: [GC concurrent-mark-start]
2022-01-06T21:50:32.461+0800: 1.087: [GC concurrent-mark-end, 0.0024230 secs]
2022-01-06T21:50:32.461+0800: 1.087: [GC remark 2022-01-06T21:50:32.461+0800: 1.087: [Finalize Marking, 0.0001917 secs] 2022-01-06T21:50:32.462+0800: 1.087: [GC ref-proc, 0.0001809 secs] 2022-01-06T21:50:32.462+0800: 1.087: [Unloading, 0.0006537 secs], 0.0019973 secs]
 [Times: user=0.00 sys=0.00, real=0.00 secs] 
2022-01-06T21:50:32.464+0800: 1.089: [GC cleanup 556M->549M(1024M), 0.0011417 secs]
 [Times: user=0.00 sys=0.00, real=0.00 secs] 
2022-01-06T21:50:32.465+0800: 1.090: [GC concurrent-cleanup-start]
2022-01-06T21:50:32.465+0800: 1.090: [GC concurrent-cleanup-end, 0.0000295 secs]
Heap
 garbage-first heap   total 1048576K, used 712087K [0x00000000c0000000, 0x00000000c0102000, 0x0000000100000000)
  region size 1024K, 144 young (147456K), 8 survivors (8192K)
 Metaspace       used 2712K, capacity 4486K, committed 4864K, reserved 1056768K
  class space    used 295K, capacity 386K, committed 512K, reserved 1048576K
