Java HotSpot(TM) 64-Bit Server VM (25.77-b03) for windows-amd64 JRE (1.8.0_77-b03), built on Mar 20 2016 22:01:33 by "java_re" with MS VC++ 10.0 (VS2010)
Memory: 4k page, physical 16725344k(6464808k free), swap 25802924k(5248388k free)
CommandLine flags: -XX:InitialHeapSize=1073741824 -XX:MaxHeapSize=1073741824 -XX:+PrintGC -XX:+PrintGCDateStamps -XX:+PrintGCDetails -XX:+PrintGCTimeStamps -XX:+UseCompressedClassPointers -XX:+UseCompressedOops -XX:+UseG1GC -XX:-UseLargePagesIndividualAllocation 
2022-01-06T21:50:23.682+0800: 0.168: [GC pause (G1 Evacuation Pause) (young), 0.0055772 secs]
   [Parallel Time: 4.9 ms, GC Workers: 10]
      [GC Worker Start (ms): Min: 167.8, Avg: 167.9, Max: 167.9, Diff: 0.1]
      [Ext Root Scanning (ms): Min: 0.0, Avg: 0.3, Max: 0.9, Diff: 0.9, Sum: 2.8]
      [Update RS (ms): Min: 0.0, Avg: 0.0, Max: 0.0, Diff: 0.0, Sum: 0.0]
         [Processed Buffers: Min: 0, Avg: 0.0, Max: 0, Diff: 0, Sum: 0]
      [Scan RS (ms): Min: 0.0, Avg: 0.0, Max: 0.0, Diff: 0.0, Sum: 0.1]
      [Code Root Scanning (ms): Min: 0.0, Avg: 0.0, Max: 0.0, Diff: 0.0, Sum: 0.0]
      [Object Copy (ms): Min: 3.6, Avg: 4.0, Max: 4.2, Diff: 0.6, Sum: 40.1]
      [Termination (ms): Min: 0.1, Avg: 0.3, Max: 0.4, Diff: 0.3, Sum: 3.2]
         [Termination Attempts: Min: 1, Avg: 3.2, Max: 7, Diff: 6, Sum: 32]
      [GC Worker Other (ms): Min: 0.1, Avg: 0.2, Max: 0.9, Diff: 0.8, Sum: 1.8]
      [GC Worker Total (ms): Min: 4.8, Avg: 4.8, Max: 4.8, Diff: 0.1, Sum: 48.0]
      [GC Worker End (ms): Min: 172.7, Avg: 172.7, Max: 172.7, Diff: 0.0]
   [Code Root Fixup: 0.0 ms]
   [Code Root Purge: 0.0 ms]
   [Clear CT: 0.1 ms]
   [Other: 0.5 ms]
      [Choose CSet: 0.0 ms]
      [Ref Proc: 0.2 ms]
      [Ref Enq: 0.0 ms]
      [Redirty Cards: 0.1 ms]
      [Humongous Register: 0.0 ms]
      [Humongous Reclaim: 0.0 ms]
      [Free CSet: 0.0 ms]
   [Eden: 51.0M(51.0M)->0.0B(44.0M) Survivors: 0.0B->7168.0K Heap: 60.4M(1024.0M)->24.6M(1024.0M)]
 [Times: user=0.03 sys=0.13, real=0.01 secs] 
2022-01-06T21:50:23.706+0800: 0.190: [GC pause (G1 Evacuation Pause) (young), 0.0043477 secs]
   [Parallel Time: 3.7 ms, GC Workers: 10]
      [GC Worker Start (ms): Min: 190.5, Avg: 190.6, Max: 190.9, Diff: 0.4]
      [Ext Root Scanning (ms): Min: 0.0, Avg: 0.2, Max: 0.3, Diff: 0.3, Sum: 1.8]
      [Update RS (ms): Min: 0.0, Avg: 0.0, Max: 0.0, Diff: 0.0, Sum: 0.0]
         [Processed Buffers: Min: 0, Avg: 0.6, Max: 3, Diff: 3, Sum: 6]
      [Scan RS (ms): Min: 0.0, Avg: 0.0, Max: 0.0, Diff: 0.0, Sum: 0.1]
      [Code Root Scanning (ms): Min: 0.0, Avg: 0.0, Max: 0.0, Diff: 0.0, Sum: 0.0]
      [Object Copy (ms): Min: 3.1, Avg: 3.1, Max: 3.2, Diff: 0.2, Sum: 31.4]
      [Termination (ms): Min: 0.0, Avg: 0.2, Max: 0.2, Diff: 0.2, Sum: 1.8]
         [Termination Attempts: Min: 1, Avg: 1.0, Max: 1, Diff: 0, Sum: 10]
      [GC Worker Other (ms): Min: 0.0, Avg: 0.0, Max: 0.0, Diff: 0.0, Sum: 0.1]
      [GC Worker Total (ms): Min: 3.2, Avg: 3.5, Max: 3.6, Diff: 0.4, Sum: 35.3]
      [GC Worker End (ms): Min: 194.1, Avg: 194.1, Max: 194.1, Diff: 0.0]
   [Code Root Fixup: 0.0 ms]
   [Code Root Purge: 0.0 ms]
   [Clear CT: 0.1 ms]
   [Other: 0.5 ms]
      [Choose CSet: 0.0 ms]
      [Ref Proc: 0.2 ms]
      [Ref Enq: 0.0 ms]
      [Redirty Cards: 0.1 ms]
      [Humongous Register: 0.0 ms]
      [Humongous Reclaim: 0.0 ms]
      [Free CSet: 0.0 ms]
   [Eden: 44.0M(44.0M)->0.0B(44.0M) Survivors: 7168.0K->7168.0K Heap: 78.3M(1024.0M)->41.0M(1024.0M)]
 [Times: user=0.00 sys=0.00, real=0.00 secs] 
2022-01-06T21:50:23.724+0800: 0.210: [GC pause (G1 Evacuation Pause) (young), 0.0042624 secs]
   [Parallel Time: 3.7 ms, GC Workers: 10]
      [GC Worker Start (ms): Min: 209.9, Avg: 210.0, Max: 210.2, Diff: 0.3]
      [Ext Root Scanning (ms): Min: 0.0, Avg: 0.2, Max: 0.2, Diff: 0.2, Sum: 1.5]
      [Update RS (ms): Min: 0.1, Avg: 0.2, Max: 0.6, Diff: 0.5, Sum: 1.6]
         [Processed Buffers: Min: 1, Avg: 1.2, Max: 2, Diff: 1, Sum: 12]
      [Scan RS (ms): Min: 0.0, Avg: 0.0, Max: 0.0, Diff: 0.0, Sum: 0.1]
      [Code Root Scanning (ms): Min: 0.0, Avg: 0.0, Max: 0.0, Diff: 0.0, Sum: 0.0]
      [Object Copy (ms): Min: 2.5, Avg: 3.0, Max: 3.2, Diff: 0.8, Sum: 30.0]
      [Termination (ms): Min: 0.0, Avg: 0.2, Max: 0.4, Diff: 0.4, Sum: 1.9]
         [Termination Attempts: Min: 1, Avg: 1.0, Max: 1, Diff: 0, Sum: 10]
      [GC Worker Other (ms): Min: 0.0, Avg: 0.0, Max: 0.0, Diff: 0.0, Sum: 0.2]
      [GC Worker Total (ms): Min: 3.3, Avg: 3.5, Max: 3.6, Diff: 0.3, Sum: 35.3]
      [GC Worker End (ms): Min: 213.5, Avg: 213.5, Max: 213.5, Diff: 0.0]
   [Code Root Fixup: 0.0 ms]
   [Code Root Purge: 0.0 ms]
   [Clear CT: 0.1 ms]
   [Other: 0.4 ms]
      [Choose CSet: 0.0 ms]
      [Ref Proc: 0.1 ms]
      [Ref Enq: 0.0 ms]
      [Redirty Cards: 0.1 ms]
      [Humongous Register: 0.0 ms]
      [Humongous Reclaim: 0.0 ms]
      [Free CSet: 0.0 ms]
   [Eden: 44.0M(44.0M)->0.0B(63.0M) Survivors: 7168.0K->7168.0K Heap: 95.7M(1024.0M)->57.6M(1024.0M)]
 [Times: user=0.00 sys=0.00, real=0.01 secs] 
2022-01-06T21:50:23.757+0800: 0.242: [GC pause (G1 Evacuation Pause) (young), 0.0065530 secs]
   [Parallel Time: 5.8 ms, GC Workers: 10]
      [GC Worker Start (ms): Min: 242.5, Avg: 242.6, Max: 242.6, Diff: 0.1]
      [Ext Root Scanning (ms): Min: 0.1, Avg: 0.2, Max: 0.2, Diff: 0.1, Sum: 1.8]
      [Update RS (ms): Min: 0.0, Avg: 0.0, Max: 0.1, Diff: 0.1, Sum: 0.4]
         [Processed Buffers: Min: 0, Avg: 1.1, Max: 3, Diff: 3, Sum: 11]
      [Scan RS (ms): Min: 0.0, Avg: 0.0, Max: 0.0, Diff: 0.0, Sum: 0.1]
      [Code Root Scanning (ms): Min: 0.0, Avg: 0.0, Max: 0.0, Diff: 0.0, Sum: 0.0]
      [Object Copy (ms): Min: 5.0, Avg: 5.2, Max: 5.4, Diff: 0.4, Sum: 52.0]
      [Termination (ms): Min: 0.0, Avg: 0.2, Max: 0.4, Diff: 0.4, Sum: 2.2]
         [Termination Attempts: Min: 1, Avg: 1.0, Max: 1, Diff: 0, Sum: 10]
      [GC Worker Other (ms): Min: 0.0, Avg: 0.0, Max: 0.0, Diff: 0.0, Sum: 0.2]
      [GC Worker Total (ms): Min: 5.6, Avg: 5.7, Max: 5.7, Diff: 0.1, Sum: 56.7]
      [GC Worker End (ms): Min: 248.2, Avg: 248.2, Max: 248.2, Diff: 0.0]
   [Code Root Fixup: 0.0 ms]
   [Code Root Purge: 0.0 ms]
   [Clear CT: 0.1 ms]
   [Other: 0.6 ms]
      [Choose CSet: 0.0 ms]
      [Ref Proc: 0.2 ms]
      [Ref Enq: 0.0 ms]
      [Redirty Cards: 0.1 ms]
      [Humongous Register: 0.1 ms]
      [Humongous Reclaim: 0.1 ms]
      [Free CSet: 0.1 ms]
   [Eden: 63.0M(63.0M)->0.0B(509.0M) Survivors: 7168.0K->9216.0K Heap: 138.1M(1024.0M)->85.0M(1024.0M)]
 [Times: user=0.00 sys=0.00, real=0.01 secs] 
2022-01-06T21:50:24.053+0800: 0.539: [GC pause (G1 Evacuation Pause) (young), 0.0248156 secs]
   [Parallel Time: 23.6 ms, GC Workers: 10]
      [GC Worker Start (ms): Min: 539.3, Avg: 539.3, Max: 539.4, Diff: 0.1]
      [Ext Root Scanning (ms): Min: 0.1, Avg: 0.2, Max: 0.2, Diff: 0.1, Sum: 1.7]
      [Update RS (ms): Min: 0.1, Avg: 0.1, Max: 0.3, Diff: 0.3, Sum: 1.3]
         [Processed Buffers: Min: 0, Avg: 1.3, Max: 2, Diff: 2, Sum: 13]
      [Scan RS (ms): Min: 0.0, Avg: 0.1, Max: 0.1, Diff: 0.1, Sum: 0.7]
      [Code Root Scanning (ms): Min: 0.0, Avg: 0.0, Max: 0.0, Diff: 0.0, Sum: 0.0]
      [Object Copy (ms): Min: 22.6, Avg: 22.8, Max: 23.1, Diff: 0.4, Sum: 228.5]
      [Termination (ms): Min: 0.0, Avg: 0.2, Max: 0.3, Diff: 0.3, Sum: 1.9]
         [Termination Attempts: Min: 1, Avg: 2.4, Max: 7, Diff: 6, Sum: 24]
      [GC Worker Other (ms): Min: 0.0, Avg: 0.1, Max: 0.1, Diff: 0.1, Sum: 0.5]
      [GC Worker Total (ms): Min: 23.4, Avg: 23.5, Max: 23.5, Diff: 0.1, Sum: 234.6]
      [GC Worker End (ms): Min: 562.8, Avg: 562.8, Max: 562.8, Diff: 0.1]
   [Code Root Fixup: 0.0 ms]
   [Code Root Purge: 0.0 ms]
   [Clear CT: 0.3 ms]
   [Other: 0.9 ms]
      [Choose CSet: 0.0 ms]
      [Ref Proc: 0.1 ms]
      [Ref Enq: 0.0 ms]
      [Redirty Cards: 0.1 ms]
      [Humongous Register: 0.1 ms]
      [Humongous Reclaim: 0.2 ms]
      [Free CSet: 0.2 ms]
   [Eden: 468.0M(468.0M)->0.0B(3072.0K) Survivors: 9216.0K->60.0M Heap: 674.1M(1024.0M)->237.6M(1024.0M)]
 [Times: user=0.09 sys=0.22, real=0.03 secs] 
2022-01-06T21:50:24.079+0800: 0.565: [GC pause (G1 Evacuation Pause) (young), 0.0073820 secs]
   [Parallel Time: 6.5 ms, GC Workers: 10]
      [GC Worker Start (ms): Min: 565.0, Avg: 565.1, Max: 565.3, Diff: 0.2]
      [Ext Root Scanning (ms): Min: 0.0, Avg: 0.2, Max: 0.2, Diff: 0.2, Sum: 1.6]
      [Update RS (ms): Min: 0.1, Avg: 0.1, Max: 0.2, Diff: 0.1, Sum: 1.4]
         [Processed Buffers: Min: 0, Avg: 1.4, Max: 2, Diff: 2, Sum: 14]
      [Scan RS (ms): Min: 0.0, Avg: 0.0, Max: 0.0, Diff: 0.0, Sum: 0.1]
      [Code Root Scanning (ms): Min: 0.0, Avg: 0.0, Max: 0.0, Diff: 0.0, Sum: 0.0]
      [Object Copy (ms): Min: 5.7, Avg: 5.8, Max: 6.1, Diff: 0.4, Sum: 58.2]
      [Termination (ms): Min: 0.0, Avg: 0.2, Max: 0.3, Diff: 0.3, Sum: 2.3]
         [Termination Attempts: Min: 1, Avg: 1.1, Max: 2, Diff: 1, Sum: 11]
      [GC Worker Other (ms): Min: 0.0, Avg: 0.0, Max: 0.0, Diff: 0.0, Sum: 0.2]
      [GC Worker Total (ms): Min: 6.2, Avg: 6.4, Max: 6.4, Diff: 0.3, Sum: 63.6]
      [GC Worker End (ms): Min: 571.5, Avg: 571.5, Max: 571.5, Diff: 0.0]
   [Code Root Fixup: 0.0 ms]
   [Code Root Purge: 0.0 ms]
   [Clear CT: 0.1 ms]
   [Other: 0.8 ms]
      [Choose CSet: 0.0 ms]
      [Ref Proc: 0.2 ms]
      [Ref Enq: 0.0 ms]
      [Redirty Cards: 0.2 ms]
      [Humongous Register: 0.1 ms]
      [Humongous Reclaim: 0.0 ms]
      [Free CSet: 0.1 ms]
   [Eden: 3072.0K(3072.0K)->0.0B(140.0M) Survivors: 60.0M->2048.0K Heap: 241.9M(1024.0M)->238.1M(1024.0M)]
 [Times: user=0.00 sys=0.00, real=0.01 secs] 
2022-01-06T21:50:24.123+0800: 0.609: [GC pause (G1 Evacuation Pause) (young), 0.0087785 secs]
   [Parallel Time: 8.0 ms, GC Workers: 10]
      [GC Worker Start (ms): Min: 609.2, Avg: 609.2, Max: 609.2, Diff: 0.1]
      [Ext Root Scanning (ms): Min: 0.1, Avg: 0.2, Max: 0.2, Diff: 0.1, Sum: 1.7]
      [Update RS (ms): Min: 0.2, Avg: 0.2, Max: 0.3, Diff: 0.1, Sum: 1.8]
         [Processed Buffers: Min: 0, Avg: 2.0, Max: 3, Diff: 3, Sum: 20]
      [Scan RS (ms): Min: 0.0, Avg: 0.0, Max: 0.0, Diff: 0.0, Sum: 0.2]
      [Code Root Scanning (ms): Min: 0.0, Avg: 0.0, Max: 0.0, Diff: 0.0, Sum: 0.0]
      [Object Copy (ms): Min: 7.2, Avg: 7.3, Max: 7.4, Diff: 0.3, Sum: 72.8]
      [Termination (ms): Min: 0.0, Avg: 0.1, Max: 0.2, Diff: 0.2, Sum: 1.4]
         [Termination Attempts: Min: 1, Avg: 1.0, Max: 1, Diff: 0, Sum: 10]
      [GC Worker Other (ms): Min: 0.0, Avg: 0.0, Max: 0.1, Diff: 0.0, Sum: 0.3]
      [GC Worker Total (ms): Min: 7.8, Avg: 7.8, Max: 7.9, Diff: 0.1, Sum: 78.2]
      [GC Worker End (ms): Min: 617.0, Avg: 617.0, Max: 617.0, Diff: 0.0]
   [Code Root Fixup: 0.0 ms]
   [Code Root Purge: 0.0 ms]
   [Clear CT: 0.1 ms]
   [Other: 0.7 ms]
      [Choose CSet: 0.0 ms]
      [Ref Proc: 0.1 ms]
      [Ref Enq: 0.0 ms]
      [Redirty Cards: 0.1 ms]
      [Humongous Register: 0.1 ms]
      [Humongous Reclaim: 0.1 ms]
      [Free CSet: 0.1 ms]
   [Eden: 140.0M(140.0M)->0.0B(164.0M) Survivors: 2048.0K->18.0M Heap: 419.8M(1024.0M)->293.7M(1024.0M)]
 [Times: user=0.02 sys=0.00, real=0.01 secs] 
2022-01-06T21:50:24.182+0800: 0.668: [GC pause (G1 Evacuation Pause) (young), 0.0118935 secs]
   [Parallel Time: 10.9 ms, GC Workers: 10]
      [GC Worker Start (ms): Min: 667.9, Avg: 668.0, Max: 668.1, Diff: 0.2]
      [Ext Root Scanning (ms): Min: 0.1, Avg: 0.2, Max: 0.2, Diff: 0.2, Sum: 1.8]
      [Update RS (ms): Min: 0.2, Avg: 0.3, Max: 0.7, Diff: 0.5, Sum: 3.0]
         [Processed Buffers: Min: 0, Avg: 2.1, Max: 3, Diff: 3, Sum: 21]
      [Scan RS (ms): Min: 0.0, Avg: 0.1, Max: 0.5, Diff: 0.5, Sum: 0.7]
      [Code Root Scanning (ms): Min: 0.0, Avg: 0.0, Max: 0.0, Diff: 0.0, Sum: 0.0]
      [Object Copy (ms): Min: 9.6, Avg: 10.0, Max: 10.3, Diff: 0.7, Sum: 99.9]
      [Termination (ms): Min: 0.0, Avg: 0.2, Max: 0.3, Diff: 0.3, Sum: 1.8]
         [Termination Attempts: Min: 1, Avg: 1.3, Max: 2, Diff: 1, Sum: 13]
      [GC Worker Other (ms): Min: 0.0, Avg: 0.0, Max: 0.1, Diff: 0.0, Sum: 0.4]
      [GC Worker Total (ms): Min: 10.6, Avg: 10.8, Max: 10.8, Diff: 0.2, Sum: 107.6]
      [GC Worker End (ms): Min: 678.7, Avg: 678.7, Max: 678.7, Diff: 0.0]
   [Code Root Fixup: 0.0 ms]
   [Code Root Purge: 0.0 ms]
   [Clear CT: 0.2 ms]
   [Other: 0.8 ms]
      [Choose CSet: 0.0 ms]
      [Ref Proc: 0.2 ms]
      [Ref Enq: 0.0 ms]
      [Redirty Cards: 0.1 ms]
      [Humongous Register: 0.2 ms]
      [Humongous Reclaim: 0.1 ms]
      [Free CSet: 0.1 ms]
   [Eden: 164.0M(164.0M)->0.0B(238.0M) Survivors: 18.0M->23.0M Heap: 519.5M(1024.0M)->353.5M(1024.0M)]
 [Times: user=0.06 sys=0.08, real=0.01 secs] 
2022-01-06T21:50:24.240+0800: 0.725: [GC pause (G1 Humongous Allocation) (young) (initial-mark), 0.0103472 secs]
   [Parallel Time: 9.3 ms, GC Workers: 10]
      [GC Worker Start (ms): Min: 725.5, Avg: 725.6, Max: 725.7, Diff: 0.3]
      [Ext Root Scanning (ms): Min: 0.0, Avg: 0.3, Max: 1.2, Diff: 1.2, Sum: 3.3]
      [Update RS (ms): Min: 0.0, Avg: 0.2, Max: 0.4, Diff: 0.4, Sum: 2.1]
         [Processed Buffers: Min: 0, Avg: 2.2, Max: 3, Diff: 3, Sum: 22]
      [Scan RS (ms): Min: 0.0, Avg: 0.0, Max: 0.1, Diff: 0.1, Sum: 0.3]
      [Code Root Scanning (ms): Min: 0.0, Avg: 0.0, Max: 0.0, Diff: 0.0, Sum: 0.0]
      [Object Copy (ms): Min: 7.6, Avg: 8.4, Max: 8.6, Diff: 1.1, Sum: 84.1]
      [Termination (ms): Min: 0.0, Avg: 0.1, Max: 0.2, Diff: 0.2, Sum: 1.1]
         [Termination Attempts: Min: 1, Avg: 1.3, Max: 2, Diff: 1, Sum: 13]
      [GC Worker Other (ms): Min: 0.0, Avg: 0.0, Max: 0.1, Diff: 0.0, Sum: 0.4]
      [GC Worker Total (ms): Min: 8.9, Avg: 9.1, Max: 9.3, Diff: 0.3, Sum: 91.3]
      [GC Worker End (ms): Min: 734.7, Avg: 734.7, Max: 734.7, Diff: 0.0]
   [Code Root Fixup: 0.0 ms]
   [Code Root Purge: 0.0 ms]
   [Clear CT: 0.1 ms]
   [Other: 0.9 ms]
      [Choose CSet: 0.0 ms]
      [Ref Proc: 0.1 ms]
      [Ref Enq: 0.0 ms]
      [Redirty Cards: 0.1 ms]
      [Humongous Register: 0.2 ms]
      [Humongous Reclaim: 0.1 ms]
      [Free CSet: 0.1 ms]
   [Eden: 189.0M(238.0M)->0.0B(287.0M) Survivors: 23.0M->33.0M Heap: 595.2M(1024.0M)->409.0M(1024.0M)]
 [Times: user=0.14 sys=0.02, real=0.01 secs] 
2022-01-06T21:50:24.250+0800: 0.736: [GC concurrent-root-region-scan-start]
2022-01-06T21:50:24.250+0800: 0.736: [GC concurrent-root-region-scan-end, 0.0001778 secs]
2022-01-06T21:50:24.250+0800: 0.736: [GC concurrent-mark-start]
2022-01-06T21:50:24.252+0800: 0.737: [GC concurrent-mark-end, 0.0017051 secs]
2022-01-06T21:50:24.252+0800: 0.738: [GC remark 2022-01-06T21:50:24.252+0800: 0.738: [Finalize Marking, 0.0001500 secs] 2022-01-06T21:50:24.252+0800: 0.738: [GC ref-proc, 0.0002398 secs] 2022-01-06T21:50:24.253+0800: 0.738: [Unloading, 0.0007255 secs], 0.0017027 secs]
 [Times: user=0.00 sys=0.00, real=0.00 secs] 
2022-01-06T21:50:24.254+0800: 0.740: [GC cleanup 417M->411M(1024M), 0.0007502 secs]
 [Times: user=0.00 sys=0.00, real=0.00 secs] 
2022-01-06T21:50:24.255+0800: 0.740: [GC concurrent-cleanup-start]
2022-01-06T21:50:24.255+0800: 0.740: [GC concurrent-cleanup-end, 0.0000169 secs]
2022-01-06T21:50:24.318+0800: 0.803: [GC pause (G1 Evacuation Pause) (young), 0.0111453 secs]
   [Parallel Time: 9.8 ms, GC Workers: 10]
      [GC Worker Start (ms): Min: 803.6, Avg: 803.6, Max: 803.7, Diff: 0.1]
      [Ext Root Scanning (ms): Min: 0.1, Avg: 0.2, Max: 0.2, Diff: 0.1, Sum: 1.7]
      [Update RS (ms): Min: 0.1, Avg: 0.3, Max: 1.2, Diff: 1.1, Sum: 2.7]
         [Processed Buffers: Min: 0, Avg: 1.8, Max: 2, Diff: 2, Sum: 18]
      [Scan RS (ms): Min: 0.0, Avg: 0.0, Max: 0.1, Diff: 0.1, Sum: 0.5]
      [Code Root Scanning (ms): Min: 0.0, Avg: 0.0, Max: 0.0, Diff: 0.0, Sum: 0.0]
      [Object Copy (ms): Min: 8.0, Avg: 8.8, Max: 9.1, Diff: 1.1, Sum: 88.4]
      [Termination (ms): Min: 0.0, Avg: 0.2, Max: 0.3, Diff: 0.3, Sum: 2.2]
         [Termination Attempts: Min: 1, Avg: 1.4, Max: 2, Diff: 1, Sum: 14]
      [GC Worker Other (ms): Min: 0.0, Avg: 0.0, Max: 0.0, Diff: 0.0, Sum: 0.3]
      [GC Worker Total (ms): Min: 9.5, Avg: 9.6, Max: 9.6, Diff: 0.1, Sum: 95.7]
      [GC Worker End (ms): Min: 813.2, Avg: 813.2, Max: 813.2, Diff: 0.0]
   [Code Root Fixup: 0.0 ms]
   [Code Root Purge: 0.0 ms]
   [Clear CT: 0.2 ms]
   [Other: 1.1 ms]
      [Choose CSet: 0.0 ms]
      [Ref Proc: 0.2 ms]
      [Ref Enq: 0.0 ms]
      [Redirty Cards: 0.1 ms]
      [Humongous Register: 0.1 ms]
      [Humongous Reclaim: 0.2 ms]
      [Free CSet: 0.4 ms]
   [Eden: 287.0M(287.0M)->0.0B(11.0M) Survivors: 33.0M->40.0M Heap: 762.8M(1024.0M)->474.2M(1024.0M)]
 [Times: user=0.11 sys=0.00, real=0.01 secs] 
2022-01-06T21:50:24.331+0800: 0.817: [GC pause (G1 Evacuation Pause) (mixed), 0.0075351 secs]
   [Parallel Time: 6.6 ms, GC Workers: 10]
      [GC Worker Start (ms): Min: 816.8, Avg: 816.8, Max: 816.9, Diff: 0.1]
      [Ext Root Scanning (ms): Min: 0.1, Avg: 0.2, Max: 0.2, Diff: 0.1, Sum: 1.8]
      [Update RS (ms): Min: 0.2, Avg: 0.2, Max: 0.4, Diff: 0.2, Sum: 2.3]
         [Processed Buffers: Min: 0, Avg: 2.5, Max: 3, Diff: 3, Sum: 25]
      [Scan RS (ms): Min: 0.0, Avg: 0.0, Max: 0.1, Diff: 0.1, Sum: 0.4]
      [Code Root Scanning (ms): Min: 0.0, Avg: 0.0, Max: 0.0, Diff: 0.0, Sum: 0.0]
      [Object Copy (ms): Min: 5.8, Avg: 6.0, Max: 6.0, Diff: 0.2, Sum: 59.6]
      [Termination (ms): Min: 0.0, Avg: 0.1, Max: 0.1, Diff: 0.1, Sum: 0.5]
         [Termination Attempts: Min: 1, Avg: 1.2, Max: 2, Diff: 1, Sum: 12]
      [GC Worker Other (ms): Min: 0.0, Avg: 0.0, Max: 0.1, Diff: 0.1, Sum: 0.3]
      [GC Worker Total (ms): Min: 6.5, Avg: 6.5, Max: 6.5, Diff: 0.1, Sum: 65.0]
      [GC Worker End (ms): Min: 823.3, Avg: 823.3, Max: 823.4, Diff: 0.0]
   [Code Root Fixup: 0.0 ms]
   [Code Root Purge: 0.0 ms]
   [Clear CT: 0.1 ms]
   [Other: 0.8 ms]
      [Choose CSet: 0.0 ms]
      [Ref Proc: 0.2 ms]
      [Ref Enq: 0.0 ms]
      [Redirty Cards: 0.1 ms]
      [Humongous Register: 0.1 ms]
      [Humongous Reclaim: 0.0 ms]
      [Free CSet: 0.2 ms]
   [Eden: 11.0M(11.0M)->0.0B(344.0M) Survivors: 40.0M->3072.0K Heap: 488.3M(1024.0M)->403.8M(1024.0M)]
 [Times: user=0.00 sys=0.00, real=0.01 secs] 
2022-01-06T21:50:24.344+0800: 0.829: [GC pause (G1 Humongous Allocation) (young) (initial-mark), 0.0021982 secs]
   [Parallel Time: 1.5 ms, GC Workers: 10]
      [GC Worker Start (ms): Min: 829.4, Avg: 829.4, Max: 829.5, Diff: 0.1]
      [Ext Root Scanning (ms): Min: 0.2, Avg: 0.2, Max: 0.4, Diff: 0.3, Sum: 2.2]
      [Update RS (ms): Min: 0.1, Avg: 0.2, Max: 0.3, Diff: 0.2, Sum: 2.5]
         [Processed Buffers: Min: 0, Avg: 2.4, Max: 4, Diff: 4, Sum: 24]
      [Scan RS (ms): Min: 0.0, Avg: 0.0, Max: 0.0, Diff: 0.0, Sum: 0.0]
      [Code Root Scanning (ms): Min: 0.0, Avg: 0.0, Max: 0.0, Diff: 0.0, Sum: 0.0]
      [Object Copy (ms): Min: 0.8, Avg: 0.9, Max: 0.9, Diff: 0.1, Sum: 8.8]
      [Termination (ms): Min: 0.0, Avg: 0.0, Max: 0.1, Diff: 0.1, Sum: 0.4]
         [Termination Attempts: Min: 1, Avg: 1.1, Max: 2, Diff: 1, Sum: 11]
      [GC Worker Other (ms): Min: 0.0, Avg: 0.0, Max: 0.0, Diff: 0.0, Sum: 0.2]
      [GC Worker Total (ms): Min: 1.3, Avg: 1.4, Max: 1.5, Diff: 0.1, Sum: 14.0]
      [GC Worker End (ms): Min: 830.8, Avg: 830.8, Max: 830.9, Diff: 0.0]
   [Code Root Fixup: 0.0 ms]
   [Code Root Purge: 0.0 ms]
   [Clear CT: 0.1 ms]
   [Other: 0.6 ms]
      [Choose CSet: 0.0 ms]
      [Ref Proc: 0.1 ms]
      [Ref Enq: 0.0 ms]
      [Redirty Cards: 0.1 ms]
      [Humongous Register: 0.1 ms]
      [Humongous Reclaim: 0.0 ms]
      [Free CSet: 0.0 ms]
   [Eden: 24.0M(344.0M)->0.0B(349.0M) Survivors: 3072.0K->11.0M Heap: 430.2M(1024.0M)->411.0M(1024.0M)]
 [Times: user=0.00 sys=0.00, real=0.00 secs] 
2022-01-06T21:50:24.346+0800: 0.831: [GC concurrent-root-region-scan-start]
2022-01-06T21:50:24.346+0800: 0.832: [GC concurrent-root-region-scan-end, 0.0001087 secs]
2022-01-06T21:50:24.346+0800: 0.832: [GC concurrent-mark-start]
2022-01-06T21:50:24.348+0800: 0.833: [GC concurrent-mark-end, 0.0013287 secs]
2022-01-06T21:50:24.348+0800: 0.833: [GC remark 2022-01-06T21:50:24.348+0800: 0.833: [Finalize Marking, 0.0001481 secs] 2022-01-06T21:50:24.348+0800: 0.833: [GC ref-proc, 0.0001764 secs] 2022-01-06T21:50:24.348+0800: 0.833: [Unloading, 0.0005013 secs], 0.0013580 secs]
 [Times: user=0.00 sys=0.00, real=0.00 secs] 
2022-01-06T21:50:24.349+0800: 0.834: [GC cleanup 419M->416M(1024M), 0.0009020 secs]
 [Times: user=0.00 sys=0.00, real=0.00 secs] 
2022-01-06T21:50:24.350+0800: 0.835: [GC concurrent-cleanup-start]
2022-01-06T21:50:24.350+0800: 0.835: [GC concurrent-cleanup-end, 0.0000108 secs]
2022-01-06T21:50:24.431+0800: 0.916: [GC pause (G1 Evacuation Pause) (young) (to-space exhausted), 0.0081943 secs]
   [Parallel Time: 6.2 ms, GC Workers: 10]
      [GC Worker Start (ms): Min: 916.0, Avg: 916.1, Max: 916.1, Diff: 0.1]
      [Ext Root Scanning (ms): Min: 0.1, Avg: 0.2, Max: 0.2, Diff: 0.1, Sum: 1.7]
      [Update RS (ms): Min: 0.2, Avg: 0.3, Max: 1.2, Diff: 1.1, Sum: 2.8]
         [Processed Buffers: Min: 0, Avg: 2.1, Max: 4, Diff: 4, Sum: 21]
      [Scan RS (ms): Min: 0.0, Avg: 0.1, Max: 0.1, Diff: 0.1, Sum: 0.5]
      [Code Root Scanning (ms): Min: 0.0, Avg: 0.0, Max: 0.0, Diff: 0.0, Sum: 0.0]
      [Object Copy (ms): Min: 4.5, Avg: 5.4, Max: 5.5, Diff: 1.0, Sum: 54.0]
      [Termination (ms): Min: 0.0, Avg: 0.1, Max: 0.1, Diff: 0.1, Sum: 0.6]
         [Termination Attempts: Min: 1, Avg: 2.3, Max: 7, Diff: 6, Sum: 23]
      [GC Worker Other (ms): Min: 0.0, Avg: 0.0, Max: 0.1, Diff: 0.1, Sum: 0.4]
      [GC Worker Total (ms): Min: 5.9, Avg: 6.0, Max: 6.1, Diff: 0.1, Sum: 60.1]
      [GC Worker End (ms): Min: 922.1, Avg: 922.1, Max: 922.1, Diff: 0.1]
   [Code Root Fixup: 0.0 ms]
   [Code Root Purge: 0.0 ms]
   [Clear CT: 0.2 ms]
   [Other: 1.8 ms]
      [Evacuation Failure: 0.5 ms]
      [Choose CSet: 0.0 ms]
      [Ref Proc: 0.2 ms]
      [Ref Enq: 0.0 ms]
      [Redirty Cards: 0.2 ms]
      [Humongous Register: 0.2 ms]
      [Humongous Reclaim: 0.4 ms]
      [Free CSet: 0.3 ms]
   [Eden: 349.0M(349.0M)->0.0B(6144.0K) Survivors: 11.0M->45.0M Heap: 857.4M(1024.0M)->669.3M(1024.0M)]
 [Times: user=0.00 sys=0.02, real=0.01 secs] 
2022-01-06T21:50:24.441+0800: 0.925: [GC pause (G1 Evacuation Pause) (mixed), 0.0086016 secs]
   [Parallel Time: 7.4 ms, GC Workers: 10]
      [GC Worker Start (ms): Min: 925.8, Avg: 925.9, Max: 926.1, Diff: 0.3]
      [Ext Root Scanning (ms): Min: 0.0, Avg: 0.2, Max: 0.3, Diff: 0.2, Sum: 1.6]
      [Update RS (ms): Min: 0.2, Avg: 0.3, Max: 0.4, Diff: 0.2, Sum: 2.5]
         [Processed Buffers: Min: 0, Avg: 2.5, Max: 7, Diff: 7, Sum: 25]
      [Scan RS (ms): Min: 0.0, Avg: 0.0, Max: 0.1, Diff: 0.1, Sum: 0.4]
      [Code Root Scanning (ms): Min: 0.0, Avg: 0.0, Max: 0.0, Diff: 0.0, Sum: 0.0]
      [Object Copy (ms): Min: 6.6, Avg: 6.7, Max: 6.8, Diff: 0.2, Sum: 67.0]
      [Termination (ms): Min: 0.0, Avg: 0.1, Max: 0.2, Diff: 0.2, Sum: 1.1]
         [Termination Attempts: Min: 1, Avg: 1.0, Max: 1, Diff: 0, Sum: 10]
      [GC Worker Other (ms): Min: 0.0, Avg: 0.0, Max: 0.0, Diff: 0.0, Sum: 0.2]
      [GC Worker Total (ms): Min: 7.1, Avg: 7.3, Max: 7.4, Diff: 0.3, Sum: 72.8]
      [GC Worker End (ms): Min: 933.2, Avg: 933.2, Max: 933.2, Diff: 0.0]
   [Code Root Fixup: 0.0 ms]
   [Code Root Purge: 0.0 ms]
   [Clear CT: 0.2 ms]
   [Other: 1.0 ms]
      [Choose CSet: 0.1 ms]
      [Ref Proc: 0.2 ms]
      [Ref Enq: 0.0 ms]
      [Redirty Cards: 0.1 ms]
      [Humongous Register: 0.2 ms]
      [Humongous Reclaim: 0.1 ms]
      [Free CSet: 0.3 ms]
   [Eden: 6144.0K(6144.0K)->0.0B(185.0M) Survivors: 45.0M->2048.0K Heap: 676.1M(1024.0M)->624.4M(1024.0M)]
 [Times: user=0.00 sys=0.00, real=0.01 secs] 
2022-01-06T21:50:24.451+0800: 0.935: [GC pause (G1 Humongous Allocation) (young) (initial-mark), 0.0018524 secs]
   [Parallel Time: 0.9 ms, GC Workers: 10]
      [GC Worker Start (ms): Min: 935.8, Avg: 935.9, Max: 936.1, Diff: 0.3]
      [Ext Root Scanning (ms): Min: 0.0, Avg: 0.4, Max: 0.7, Diff: 0.7, Sum: 3.8]
      [Update RS (ms): Min: 0.0, Avg: 0.1, Max: 0.4, Diff: 0.4, Sum: 1.2]
         [Processed Buffers: Min: 0, Avg: 1.1, Max: 4, Diff: 4, Sum: 11]
      [Scan RS (ms): Min: 0.0, Avg: 0.0, Max: 0.0, Diff: 0.0, Sum: 0.0]
      [Code Root Scanning (ms): Min: 0.0, Avg: 0.0, Max: 0.0, Diff: 0.0, Sum: 0.0]
      [Object Copy (ms): Min: 0.0, Avg: 0.1, Max: 0.3, Diff: 0.3, Sum: 1.2]
      [Termination (ms): Min: 0.0, Avg: 0.0, Max: 0.1, Diff: 0.1, Sum: 0.3]
         [Termination Attempts: Min: 1, Avg: 1.0, Max: 1, Diff: 0, Sum: 10]
      [GC Worker Other (ms): Min: 0.0, Avg: 0.0, Max: 0.0, Diff: 0.0, Sum: 0.1]
      [GC Worker Total (ms): Min: 0.5, Avg: 0.7, Max: 0.8, Diff: 0.3, Sum: 6.7]
      [GC Worker End (ms): Min: 936.6, Avg: 936.6, Max: 936.6, Diff: 0.0]
   [Code Root Fixup: 0.0 ms]
   [Code Root Purge: 0.0 ms]
   [Clear CT: 0.1 ms]
   [Other: 0.9 ms]
      [Choose CSet: 0.0 ms]
      [Ref Proc: 0.2 ms]
      [Ref Enq: 0.0 ms]
      [Redirty Cards: 0.1 ms]
      [Humongous Register: 0.3 ms]
      [Humongous Reclaim: 0.1 ms]
      [Free CSet: 0.1 ms]
   [Eden: 4096.0K(185.0M)->0.0B(161.0M) Survivors: 2048.0K->4096.0K Heap: 627.9M(1024.0M)->625.1M(1024.0M)]
 [Times: user=0.02 sys=0.00, real=0.00 secs] 
2022-01-06T21:50:24.453+0800: 0.937: [GC concurrent-root-region-scan-start]
2022-01-06T21:50:24.453+0800: 0.938: [GC concurrent-root-region-scan-end, 0.0001298 secs]
2022-01-06T21:50:24.453+0800: 0.938: [GC concurrent-mark-start]
2022-01-06T21:50:24.455+0800: 0.940: [GC concurrent-mark-end, 0.0022734 secs]
2022-01-06T21:50:24.455+0800: 0.940: [GC remark 2022-01-06T21:50:24.455+0800: 0.940: [Finalize Marking, 0.0002204 secs] 2022-01-06T21:50:24.456+0800: 0.940: [GC ref-proc, 0.0002025 secs] 2022-01-06T21:50:24.456+0800: 0.940: [Unloading, 0.0008016 secs], 0.0021674 secs]
 [Times: user=0.00 sys=0.00, real=0.00 secs] 
2022-01-06T21:50:24.458+0800: 0.942: [GC cleanup 637M->630M(1024M), 0.0009103 secs]
 [Times: user=0.00 sys=0.00, real=0.00 secs] 
2022-01-06T21:50:24.459+0800: 0.943: [GC concurrent-cleanup-start]
2022-01-06T21:50:24.459+0800: 0.943: [GC concurrent-cleanup-end, 0.0000187 secs]
2022-01-06T21:50:24.494+0800: 0.979: [GC pause (G1 Evacuation Pause) (young), 0.0070801 secs]
   [Parallel Time: 6.0 ms, GC Workers: 10]
      [GC Worker Start (ms): Min: 979.6, Avg: 979.7, Max: 979.7, Diff: 0.1]
      [Ext Root Scanning (ms): Min: 0.1, Avg: 0.2, Max: 0.2, Diff: 0.1, Sum: 1.7]
      [Update RS (ms): Min: 0.2, Avg: 0.3, Max: 1.5, Diff: 1.4, Sum: 3.3]
         [Processed Buffers: Min: 0, Avg: 2.4, Max: 3, Diff: 3, Sum: 24]
      [Scan RS (ms): Min: 0.0, Avg: 0.0, Max: 0.0, Diff: 0.0, Sum: 0.2]
      [Code Root Scanning (ms): Min: 0.0, Avg: 0.0, Max: 0.0, Diff: 0.0, Sum: 0.0]
      [Object Copy (ms): Min: 4.0, Avg: 5.3, Max: 5.5, Diff: 1.4, Sum: 52.9]
      [Termination (ms): Min: 0.0, Avg: 0.1, Max: 0.1, Diff: 0.1, Sum: 0.7]
         [Termination Attempts: Min: 1, Avg: 1.0, Max: 1, Diff: 0, Sum: 10]
      [GC Worker Other (ms): Min: 0.0, Avg: 0.0, Max: 0.1, Diff: 0.1, Sum: 0.4]
      [GC Worker Total (ms): Min: 5.9, Avg: 5.9, Max: 6.0, Diff: 0.1, Sum: 59.3]
      [GC Worker End (ms): Min: 985.6, Avg: 985.6, Max: 985.6, Diff: 0.1]
   [Code Root Fixup: 0.0 ms]
   [Code Root Purge: 0.0 ms]
   [Clear CT: 0.1 ms]
   [Other: 0.9 ms]
      [Choose CSet: 0.0 ms]
      [Ref Proc: 0.2 ms]
      [Ref Enq: 0.0 ms]
      [Redirty Cards: 0.1 ms]
      [Humongous Register: 0.2 ms]
      [Humongous Reclaim: 0.2 ms]
      [Free CSet: 0.2 ms]
   [Eden: 161.0M(161.0M)->0.0B(30.0M) Survivors: 4096.0K->21.0M Heap: 827.4M(1024.0M)->678.0M(1024.0M)]
 [Times: user=0.09 sys=0.03, real=0.01 secs] 
2022-01-06T21:50:24.507+0800: 0.993: [GC pause (G1 Evacuation Pause) (mixed), 0.0059036 secs]
   [Parallel Time: 4.6 ms, GC Workers: 10]
      [GC Worker Start (ms): Min: 993.3, Avg: 993.3, Max: 993.4, Diff: 0.1]
      [Ext Root Scanning (ms): Min: 0.1, Avg: 0.2, Max: 0.2, Diff: 0.1, Sum: 1.7]
      [Update RS (ms): Min: 0.3, Avg: 0.3, Max: 0.6, Diff: 0.3, Sum: 3.4]
         [Processed Buffers: Min: 0, Avg: 3.9, Max: 5, Diff: 5, Sum: 39]
      [Scan RS (ms): Min: 0.0, Avg: 0.0, Max: 0.1, Diff: 0.0, Sum: 0.3]
      [Code Root Scanning (ms): Min: 0.0, Avg: 0.0, Max: 0.0, Diff: 0.0, Sum: 0.0]
      [Object Copy (ms): Min: 3.7, Avg: 3.8, Max: 3.9, Diff: 0.3, Sum: 38.4]
      [Termination (ms): Min: 0.0, Avg: 0.1, Max: 0.1, Diff: 0.1, Sum: 0.9]
         [Termination Attempts: Min: 1, Avg: 1.1, Max: 2, Diff: 1, Sum: 11]
      [GC Worker Other (ms): Min: 0.0, Avg: 0.0, Max: 0.0, Diff: 0.0, Sum: 0.2]
      [GC Worker Total (ms): Min: 4.4, Avg: 4.5, Max: 4.6, Diff: 0.1, Sum: 44.9]
      [GC Worker End (ms): Min: 997.8, Avg: 997.8, Max: 997.9, Diff: 0.0]
   [Code Root Fixup: 0.0 ms]
   [Code Root Purge: 0.0 ms]
   [Clear CT: 0.3 ms]
   [Other: 1.0 ms]
      [Choose CSet: 0.1 ms]
      [Ref Proc: 0.2 ms]
      [Ref Enq: 0.0 ms]
      [Redirty Cards: 0.2 ms]
      [Humongous Register: 0.2 ms]
      [Humongous Reclaim: 0.1 ms]
      [Free CSet: 0.2 ms]
   [Eden: 30.0M(30.0M)->0.0B(44.0M) Survivors: 21.0M->7168.0K Heap: 714.6M(1024.0M)->594.2M(1024.0M)]
 [Times: user=0.00 sys=0.00, real=0.01 secs] 
2022-01-06T21:50:24.523+0800: 1.009: [GC pause (G1 Evacuation Pause) (mixed), 0.0061031 secs]
   [Parallel Time: 4.7 ms, GC Workers: 10]
      [GC Worker Start (ms): Min: 1009.1, Avg: 1009.1, Max: 1009.2, Diff: 0.1]
      [Ext Root Scanning (ms): Min: 0.1, Avg: 0.2, Max: 0.3, Diff: 0.1, Sum: 1.9]
      [Update RS (ms): Min: 0.3, Avg: 0.4, Max: 0.5, Diff: 0.1, Sum: 4.1]
         [Processed Buffers: Min: 0, Avg: 3.8, Max: 5, Diff: 5, Sum: 38]
      [Scan RS (ms): Min: 0.0, Avg: 0.1, Max: 0.1, Diff: 0.1, Sum: 0.5]
      [Code Root Scanning (ms): Min: 0.0, Avg: 0.0, Max: 0.0, Diff: 0.0, Sum: 0.0]
      [Object Copy (ms): Min: 3.8, Avg: 3.9, Max: 3.9, Diff: 0.1, Sum: 38.8]
      [Termination (ms): Min: 0.0, Avg: 0.1, Max: 0.1, Diff: 0.1, Sum: 0.6]
         [Termination Attempts: Min: 1, Avg: 1.0, Max: 1, Diff: 0, Sum: 10]
      [GC Worker Other (ms): Min: 0.0, Avg: 0.0, Max: 0.0, Diff: 0.0, Sum: 0.2]
      [GC Worker Total (ms): Min: 4.5, Avg: 4.6, Max: 4.7, Diff: 0.2, Sum: 46.1]
      [GC Worker End (ms): Min: 1013.7, Avg: 1013.7, Max: 1013.8, Diff: 0.1]
   [Code Root Fixup: 0.0 ms]
   [Code Root Purge: 0.0 ms]
   [Clear CT: 0.2 ms]
   [Other: 1.2 ms]
      [Choose CSet: 0.1 ms]
      [Ref Proc: 0.2 ms]
      [Ref Enq: 0.0 ms]
      [Redirty Cards: 0.1 ms]
      [Humongous Register: 0.3 ms]
      [Humongous Reclaim: 0.1 ms]
      [Free CSet: 0.3 ms]
   [Eden: 44.0M(44.0M)->0.0B(44.0M) Survivors: 7168.0K->7168.0K Heap: 653.3M(1024.0M)->525.7M(1024.0M)]
 [Times: user=0.00 sys=0.00, real=0.01 secs] 
2022-01-06T21:50:24.540+0800: 1.026: [GC pause (G1 Evacuation Pause) (mixed), 0.0066252 secs]
   [Parallel Time: 5.3 ms, GC Workers: 10]
      [GC Worker Start (ms): Min: 1026.1, Avg: 1026.1, Max: 1026.2, Diff: 0.1]
      [Ext Root Scanning (ms): Min: 0.1, Avg: 0.2, Max: 0.2, Diff: 0.1, Sum: 1.8]
      [Update RS (ms): Min: 0.3, Avg: 0.3, Max: 0.6, Diff: 0.4, Sum: 3.1]
         [Processed Buffers: Min: 0, Avg: 3.0, Max: 4, Diff: 4, Sum: 30]
      [Scan RS (ms): Min: 0.0, Avg: 0.0, Max: 0.1, Diff: 0.1, Sum: 0.4]
      [Code Root Scanning (ms): Min: 0.0, Avg: 0.0, Max: 0.0, Diff: 0.0, Sum: 0.0]
      [Object Copy (ms): Min: 4.2, Avg: 4.5, Max: 4.5, Diff: 0.3, Sum: 44.7]
      [Termination (ms): Min: 0.0, Avg: 0.1, Max: 0.2, Diff: 0.2, Sum: 0.6]
         [Termination Attempts: Min: 1, Avg: 1.0, Max: 1, Diff: 0, Sum: 10]
      [GC Worker Other (ms): Min: 0.0, Avg: 0.0, Max: 0.0, Diff: 0.0, Sum: 0.2]
      [GC Worker Total (ms): Min: 5.0, Avg: 5.1, Max: 5.2, Diff: 0.2, Sum: 50.8]
      [GC Worker End (ms): Min: 1031.2, Avg: 1031.2, Max: 1031.3, Diff: 0.1]
   [Code Root Fixup: 0.0 ms]
   [Code Root Purge: 0.0 ms]
   [Clear CT: 0.1 ms]
   [Other: 1.2 ms]
      [Choose CSet: 0.1 ms]
      [Ref Proc: 0.2 ms]
      [Ref Enq: 0.0 ms]
      [Redirty Cards: 0.1 ms]
      [Humongous Register: 0.3 ms]
      [Humongous Reclaim: 0.1 ms]
      [Free CSet: 0.3 ms]
   [Eden: 44.0M(44.0M)->0.0B(270.0M) Survivors: 7168.0K->7168.0K Heap: 584.7M(1024.0M)->479.0M(1024.0M)]
 [Times: user=0.14 sys=0.00, real=0.01 secs] 
2022-01-06T21:50:24.548+0800: 1.034: [GC pause (G1 Humongous Allocation) (young) (initial-mark), 0.0019256 secs]
   [Parallel Time: 1.1 ms, GC Workers: 10]
      [GC Worker Start (ms): Min: 1034.0, Avg: 1034.1, Max: 1034.2, Diff: 0.2]
      [Ext Root Scanning (ms): Min: 0.0, Avg: 0.2, Max: 0.2, Diff: 0.2, Sum: 1.8]
      [Update RS (ms): Min: 0.1, Avg: 0.1, Max: 0.4, Diff: 0.3, Sum: 1.4]
         [Processed Buffers: Min: 0, Avg: 1.1, Max: 2, Diff: 2, Sum: 11]
      [Scan RS (ms): Min: 0.0, Avg: 0.0, Max: 0.0, Diff: 0.0, Sum: 0.0]
      [Code Root Scanning (ms): Min: 0.0, Avg: 0.0, Max: 0.0, Diff: 0.0, Sum: 0.0]
      [Object Copy (ms): Min: 0.4, Avg: 0.5, Max: 0.6, Diff: 0.2, Sum: 5.2]
      [Termination (ms): Min: 0.0, Avg: 0.1, Max: 0.2, Diff: 0.2, Sum: 1.0]
         [Termination Attempts: Min: 1, Avg: 1.0, Max: 1, Diff: 0, Sum: 10]
      [GC Worker Other (ms): Min: 0.0, Avg: 0.0, Max: 0.0, Diff: 0.0, Sum: 0.1]
      [GC Worker Total (ms): Min: 0.8, Avg: 1.0, Max: 1.0, Diff: 0.2, Sum: 9.6]
      [GC Worker End (ms): Min: 1035.0, Avg: 1035.0, Max: 1035.0, Diff: 0.0]
   [Code Root Fixup: 0.0 ms]
   [Code Root Purge: 0.0 ms]
   [Clear CT: 0.1 ms]
   [Other: 0.7 ms]
      [Choose CSet: 0.0 ms]
      [Ref Proc: 0.2 ms]
      [Ref Enq: 0.0 ms]
      [Redirty Cards: 0.1 ms]
      [Humongous Register: 0.2 ms]
      [Humongous Reclaim: 0.0 ms]
      [Free CSet: 0.0 ms]
   [Eden: 5120.0K(270.0M)->0.0B(280.0M) Survivors: 7168.0K->8192.0K Heap: 483.4M(1024.0M)->479.0M(1024.0M)]
 [Times: user=0.00 sys=0.00, real=0.00 secs] 
2022-01-06T21:50:24.550+0800: 1.036: [GC concurrent-root-region-scan-start]
2022-01-06T21:50:24.551+0800: 1.036: [GC concurrent-root-region-scan-end, 0.0001224 secs]
2022-01-06T21:50:24.551+0800: 1.036: [GC concurrent-mark-start]
2022-01-06T21:50:24.553+0800: 1.038: [GC concurrent-mark-end, 0.0019352 secs]
2022-01-06T21:50:24.553+0800: 1.038: [GC remark 2022-01-06T21:50:24.553+0800: 1.038: [Finalize Marking, 0.0001363 secs] 2022-01-06T21:50:24.553+0800: 1.038: [GC ref-proc, 0.0001791 secs] 2022-01-06T21:50:24.553+0800: 1.038: [Unloading, 0.0005520 secs], 0.0014475 secs]
 [Times: user=0.00 sys=0.00, real=0.00 secs] 
2022-01-06T21:50:24.554+0800: 1.040: [GC cleanup 491M->487M(1024M), 0.0007124 secs]
 [Times: user=0.00 sys=0.00, real=0.00 secs] 
2022-01-06T21:50:24.555+0800: 1.040: [GC concurrent-cleanup-start]
2022-01-06T21:50:24.555+0800: 1.040: [GC concurrent-cleanup-end, 0.0000167 secs]
2022-01-06T21:50:24.612+0800: 1.097: [GC pause (G1 Evacuation Pause) (young), 0.0105230 secs]
   [Parallel Time: 9.0 ms, GC Workers: 10]
      [GC Worker Start (ms): Min: 1097.4, Avg: 1097.5, Max: 1097.5, Diff: 0.1]
      [Ext Root Scanning (ms): Min: 0.1, Avg: 0.2, Max: 0.2, Diff: 0.1, Sum: 1.7]
      [Update RS (ms): Min: 0.3, Avg: 0.4, Max: 1.2, Diff: 0.9, Sum: 4.5]
         [Processed Buffers: Min: 0, Avg: 3.8, Max: 5, Diff: 5, Sum: 38]
      [Scan RS (ms): Min: 0.0, Avg: 0.0, Max: 0.1, Diff: 0.1, Sum: 0.5]
      [Code Root Scanning (ms): Min: 0.0, Avg: 0.0, Max: 0.0, Diff: 0.0, Sum: 0.0]
      [Object Copy (ms): Min: 7.2, Avg: 8.1, Max: 8.3, Diff: 1.0, Sum: 80.5]
      [Termination (ms): Min: 0.0, Avg: 0.2, Max: 0.2, Diff: 0.2, Sum: 1.5]
         [Termination Attempts: Min: 1, Avg: 1.6, Max: 2, Diff: 1, Sum: 16]
      [GC Worker Other (ms): Min: 0.0, Avg: 0.1, Max: 0.1, Diff: 0.1, Sum: 0.5]
      [GC Worker Total (ms): Min: 8.9, Avg: 8.9, Max: 9.0, Diff: 0.1, Sum: 89.2]
      [GC Worker End (ms): Min: 1106.4, Avg: 1106.4, Max: 1106.4, Diff: 0.1]
   [Code Root Fixup: 0.0 ms]
   [Code Root Purge: 0.0 ms]
   [Clear CT: 0.2 ms]
   [Other: 1.3 ms]
      [Choose CSet: 0.0 ms]
      [Ref Proc: 0.2 ms]
      [Ref Enq: 0.0 ms]
      [Redirty Cards: 0.1 ms]
      [Humongous Register: 0.2 ms]
      [Humongous Reclaim: 0.4 ms]
      [Free CSet: 0.3 ms]
   [Eden: 280.0M(280.0M)->0.0B(15.0M) Survivors: 8192.0K->36.0M Heap: 810.9M(1024.0M)->552.8M(1024.0M)]
 [Times: user=0.00 sys=0.00, real=0.01 secs] 
2022-01-06T21:50:24.626+0800: 1.111: [GC pause (G1 Evacuation Pause) (mixed), 0.0079316 secs]
   [Parallel Time: 7.0 ms, GC Workers: 10]
      [GC Worker Start (ms): Min: 1111.4, Avg: 1111.4, Max: 1111.5, Diff: 0.1]
      [Ext Root Scanning (ms): Min: 0.1, Avg: 0.2, Max: 0.2, Diff: 0.1, Sum: 1.8]
      [Update RS (ms): Min: 0.2, Avg: 0.2, Max: 0.3, Diff: 0.1, Sum: 2.5]
         [Processed Buffers: Min: 2, Avg: 3.3, Max: 5, Diff: 3, Sum: 33]
      [Scan RS (ms): Min: 0.0, Avg: 0.1, Max: 0.1, Diff: 0.1, Sum: 0.5]
      [Code Root Scanning (ms): Min: 0.0, Avg: 0.0, Max: 0.0, Diff: 0.0, Sum: 0.0]
      [Object Copy (ms): Min: 6.2, Avg: 6.2, Max: 6.3, Diff: 0.1, Sum: 62.3]
      [Termination (ms): Min: 0.0, Avg: 0.1, Max: 0.1, Diff: 0.1, Sum: 0.8]
         [Termination Attempts: Min: 1, Avg: 1.0, Max: 1, Diff: 0, Sum: 10]
      [GC Worker Other (ms): Min: 0.0, Avg: 0.0, Max: 0.0, Diff: 0.0, Sum: 0.2]
      [GC Worker Total (ms): Min: 6.8, Avg: 6.8, Max: 6.9, Diff: 0.1, Sum: 68.2]
      [GC Worker End (ms): Min: 1118.2, Avg: 1118.2, Max: 1118.2, Diff: 0.0]
   [Code Root Fixup: 0.0 ms]
   [Code Root Purge: 0.0 ms]
   [Clear CT: 0.2 ms]
   [Other: 0.8 ms]
      [Choose CSet: 0.1 ms]
      [Ref Proc: 0.1 ms]
      [Ref Enq: 0.0 ms]
      [Redirty Cards: 0.1 ms]
      [Humongous Register: 0.2 ms]
      [Humongous Reclaim: 0.0 ms]
      [Free CSet: 0.2 ms]
   [Eden: 15.0M(15.0M)->0.0B(47.0M) Survivors: 36.0M->4096.0K Heap: 570.4M(1024.0M)->483.5M(1024.0M)]
 [Times: user=0.00 sys=0.00, real=0.01 secs] 
Heap
 garbage-first heap   total 1048576K, used 541794K [0x00000000c0000000, 0x00000000c0102000, 0x0000000100000000)
  region size 1024K, 37 young (37888K), 4 survivors (4096K)
 Metaspace       used 2712K, capacity 4486K, committed 4864K, reserved 1056768K
  class space    used 295K, capacity 386K, committed 512K, reserved 1048576K
