Java HotSpot(TM) 64-Bit Server VM (25.77-b03) for windows-amd64 JRE (1.8.0_77-b03), built on Mar 20 2016 22:01:33 by "java_re" with MS VC++ 10.0 (VS2010)
Memory: 4k page, physical 16725344k(6539176k free), swap 25638240k(5985812k free)
CommandLine flags: -XX:InitialHeapSize=134217728 -XX:MaxHeapSize=134217728 -XX:+PrintGC -XX:+PrintGCDateStamps -XX:+PrintGCDetails -XX:+PrintGCTimeStamps -XX:+UseCompressedClassPointers -XX:+UseCompressedOops -XX:-UseLargePagesIndividualAllocation -XX:+UseParallelGC 
2022-01-06T15:31:48.890+0800: 0.110: [GC (Allocation Failure) [PSYoungGen: 32841K->5115K(38400K)] 32841K->12999K(125952K), 0.0037052 secs] [Times: user=0.00 sys=0.00, real=0.00 secs] 
2022-01-06T15:31:48.903+0800: 0.123: [GC (Allocation Failure) [PSYoungGen: 38260K->5110K(38400K)] 46144K->24376K(125952K), 0.0041370 secs] [Times: user=0.03 sys=0.14, real=0.00 secs] 
2022-01-06T15:31:48.915+0800: 0.134: [GC (Allocation Failure) [PSYoungGen: 38261K->5106K(38400K)] 57527K->35276K(125952K), 0.0032276 secs] [Times: user=0.00 sys=0.00, real=0.00 secs] 
2022-01-06T15:31:48.925+0800: 0.144: [GC (Allocation Failure) [PSYoungGen: 37758K->5107K(38400K)] 67927K->45244K(125952K), 0.0031709 secs] [Times: user=0.00 sys=0.00, real=0.00 secs] 
2022-01-06T15:31:48.936+0800: 0.155: [GC (Allocation Failure) [PSYoungGen: 38350K->5118K(38400K)] 78488K->57768K(125952K), 0.0034410 secs] [Times: user=0.00 sys=0.16, real=0.00 secs] 
2022-01-06T15:31:48.947+0800: 0.166: [GC (Allocation Failure) [PSYoungGen: 38398K->5106K(19968K)] 91048K->67892K(107520K), 0.0032391 secs] [Times: user=0.00 sys=0.00, real=0.00 secs] 
2022-01-06T15:31:48.952+0800: 0.172: [GC (Allocation Failure) [PSYoungGen: 19729K->6944K(29184K)] 82514K->71519K(116736K), 0.0014336 secs] [Times: user=0.00 sys=0.00, real=0.00 secs] 
2022-01-06T15:31:48.957+0800: 0.177: [GC (Allocation Failure) [PSYoungGen: 21505K->9486K(29184K)] 86080K->75761K(116736K), 0.0016902 secs] [Times: user=0.00 sys=0.00, real=0.00 secs] 
2022-01-06T15:31:48.962+0800: 0.181: [GC (Allocation Failure) [PSYoungGen: 24189K->13542K(29184K)] 90464K->81438K(116736K), 0.0019701 secs] [Times: user=0.00 sys=0.00, real=0.00 secs] 
2022-01-06T15:31:48.967+0800: 0.187: [GC (Allocation Failure) [PSYoungGen: 28281K->10834K(29184K)] 96176K->86061K(116736K), 0.0025444 secs] [Times: user=0.06 sys=0.11, real=0.00 secs] 
2022-01-06T15:31:48.970+0800: 0.189: [Full GC (Ergonomics) [PSYoungGen: 10834K->0K(29184K)] [ParOldGen: 75227K->77507K(87552K)] 86061K->77507K(116736K), [Metaspace: 2706K->2706K(1056768K)], 0.0096595 secs] [Times: user=0.00 sys=0.00, real=0.01 secs] 
2022-01-06T15:31:48.983+0800: 0.202: [Full GC (Ergonomics) [PSYoungGen: 14677K->0K(29184K)] [ParOldGen: 77507K->81439K(87552K)] 92184K->81439K(116736K), [Metaspace: 2706K->2706K(1056768K)], 0.0132729 secs] [Times: user=0.02 sys=0.00, real=0.01 secs] 
2022-01-06T15:31:48.998+0800: 0.217: [Full GC (Ergonomics) [PSYoungGen: 14291K->0K(29184K)] [ParOldGen: 81439K->84405K(87552K)] 95730K->84405K(116736K), [Metaspace: 2706K->2706K(1056768K)], 0.0187881 secs] [Times: user=0.02 sys=0.00, real=0.02 secs] 
2022-01-06T15:31:49.020+0800: 0.239: [Full GC (Ergonomics) [PSYoungGen: 14798K->2904K(29184K)] [ParOldGen: 84405K->87217K(87552K)] 99204K->90122K(116736K), [Metaspace: 2706K->2706K(1056768K)], 0.0271326 secs] [Times: user=0.06 sys=0.00, real=0.03 secs] 
2022-01-06T15:31:49.049+0800: 0.268: [Full GC (Ergonomics) [PSYoungGen: 14411K->5987K(29184K)] [ParOldGen: 87217K->87430K(87552K)] 101629K->93417K(116736K), [Metaspace: 2706K->2706K(1056768K)], 0.0114009 secs] [Times: user=0.00 sys=0.00, real=0.01 secs] 
2022-01-06T15:31:49.062+0800: 0.281: [Full GC (Ergonomics) [PSYoungGen: 14848K->8216K(29184K)] [ParOldGen: 87430K->87357K(87552K)] 102278K->95573K(116736K), [Metaspace: 2706K->2706K(1056768K)], 0.0038005 secs] [Times: user=0.14 sys=0.00, real=0.00 secs] 
2022-01-06T15:31:49.066+0800: 0.286: [Full GC (Ergonomics) [PSYoungGen: 14786K->10417K(29184K)] [ParOldGen: 87357K->87476K(87552K)] 102144K->97893K(116736K), [Metaspace: 2706K->2706K(1056768K)], 0.0263689 secs] [Times: user=0.13 sys=0.00, real=0.03 secs] 
2022-01-06T15:31:49.094+0800: 0.313: [Full GC (Ergonomics) [PSYoungGen: 14827K->11263K(29184K)] [ParOldGen: 87476K->87205K(87552K)] 102303K->98469K(116736K), [Metaspace: 2706K->2706K(1056768K)], 0.0080025 secs] [Times: user=0.00 sys=0.00, real=0.01 secs] 
2022-01-06T15:31:49.103+0800: 0.322: [Full GC (Ergonomics) [PSYoungGen: 14844K->12096K(29184K)] [ParOldGen: 87205K->87096K(87552K)] 102050K->99192K(116736K), [Metaspace: 2706K->2706K(1056768K)], 0.0200870 secs] [Times: user=0.14 sys=0.02, real=0.02 secs] 
2022-01-06T15:31:49.124+0800: 0.343: [Full GC (Ergonomics) [PSYoungGen: 14841K->12717K(29184K)] [ParOldGen: 87096K->87091K(87552K)] 101937K->99809K(116736K), [Metaspace: 2706K->2706K(1056768K)], 0.0024848 secs] [Times: user=0.02 sys=0.00, real=0.00 secs] 
2022-01-06T15:31:49.126+0800: 0.345: [Full GC (Ergonomics) [PSYoungGen: 14264K->12677K(29184K)] [ParOldGen: 87091K->87511K(87552K)] 101356K->100188K(116736K), [Metaspace: 2706K->2706K(1056768K)], 0.0266723 secs] [Times: user=0.09 sys=0.00, real=0.03 secs] 
2022-01-06T15:31:49.153+0800: 0.373: [Full GC (Ergonomics) [PSYoungGen: 14769K->13753K(29184K)] [ParOldGen: 87511K->87436K(87552K)] 102280K->101190K(116736K), [Metaspace: 2706K->2706K(1056768K)], 0.0157197 secs] [Times: user=0.16 sys=0.00, real=0.02 secs] 
2022-01-06T15:31:49.170+0800: 0.389: [Full GC (Ergonomics) [PSYoungGen: 14793K->13893K(29184K)] [ParOldGen: 87436K->87436K(87552K)] 102230K->101330K(116736K), [Metaspace: 2706K->2706K(1056768K)], 0.0022079 secs] [Times: user=0.16 sys=0.00, real=0.00 secs] 
2022-01-06T15:31:49.172+0800: 0.391: [Full GC (Ergonomics) [PSYoungGen: 14680K->14245K(29184K)] [ParOldGen: 87436K->87436K(87552K)] 102117K->101681K(116736K), [Metaspace: 2706K->2706K(1056768K)], 0.0019566 secs] [Times: user=0.00 sys=0.00, real=0.00 secs] 
2022-01-06T15:31:49.174+0800: 0.393: [Full GC (Ergonomics) [PSYoungGen: 14481K->14245K(29184K)] [ParOldGen: 87436K->87436K(87552K)] 101918K->101681K(116736K), [Metaspace: 2706K->2706K(1056768K)], 0.0014585 secs] [Times: user=0.00 sys=0.00, real=0.00 secs] 
2022-01-06T15:31:49.176+0800: 0.395: [Full GC (Allocation Failure) [PSYoungGen: 14245K->14245K(29184K)] [ParOldGen: 87436K->87417K(87552K)] 101681K->101662K(116736K), [Metaspace: 2706K->2706K(1056768K)], 0.0257126 secs] [Times: user=0.01 sys=0.00, real=0.02 secs] 
Heap
 PSYoungGen      total 29184K, used 14579K [0x00000000fd580000, 0x0000000100000000, 0x0000000100000000)
  eden space 14848K, 98% used [0x00000000fd580000,0x00000000fe3bcc70,0x00000000fe400000)
  from space 14336K, 0% used [0x00000000ff200000,0x00000000ff200000,0x0000000100000000)
  to   space 14336K, 0% used [0x00000000fe400000,0x00000000fe400000,0x00000000ff200000)
 ParOldGen       total 87552K, used 87417K [0x00000000f8000000, 0x00000000fd580000, 0x00000000fd580000)
  object space 87552K, 99% used [0x00000000f8000000,0x00000000fd55e678,0x00000000fd580000)
 Metaspace       used 2737K, capacity 4486K, committed 4864K, reserved 1056768K
  class space    used 298K, capacity 386K, committed 512K, reserved 1048576K
