Java HotSpot(TM) 64-Bit Server VM (25.77-b03) for windows-amd64 JRE (1.8.0_77-b03), built on Mar 20 2016 22:01:33 by "java_re" with MS VC++ 10.0 (VS2010)
Memory: 4k page, physical 16725344k(7068556k free), swap 25638240k(5142508k free)
CommandLine flags: -XX:InitialHeapSize=2147483648 -XX:MaxHeapSize=2147483648 -XX:+PrintGC -XX:+PrintGCDateStamps -XX:+PrintGCDetails -XX:+PrintGCTimeStamps -XX:+UseCompressedClassPointers -XX:+UseCompressedOops -XX:-UseLargePagesIndividualAllocation -XX:+UseParallelGC 
2022-01-06T17:23:19.809+0800: 0.381: [GC (Allocation Failure) [PSYoungGen: 524800K->87036K(611840K)] 524800K->142832K(2010112K), 0.0320245 secs] [Times: user=0.02 sys=0.30, real=0.03 secs] 
2022-01-06T17:23:19.941+0800: 0.513: [GC (Allocation Failure) [PSYoungGen: 611836K->87039K(611840K)] 667632K->255779K(2010112K), 0.0608952 secs] [Times: user=0.09 sys=0.52, real=0.06 secs] 
2022-01-06T17:23:20.091+0800: 0.663: [GC (Allocation Failure) [PSYoungGen: 611839K->87039K(611840K)] 780579K->368205K(2010112K), 0.0385762 secs] [Times: user=0.20 sys=0.27, real=0.04 secs] 
2022-01-06T17:23:20.226+0800: 0.798: [GC (Allocation Failure) [PSYoungGen: 611839K->87038K(611840K)] 893005K->479654K(2010112K), 0.0383542 secs] [Times: user=0.17 sys=0.14, real=0.04 secs] 
2022-01-06T17:23:20.356+0800: 0.928: [GC (Allocation Failure) [PSYoungGen: 611838K->87037K(611840K)] 1004454K->592697K(2010112K), 0.0397573 secs] [Times: user=0.19 sys=0.28, real=0.04 secs] 
2022-01-06T17:23:20.502+0800: 1.075: [GC (Allocation Failure) [PSYoungGen: 611837K->87038K(323072K)] 1117497K->704879K(1721344K), 0.0408857 secs] [Times: user=0.05 sys=0.26, real=0.04 secs] 
Heap
 PSYoungGen      total 323072K, used 96855K [0x00000000d5580000, 0x0000000100000000, 0x0000000100000000)
  eden space 236032K, 4% used [0x00000000d5580000,0x00000000d5f16550,0x00000000e3c00000)
  from space 87040K, 99% used [0x00000000fab00000,0x00000000fffff990,0x0000000100000000)
  to   space 231424K, 0% used [0x00000000e3c00000,0x00000000e3c00000,0x00000000f1e00000)
 ParOldGen       total 1398272K, used 617841K [0x0000000080000000, 0x00000000d5580000, 0x00000000d5580000)
  object space 1398272K, 44% used [0x0000000080000000,0x00000000a5b5c490,0x00000000d5580000)
 Metaspace       used 2712K, capacity 4486K, committed 4864K, reserved 1056768K
  class space    used 295K, capacity 386K, committed 512K, reserved 1048576K
