Java HotSpot(TM) 64-Bit Server VM (25.77-b03) for windows-amd64 JRE (1.8.0_77-b03), built on Mar 20 2016 22:01:33 by "java_re" with MS VC++ 10.0 (VS2010)
Memory: 4k page, physical 16725344k(6511248k free), swap 26138252k(5381520k free)
CommandLine flags: -XX:InitialHeapSize=4294967296 -XX:MaxHeapSize=4294967296 -XX:+PrintGC -XX:+PrintGCDateStamps -XX:+PrintGCDetails -XX:+PrintGCTimeStamps -XX:+UseCompressedClassPointers -XX:+UseCompressedOops -XX:-UseLargePagesIndividualAllocation -XX:+UseParallelGC 
2022-01-06T17:32:14.363+0800: 0.651: [GC (Allocation Failure) [PSYoungGen: 1048576K->174589K(1223168K)] 1048576K->241232K(4019712K), 0.0477991 secs] [Times: user=0.08 sys=0.39, real=0.05 secs] 
2022-01-06T17:32:14.615+0800: 0.903: [GC (Allocation Failure) [PSYoungGen: 1223165K->174591K(1223168K)] 1289808K->372025K(4019712K), 0.0635538 secs] [Times: user=0.14 sys=0.47, real=0.06 secs] 
Heap
 PSYoungGen      total 1223168K, used 933887K [0x000000076ab00000, 0x00000007c0000000, 0x00000007c0000000)
  eden space 1048576K, 72% used [0x000000076ab00000,0x000000079907fed8,0x00000007aab00000)
  from space 174592K, 99% used [0x00000007b5580000,0x00000007bfffffe8,0x00000007c0000000)
  to   space 174592K, 0% used [0x00000007aab00000,0x00000007aab00000,0x00000007b5580000)
 ParOldGen       total 2796544K, used 197433K [0x00000006c0000000, 0x000000076ab00000, 0x000000076ab00000)
  object space 2796544K, 7% used [0x00000006c0000000,0x00000006cc0ce588,0x000000076ab00000)
 Metaspace       used 2712K, capacity 4486K, committed 4864K, reserved 1056768K
  class space    used 295K, capacity 386K, committed 512K, reserved 1048576K
