Java HotSpot(TM) 64-Bit Server VM (25.77-b03) for windows-amd64 JRE (1.8.0_77-b03), built on Mar 20 2016 22:01:33 by "java_re" with MS VC++ 10.0 (VS2010)
Memory: 4k page, physical 16725344k(7015452k free), swap 25638240k(5588916k free)
CommandLine flags: -XX:InitialHeapSize=536870912 -XX:MaxHeapSize=536870912 -XX:+PrintGC -XX:+PrintGCDateStamps -XX:+PrintGCDetails -XX:+PrintGCTimeStamps -XX:+UseCompressedClassPointers -XX:+UseCompressedOops -XX:-UseLargePagesIndividualAllocation -XX:+UseSerialGC 
2022-01-06T16:05:16.800+0800: 0.176: [GC (Allocation Failure) 2022-01-06T16:05:16.800+0800: 0.176: [DefNew: 139776K->17472K(157248K), 0.0225009 secs] 139776K->43363K(506816K), 0.0227631 secs] [Times: user=0.02 sys=0.02, real=0.02 secs] 
2022-01-06T16:05:16.848+0800: 0.223: [GC (Allocation Failure) 2022-01-06T16:05:16.848+0800: 0.223: [DefNew: 157187K->17469K(157248K), 0.0280232 secs] 183079K->84937K(506816K), 0.0280956 secs] [Times: user=0.00 sys=0.03, real=0.03 secs] 
2022-01-06T16:05:16.898+0800: 0.274: [GC (Allocation Failure) 2022-01-06T16:05:16.898+0800: 0.274: [DefNew: 157205K->17471K(157248K), 0.0290993 secs] 224673K->138470K(506816K), 0.0291672 secs] [Times: user=0.00 sys=0.03, real=0.03 secs] 
2022-01-06T16:05:16.951+0800: 0.327: [GC (Allocation Failure) 2022-01-06T16:05:16.951+0800: 0.327: [DefNew: 157247K->17469K(157248K), 0.0255863 secs] 278246K->184366K(506816K), 0.0256571 secs] [Times: user=0.02 sys=0.02, real=0.03 secs] 
2022-01-06T16:05:16.999+0800: 0.376: [GC (Allocation Failure) 2022-01-06T16:05:16.999+0800: 0.376: [DefNew: 157245K->17471K(157248K), 0.0254383 secs] 324142K->229538K(506816K), 0.0255199 secs] [Times: user=0.02 sys=0.00, real=0.03 secs] 
2022-01-06T16:05:17.049+0800: 0.424: [GC (Allocation Failure) 2022-01-06T16:05:17.049+0800: 0.425: [DefNew: 157247K->17471K(157248K), 0.0296091 secs] 369314K->275725K(506816K), 0.0296862 secs] [Times: user=0.00 sys=0.03, real=0.03 secs] 
2022-01-06T16:05:17.100+0800: 0.476: [GC (Allocation Failure) 2022-01-06T16:05:17.100+0800: 0.476: [DefNew: 157247K->17469K(157248K), 0.0324974 secs] 415501K->321182K(506816K), 0.0325746 secs] [Times: user=0.01 sys=0.02, real=0.03 secs] 
2022-01-06T16:05:17.155+0800: 0.531: [GC (Allocation Failure) 2022-01-06T16:05:17.155+0800: 0.531: [DefNew: 157245K->157245K(157248K), 0.0000155 secs]2022-01-06T16:05:17.155+0800: 0.531: [Tenured: 303713K->268389K(349568K), 0.0364467 secs] 460958K->268389K(506816K), [Metaspace: 2706K->2706K(1056768K)], 0.0365444 secs] [Times: user=0.05 sys=0.00, real=0.04 secs] 
2022-01-06T16:05:17.215+0800: 0.590: [GC (Allocation Failure) 2022-01-06T16:05:17.215+0800: 0.590: [DefNew: 139776K->17471K(157248K), 0.0069823 secs] 408165K->312598K(506816K), 0.0070569 secs] [Times: user=0.02 sys=0.00, real=0.01 secs] 
2022-01-06T16:05:17.244+0800: 0.620: [GC (Allocation Failure) 2022-01-06T16:05:17.244+0800: 0.620: [DefNew: 156795K->17465K(157248K), 0.0300378 secs] 451922K->362079K(506816K), 0.0301121 secs] [Times: user=0.01 sys=0.01, real=0.03 secs] 
2022-01-06T16:05:17.297+0800: 0.673: [GC (Allocation Failure) 2022-01-06T16:05:17.297+0800: 0.673: [DefNew: 157183K->157183K(157248K), 0.0000171 secs]2022-01-06T16:05:17.297+0800: 0.673: [Tenured: 344613K->306569K(349568K), 0.0461752 secs] 501796K->306569K(506816K), [Metaspace: 2706K->2706K(1056768K)], 0.0462803 secs] [Times: user=0.05 sys=0.00, real=0.05 secs] 
2022-01-06T16:05:17.369+0800: 0.744: [GC (Allocation Failure) 2022-01-06T16:05:17.369+0800: 0.744: [DefNew: 139776K->139776K(157248K), 0.0000150 secs]2022-01-06T16:05:17.369+0800: 0.744: [Tenured: 306569K->320758K(349568K), 0.0427299 secs] 446345K->320758K(506816K), [Metaspace: 2706K->2706K(1056768K)], 0.0428200 secs] [Times: user=0.05 sys=0.00, real=0.04 secs] 
2022-01-06T16:05:17.435+0800: 0.811: [GC (Allocation Failure) 2022-01-06T16:05:17.435+0800: 0.811: [DefNew: 139492K->139492K(157248K), 0.0000159 secs]2022-01-06T16:05:17.435+0800: 0.811: [Tenured: 320758K->310506K(349568K), 0.0467954 secs] 460250K->310506K(506816K), [Metaspace: 2706K->2706K(1056768K)], 0.0468950 secs] [Times: user=0.05 sys=0.00, real=0.05 secs] 
2022-01-06T16:05:17.504+0800: 0.880: [GC (Allocation Failure) 2022-01-06T16:05:17.504+0800: 0.880: [DefNew: 139644K->139644K(157248K), 0.0000161 secs]2022-01-06T16:05:17.504+0800: 0.880: [Tenured: 310506K->338758K(349568K), 0.0235774 secs] 450150K->338758K(506816K), [Metaspace: 2706K->2706K(1056768K)], 0.0236774 secs] [Times: user=0.01 sys=0.00, real=0.02 secs] 
2022-01-06T16:05:17.552+0800: 0.928: [GC (Allocation Failure) 2022-01-06T16:05:17.552+0800: 0.928: [DefNew: 139639K->139639K(157248K), 0.0000154 secs]2022-01-06T16:05:17.552+0800: 0.928: [Tenured: 338758K->344334K(349568K), 0.0380475 secs] 478397K->344334K(506816K), [Metaspace: 2706K->2706K(1056768K)], 0.0381420 secs] [Times: user=0.03 sys=0.00, real=0.04 secs] 
2022-01-06T16:05:17.614+0800: 0.990: [GC (Allocation Failure) 2022-01-06T16:05:17.614+0800: 0.990: [DefNew: 139776K->139776K(157248K), 0.0000154 secs]2022-01-06T16:05:17.614+0800: 0.990: [Tenured: 344334K->349195K(349568K), 0.0475385 secs] 484110K->354052K(506816K), [Metaspace: 2706K->2706K(1056768K)], 0.0476299 secs] [Times: user=0.05 sys=0.00, real=0.05 secs] 
2022-01-06T16:05:17.688+0800: 1.064: [Full GC (Allocation Failure) 2022-01-06T16:05:17.688+0800: 1.064: [Tenured: 349508K->347299K(349568K), 0.0572542 secs] 506753K->347299K(506816K), [Metaspace: 2706K->2706K(1056768K)], 0.0573262 secs] [Times: user=0.05 sys=0.00, real=0.06 secs] 
Heap
 def new generation   total 157248K, used 5714K [0x00000000e0000000, 0x00000000eaaa0000, 0x00000000eaaa0000)
  eden space 139776K,   4% used [0x00000000e0000000, 0x00000000e0594958, 0x00000000e8880000)
  from space 17472K,   0% used [0x00000000e9990000, 0x00000000e9990000, 0x00000000eaaa0000)
  to   space 17472K,   0% used [0x00000000e8880000, 0x00000000e8880000, 0x00000000e9990000)
 tenured generation   total 349568K, used 347299K [0x00000000eaaa0000, 0x0000000100000000, 0x0000000100000000)
   the space 349568K,  99% used [0x00000000eaaa0000, 0x00000000ffdc8f00, 0x00000000ffdc9000, 0x0000000100000000)
 Metaspace       used 2712K, capacity 4486K, committed 4864K, reserved 1056768K
  class space    used 295K, capacity 386K, committed 512K, reserved 1048576K
