Java HotSpot(TM) 64-Bit Server VM (25.77-b03) for windows-amd64 JRE (1.8.0_77-b03), built on Mar 20 2016 22:01:33 by "java_re" with MS VC++ 10.0 (VS2010)
Memory: 4k page, physical 16725344k(6858368k free), swap 25739936k(5681372k free)
CommandLine flags: -XX:InitialHeapSize=4294967296 -XX:MaxHeapSize=4294967296 -XX:+PrintGC -XX:+PrintGCDateStamps -XX:+PrintGCDetails -XX:+PrintGCTimeStamps -XX:+UseCompressedClassPointers -XX:+UseCompressedOops -XX:-UseLargePagesIndividualAllocation -XX:+UseSerialGC 
2022-01-06T16:16:55.205+0800: 0.671: [GC (Allocation Failure) 2022-01-06T16:16:55.205+0800: 0.671: [DefNew: 1118528K->139776K(1258304K), 0.1165787 secs] 1118528K->238469K(4054528K), 0.1168071 secs] [Times: user=0.03 sys=0.08, real=0.12 secs] 
2022-01-06T16:16:55.519+0800: 0.985: [GC (Allocation Failure) 2022-01-06T16:16:55.519+0800: 0.985: [DefNew: 1258304K->139775K(1258304K), 0.1426269 secs] 1356997K->392350K(4054528K), 0.1426930 secs] [Times: user=0.08 sys=0.06, real=0.14 secs] 
Heap
 def new generation   total 1258304K, used 184912K [0x00000006c0000000, 0x0000000715550000, 0x0000000715550000)
  eden space 1118528K,   4% used [0x00000006c0000000, 0x00000006c2c140d8, 0x0000000704450000)
  from space 139776K,  99% used [0x0000000704450000, 0x000000070cccfff0, 0x000000070ccd0000)
  to   space 139776K,   0% used [0x000000070ccd0000, 0x000000070ccd0000, 0x0000000715550000)
 tenured generation   total 2796224K, used 252574K [0x0000000715550000, 0x00000007c0000000, 0x00000007c0000000)
   the space 2796224K,   9% used [0x0000000715550000, 0x0000000724bf7a20, 0x0000000724bf7c00, 0x00000007c0000000)
 Metaspace       used 2712K, capacity 4486K, committed 4864K, reserved 1056768K
  class space    used 295K, capacity 386K, committed 512K, reserved 1048576K
