Java HotSpot(TM) 64-Bit Server VM (25.77-b03) for windows-amd64 JRE (1.8.0_77-b03), built on Mar 20 2016 22:01:33 by "java_re" with MS VC++ 10.0 (VS2010)
Memory: 4k page, physical 16725344k(6561892k free), swap 25638240k(5895476k free)
CommandLine flags: -XX:InitialHeapSize=536870912 -XX:MaxHeapSize=536870912 -XX:+PrintGC -XX:+PrintGCDateStamps -XX:+PrintGCDetails -XX:+PrintGCTimeStamps -XX:+UseCompressedClassPointers -XX:+UseCompressedOops -XX:-UseLargePagesIndividualAllocation -XX:+UseSerialGC 
2022-01-06T15:40:06.526+0800: 0.202: [GC (Allocation Failure) 2022-01-06T15:40:06.547+0800: 0.222: [DefNew: 139776K->17472K(157248K), 0.0250954 secs] 139776K->50674K(506816K), 0.0454302 secs] [Times: user=0.00 sys=0.02, real=0.05 secs] 
2022-01-06T15:40:06.599+0800: 0.275: [GC (Allocation Failure) 2022-01-06T15:40:06.599+0800: 0.275: [DefNew: 157248K->17469K(157248K), 0.0305455 secs] 190450K->92408K(506816K), 0.0306147 secs] [Times: user=0.03 sys=0.00, real=0.03 secs] 
2022-01-06T15:40:06.656+0800: 0.332: [GC (Allocation Failure) 2022-01-06T15:40:06.656+0800: 0.332: [DefNew: 157245K->17471K(157248K), 0.0222008 secs] 232184K->132393K(506816K), 0.0222794 secs] [Times: user=0.01 sys=0.00, real=0.02 secs] 
2022-01-06T15:40:06.704+0800: 0.380: [GC (Allocation Failure) 2022-01-06T15:40:06.704+0800: 0.380: [DefNew: 157247K->17469K(157248K), 0.0263589 secs] 272169K->179267K(506816K), 0.0264373 secs] [Times: user=0.00 sys=0.02, real=0.03 secs] 
2022-01-06T15:40:06.756+0800: 0.432: [GC (Allocation Failure) 2022-01-06T15:40:06.756+0800: 0.432: [DefNew: 157171K->17471K(157248K), 0.0233953 secs] 318969K->221115K(506816K), 0.0234708 secs] [Times: user=0.00 sys=0.02, real=0.02 secs] 
2022-01-06T15:40:06.804+0800: 0.480: [GC (Allocation Failure) 2022-01-06T15:40:06.804+0800: 0.480: [DefNew: 157247K->17468K(157248K), 0.0248161 secs] 360891K->267043K(506816K), 0.0248869 secs] [Times: user=0.02 sys=0.01, real=0.03 secs] 
2022-01-06T15:40:06.855+0800: 0.531: [GC (Allocation Failure) 2022-01-06T15:40:06.855+0800: 0.531: [DefNew: 157244K->17467K(157248K), 0.0223677 secs] 406819K->308048K(506816K), 0.0224345 secs] [Times: user=0.02 sys=0.02, real=0.02 secs] 
2022-01-06T15:40:06.903+0800: 0.578: [GC (Allocation Failure) 2022-01-06T15:40:06.903+0800: 0.578: [DefNew: 157243K->17470K(157248K), 0.0243711 secs] 447824K->351060K(506816K), 0.0244446 secs] [Times: user=0.00 sys=0.03, real=0.02 secs] 
2022-01-06T15:40:06.954+0800: 0.629: [GC (Allocation Failure) 2022-01-06T15:40:06.954+0800: 0.630: [DefNew: 157246K->157246K(157248K), 0.0000162 secs]2022-01-06T15:40:06.954+0800: 0.630: [Tenured: 333589K->284097K(349568K), 0.0417239 secs] 490836K->284097K(506816K), [Metaspace: 2706K->2706K(1056768K)], 0.0418218 secs] [Times: user=0.03 sys=0.00, real=0.04 secs] 
2022-01-06T15:40:07.020+0800: 0.696: [GC (Allocation Failure) 2022-01-06T15:40:07.020+0800: 0.696: [DefNew: 139776K->17471K(157248K), 0.0073534 secs] 423873K->330159K(506816K), 0.0074315 secs] [Times: user=0.00 sys=0.00, real=0.01 secs] 
2022-01-06T15:40:07.051+0800: 0.727: [GC (Allocation Failure) 2022-01-06T15:40:07.051+0800: 0.727: [DefNew: 157247K->157247K(157248K), 0.0000167 secs]2022-01-06T15:40:07.051+0800: 0.727: [Tenured: 312687K->315362K(349568K), 0.0431196 secs] 469935K->315362K(506816K), [Metaspace: 2706K->2706K(1056768K)], 0.0432206 secs] [Times: user=0.05 sys=0.00, real=0.04 secs] 
2022-01-06T15:40:07.119+0800: 0.795: [GC (Allocation Failure) 2022-01-06T15:40:07.119+0800: 0.795: [DefNew: 139776K->139776K(157248K), 0.0000205 secs]2022-01-06T15:40:07.120+0800: 0.795: [Tenured: 315362K->323290K(349568K), 0.0427679 secs] 455138K->323290K(506816K), [Metaspace: 2706K->2706K(1056768K)], 0.0428664 secs] [Times: user=0.05 sys=0.00, real=0.04 secs] 
2022-01-06T15:40:07.186+0800: 0.863: [GC (Allocation Failure) 2022-01-06T15:40:07.186+0800: 0.863: [DefNew: 139776K->139776K(157248K), 0.0000155 secs]2022-01-06T15:40:07.186+0800: 0.863: [Tenured: 323290K->313043K(349568K), 0.0458227 secs] 463066K->313043K(506816K), [Metaspace: 2706K->2706K(1056768K)], 0.0459142 secs] [Times: user=0.05 sys=0.00, real=0.05 secs] 
2022-01-06T15:40:07.257+0800: 0.933: [GC (Allocation Failure) 2022-01-06T15:40:07.257+0800: 0.933: [DefNew: 139776K->17471K(157248K), 0.0124702 secs] 452819K->364791K(506816K), 0.0125481 secs] [Times: user=0.01 sys=0.00, real=0.01 secs] 
2022-01-06T15:40:07.295+0800: 0.970: [GC (Allocation Failure) 2022-01-06T15:40:07.295+0800: 0.970: [DefNew: 157247K->157247K(157248K), 0.0000154 secs]2022-01-06T15:40:07.295+0800: 0.971: [Tenured: 347319K->349313K(349568K), 0.0423181 secs] 504567K->353782K(506816K), [Metaspace: 2706K->2706K(1056768K)], 0.0424151 secs] [Times: user=0.05 sys=0.00, real=0.04 secs] 
2022-01-06T15:40:07.366+0800: 1.041: [Full GC (Allocation Failure) 2022-01-06T15:40:07.366+0800: 1.041: [Tenured: 349452K->349304K(349568K), 0.0438907 secs] 506685K->359543K(506816K), [Metaspace: 2706K->2706K(1056768K)], 0.0439696 secs] [Times: user=0.05 sys=0.00, real=0.04 secs] 
2022-01-06T15:40:07.436+0800: 1.112: [Full GC (Allocation Failure) 2022-01-06T15:40:07.436+0800: 1.112: [Tenured: 349520K->349126K(349568K), 0.0455915 secs] 506714K->362181K(506816K), [Metaspace: 2706K->2706K(1056768K)], 0.0456735 secs] [Times: user=0.05 sys=0.00, real=0.05 secs] 
Heap
 def new generation   total 157248K, used 18927K [0x00000000e0000000, 0x00000000eaaa0000, 0x00000000eaaa0000)
  eden space 139776K,  13% used [0x00000000e0000000, 0x00000000e127bc20, 0x00000000e8880000)
  from space 17472K,   0% used [0x00000000e8880000, 0x00000000e8880000, 0x00000000e9990000)
  to   space 17472K,   0% used [0x00000000e9990000, 0x00000000e9990000, 0x00000000eaaa0000)
 tenured generation   total 349568K, used 349126K [0x00000000eaaa0000, 0x0000000100000000, 0x0000000100000000)
   the space 349568K,  99% used [0x00000000eaaa0000, 0x00000000fff91b90, 0x00000000fff91c00, 0x0000000100000000)
 Metaspace       used 2712K, capacity 4486K, committed 4864K, reserved 1056768K
  class space    used 295K, capacity 386K, committed 512K, reserved 1048576K
