Java HotSpot(TM) 64-Bit Server VM (25.77-b03) for windows-amd64 JRE (1.8.0_77-b03), built on Mar 20 2016 22:01:33 by "java_re" with MS VC++ 10.0 (VS2010)
Memory: 4k page, physical 16725344k(6650788k free), swap 25638240k(5878940k free)
CommandLine flags: -XX:InitialHeapSize=536870912 -XX:MaxHeapSize=536870912 -XX:+PrintGC -XX:+PrintGCDateStamps -XX:+PrintGCDetails -XX:+PrintGCTimeStamps -XX:+UseCompressedClassPointers -XX:+UseCompressedOops -XX:-UseLargePagesIndividualAllocation -XX:+UseSerialGC 
2022-01-06T15:43:41.378+0800: 0.184: [GC (Allocation Failure) 2022-01-06T15:43:41.378+0800: 0.184: [DefNew: 139776K->17472K(157248K), 0.0257863 secs] 139776K->44948K(506816K), 0.0260724 secs] [Times: user=0.00 sys=0.01, real=0.03 secs] 
2022-01-06T15:43:41.433+0800: 0.240: [GC (Allocation Failure) 2022-01-06T15:43:41.433+0800: 0.240: [DefNew: 157034K->17470K(157248K), 0.0335534 secs] 184511K->90768K(506816K), 0.0336261 secs] [Times: user=0.00 sys=0.03, real=0.03 secs] 
2022-01-06T15:43:41.493+0800: 0.300: [GC (Allocation Failure) 2022-01-06T15:43:41.493+0800: 0.300: [DefNew: 157246K->17471K(157248K), 0.0242228 secs] 230544K->134437K(506816K), 0.0242945 secs] [Times: user=0.02 sys=0.02, real=0.02 secs] 
2022-01-06T15:43:41.541+0800: 0.348: [GC (Allocation Failure) 2022-01-06T15:43:41.541+0800: 0.348: [DefNew: 157247K->17469K(157248K), 0.0255998 secs] 274213K->181250K(506816K), 0.0256750 secs] [Times: user=0.00 sys=0.03, real=0.03 secs] 
2022-01-06T15:43:41.590+0800: 0.396: [GC (Allocation Failure) 2022-01-06T15:43:41.590+0800: 0.396: [DefNew: 157081K->17471K(157248K), 0.0242311 secs] 320862K->225453K(506816K), 0.0243143 secs] [Times: user=0.03 sys=0.00, real=0.02 secs] 
2022-01-06T15:43:41.636+0800: 0.443: [GC (Allocation Failure) 2022-01-06T15:43:41.636+0800: 0.443: [DefNew: 156923K->17471K(157248K), 0.0250801 secs] 364904K->270586K(506816K), 0.0251648 secs] [Times: user=0.01 sys=0.02, real=0.03 secs] 
2022-01-06T15:43:41.685+0800: 0.492: [GC (Allocation Failure) 2022-01-06T15:43:41.685+0800: 0.492: [DefNew: 157247K->17469K(157248K), 0.0226534 secs] 410362K->311245K(506816K), 0.0227344 secs] [Times: user=0.03 sys=0.00, real=0.02 secs] 
2022-01-06T15:43:41.730+0800: 0.537: [GC (Allocation Failure) 2022-01-06T15:43:41.730+0800: 0.537: [DefNew: 157245K->17472K(157248K), 0.0233039 secs] 451021K->353839K(506816K), 0.0233784 secs] [Times: user=0.02 sys=0.01, real=0.02 secs] 
2022-01-06T15:43:41.776+0800: 0.583: [GC (Allocation Failure) 2022-01-06T15:43:41.777+0800: 0.583: [DefNew: 157248K->157248K(157248K), 0.0000245 secs]2022-01-06T15:43:41.777+0800: 0.583: [Tenured: 336367K->267818K(349568K), 0.0366484 secs] 493615K->267818K(506816K), [Metaspace: 2706K->2706K(1056768K)], 0.0367565 secs] [Times: user=0.05 sys=0.00, real=0.04 secs] 
2022-01-06T15:43:41.835+0800: 0.642: [GC (Allocation Failure) 2022-01-06T15:43:41.835+0800: 0.642: [DefNew: 139323K->17471K(157248K), 0.0076482 secs] 407142K->315035K(506816K), 0.0077292 secs] [Times: user=0.00 sys=0.00, real=0.01 secs] 
2022-01-06T15:43:41.865+0800: 0.672: [GC (Allocation Failure) 2022-01-06T15:43:41.865+0800: 0.672: [DefNew: 157247K->17472K(157248K), 0.0142927 secs] 454811K->365388K(506816K), 0.0143655 secs] [Times: user=0.02 sys=0.00, real=0.02 secs] 
2022-01-06T15:43:41.903+0800: 0.710: [GC (Allocation Failure) 2022-01-06T15:43:41.903+0800: 0.710: [DefNew: 156874K->156874K(157248K), 0.0000160 secs]2022-01-06T15:43:41.903+0800: 0.710: [Tenured: 347916K->308561K(349568K), 0.0435019 secs] 504790K->308561K(506816K), [Metaspace: 2706K->2706K(1056768K)], 0.0435933 secs] [Times: user=0.05 sys=0.00, real=0.04 secs] 
2022-01-06T15:43:41.970+0800: 0.776: [GC (Allocation Failure) 2022-01-06T15:43:41.970+0800: 0.777: [DefNew: 139776K->139776K(157248K), 0.0000166 secs]2022-01-06T15:43:41.970+0800: 0.777: [Tenured: 308561K->319061K(349568K), 0.0454950 secs] 448337K->319061K(506816K), [Metaspace: 2706K->2706K(1056768K)], 0.0455911 secs] [Times: user=0.05 sys=0.00, real=0.05 secs] 
2022-01-06T15:43:42.039+0800: 0.846: [GC (Allocation Failure) 2022-01-06T15:43:42.039+0800: 0.846: [DefNew: 139154K->139154K(157248K), 0.0000861 secs]2022-01-06T15:43:42.039+0800: 0.846: [Tenured: 319061K->316637K(349568K), 0.0478605 secs] 458215K->316637K(506816K), [Metaspace: 2706K->2706K(1056768K)], 0.0480285 secs] [Times: user=0.05 sys=0.00, real=0.05 secs] 
2022-01-06T15:43:42.109+0800: 0.916: [GC (Allocation Failure) 2022-01-06T15:43:42.109+0800: 0.916: [DefNew: 139776K->139776K(157248K), 0.0000167 secs]2022-01-06T15:43:42.109+0800: 0.916: [Tenured: 316637K->330660K(349568K), 0.0313527 secs] 456413K->330660K(506816K), [Metaspace: 2706K->2706K(1056768K)], 0.0314538 secs] [Times: user=0.03 sys=0.00, real=0.03 secs] 
2022-01-06T15:43:42.163+0800: 0.970: [GC (Allocation Failure) 2022-01-06T15:43:42.163+0800: 0.970: [DefNew: 139776K->139776K(157248K), 0.0000169 secs]2022-01-06T15:43:42.163+0800: 0.970: [Tenured: 330660K->333746K(349568K), 0.0440578 secs] 470436K->333746K(506816K), [Metaspace: 2706K->2706K(1056768K)], 0.0442200 secs] [Times: user=0.05 sys=0.00, real=0.04 secs] 
2022-01-06T15:43:42.230+0800: 1.037: [GC (Allocation Failure) 2022-01-06T15:43:42.230+0800: 1.037: [DefNew: 139776K->139776K(157248K), 0.0000159 secs]2022-01-06T15:43:42.230+0800: 1.037: [Tenured: 333746K->339286K(349568K), 0.0463657 secs] 473522K->339286K(506816K), [Metaspace: 2706K->2706K(1056768K)], 0.0464745 secs] [Times: user=0.05 sys=0.00, real=0.05 secs] 
Heap
 def new generation   total 157248K, used 57923K [0x00000000e0000000, 0x00000000eaaa0000, 0x00000000eaaa0000)
  eden space 139776K,  41% used [0x00000000e0000000, 0x00000000e3890fd8, 0x00000000e8880000)
  from space 17472K,   0% used [0x00000000e8880000, 0x00000000e8880000, 0x00000000e9990000)
  to   space 17472K,   0% used [0x00000000e9990000, 0x00000000e9990000, 0x00000000eaaa0000)
 tenured generation   total 349568K, used 339286K [0x00000000eaaa0000, 0x0000000100000000, 0x0000000100000000)
   the space 349568K,  97% used [0x00000000eaaa0000, 0x00000000ff5f5be8, 0x00000000ff5f5c00, 0x0000000100000000)
 Metaspace       used 2712K, capacity 4486K, committed 4864K, reserved 1056768K
  class space    used 295K, capacity 386K, committed 512K, reserved 1048576K
